Archive member included to satisfy reference by file (symbol)

C:/ST/STM32CubeIDE_1.16.1/STM32CubeIDE/plugins/com.st.stm32cube.ide.mcu.externaltools.gnu-tools-for-stm32.12.3.rel1.win32_1.0.200.202406191623/tools/bin/../lib/gcc/arm-none-eabi/12.3.1/../../../../arm-none-eabi/lib/thumb/v7e-m+fp/hard\libc_nano.a(libc_a-assert.o)
                              ./drivers/bsp/stm32g4_flash.o (__assert_func)
C:/ST/STM32CubeIDE_1.16.1/STM32CubeIDE/plugins/com.st.stm32cube.ide.mcu.externaltools.gnu-tools-for-stm32.12.3.rel1.win32_1.0.200.202406191623/tools/bin/../lib/gcc/arm-none-eabi/12.3.1/../../../../arm-none-eabi/lib/thumb/v7e-m+fp/hard\libc_nano.a(libc_a-exit.o)
                              C:/ST/STM32CubeIDE_1.16.1/STM32CubeIDE/plugins/com.st.stm32cube.ide.mcu.externaltools.gnu-tools-for-stm32.12.3.rel1.win32_1.0.200.202406191623/tools/bin/../lib/gcc/arm-none-eabi/12.3.1/../../../../arm-none-eabi/lib/thumb/v7e-m+fp/hard/crt0.o (exit)
C:/ST/STM32CubeIDE_1.16.1/STM32CubeIDE/plugins/com.st.stm32cube.ide.mcu.externaltools.gnu-tools-for-stm32.12.3.rel1.win32_1.0.200.202406191623/tools/bin/../lib/gcc/arm-none-eabi/12.3.1/../../../../arm-none-eabi/lib/thumb/v7e-m+fp/hard\libc_nano.a(libc_a-nano-vfprintf_float.o)
                              (_printf_float)
C:/ST/STM32CubeIDE_1.16.1/STM32CubeIDE/plugins/com.st.stm32cube.ide.mcu.externaltools.gnu-tools-for-stm32.12.3.rel1.win32_1.0.200.202406191623/tools/bin/../lib/gcc/arm-none-eabi/12.3.1/../../../../arm-none-eabi/lib/thumb/v7e-m+fp/hard\libc_nano.a(libc_a-nano-vfprintf_i.o)
                              C:/ST/STM32CubeIDE_1.16.1/STM32CubeIDE/plugins/com.st.stm32cube.ide.mcu.externaltools.gnu-tools-for-stm32.12.3.rel1.win32_1.0.200.202406191623/tools/bin/../lib/gcc/arm-none-eabi/12.3.1/../../../../arm-none-eabi/lib/thumb/v7e-m+fp/hard\libc_nano.a(libc_a-nano-vfprintf_float.o) (_printf_common)
C:/ST/STM32CubeIDE_1.16.1/STM32CubeIDE/plugins/com.st.stm32cube.ide.mcu.externaltools.gnu-tools-for-stm32.12.3.rel1.win32_1.0.200.202406191623/tools/bin/../lib/gcc/arm-none-eabi/12.3.1/../../../../arm-none-eabi/lib/thumb/v7e-m+fp/hard\libc_nano.a(libc_a-findfp.o)
                              C:/ST/STM32CubeIDE_1.16.1/STM32CubeIDE/plugins/com.st.stm32cube.ide.mcu.externaltools.gnu-tools-for-stm32.12.3.rel1.win32_1.0.200.202406191623/tools/bin/../lib/gcc/arm-none-eabi/12.3.1/../../../../arm-none-eabi/lib/thumb/v7e-m+fp/hard\libc_nano.a(libc_a-exit.o) (__stdio_exit_handler)
C:/ST/STM32CubeIDE_1.16.1/STM32CubeIDE/plugins/com.st.stm32cube.ide.mcu.externaltools.gnu-tools-for-stm32.12.3.rel1.win32_1.0.200.202406191623/tools/bin/../lib/gcc/arm-none-eabi/12.3.1/../../../../arm-none-eabi/lib/thumb/v7e-m+fp/hard\libc_nano.a(libc_a-fprintf.o)
                              C:/ST/STM32CubeIDE_1.16.1/STM32CubeIDE/plugins/com.st.stm32cube.ide.mcu.externaltools.gnu-tools-for-stm32.12.3.rel1.win32_1.0.200.202406191623/tools/bin/../lib/gcc/arm-none-eabi/12.3.1/../../../../arm-none-eabi/lib/thumb/v7e-m+fp/hard\libc_nano.a(libc_a-assert.o) (fiprintf)
C:/ST/STM32CubeIDE_1.16.1/STM32CubeIDE/plugins/com.st.stm32cube.ide.mcu.externaltools.gnu-tools-for-stm32.12.3.rel1.win32_1.0.200.202406191623/tools/bin/../lib/gcc/arm-none-eabi/12.3.1/../../../../arm-none-eabi/lib/thumb/v7e-m+fp/hard\libc_nano.a(libc_a-fwalk.o)
                              C:/ST/STM32CubeIDE_1.16.1/STM32CubeIDE/plugins/com.st.stm32cube.ide.mcu.externaltools.gnu-tools-for-stm32.12.3.rel1.win32_1.0.200.202406191623/tools/bin/../lib/gcc/arm-none-eabi/12.3.1/../../../../arm-none-eabi/lib/thumb/v7e-m+fp/hard\libc_nano.a(libc_a-findfp.o) (_fwalk_sglue)
C:/ST/STM32CubeIDE_1.16.1/STM32CubeIDE/plugins/com.st.stm32cube.ide.mcu.externaltools.gnu-tools-for-stm32.12.3.rel1.win32_1.0.200.202406191623/tools/bin/../lib/gcc/arm-none-eabi/12.3.1/../../../../arm-none-eabi/lib/thumb/v7e-m+fp/hard\libc_nano.a(libc_a-printf.o)
                              ./drivers/bsp/stm32g4_flash.o (printf)
C:/ST/STM32CubeIDE_1.16.1/STM32CubeIDE/plugins/com.st.stm32cube.ide.mcu.externaltools.gnu-tools-for-stm32.12.3.rel1.win32_1.0.200.202406191623/tools/bin/../lib/gcc/arm-none-eabi/12.3.1/../../../../arm-none-eabi/lib/thumb/v7e-m+fp/hard\libc_nano.a(libc_a-setvbuf.o)
                              ./drivers/bsp/stm32g4_uart.o (setvbuf)
C:/ST/STM32CubeIDE_1.16.1/STM32CubeIDE/plugins/com.st.stm32cube.ide.mcu.externaltools.gnu-tools-for-stm32.12.3.rel1.win32_1.0.200.202406191623/tools/bin/../lib/gcc/arm-none-eabi/12.3.1/../../../../arm-none-eabi/lib/thumb/v7e-m+fp/hard\libc_nano.a(libc_a-sprintf.o)
                              ./core/Src/main.o (sprintf)
C:/ST/STM32CubeIDE_1.16.1/STM32CubeIDE/plugins/com.st.stm32cube.ide.mcu.externaltools.gnu-tools-for-stm32.12.3.rel1.win32_1.0.200.202406191623/tools/bin/../lib/gcc/arm-none-eabi/12.3.1/../../../../arm-none-eabi/lib/thumb/v7e-m+fp/hard\libc_nano.a(libc_a-stdio.o)
[...]
Memory Configuration

Name             Origin             Length             Attributes
RAM              0x20000000         0x00008000         xrw
START            0x08000000         0x00000800         xr
BOOTLOADER       0x08000800         0x00000800         xr
FLASH            0x08001000         0x0001e800         xr
VIRTUAL_EEPROM   0x0801f800         0x00000800         xr
*default*        0x00000000         0xffffffff

Linker script and memory map

LOAD C:/ST/STM32CubeIDE_1.16.1/STM32CubeIDE/plugins/com.st.stm32cube.ide.mcu.externaltools.gnu-tools-for-stm32.12.3.rel1.win32_1.0.200.202406191623/tools/bin/../lib/gcc/arm-none-eabi/12.3.1/thumb/v7e-m+fp/hard/crti.o
LOAD C:/ST/STM32CubeIDE_1.16.1/STM32CubeIDE/plugins/com.st.stm32cube.ide.mcu.externaltools.gnu-tools-for-stm32.12.3.rel1.win32_1.0.200.202406191623/tools/bin/../lib/gcc/arm-none-eabi/12.3.1/thumb/v7e-m+fp/hard/crtbegin.o
LOAD C:/ST/STM32CubeIDE_1.16.1/STM32CubeIDE/plugins/com.st.stm32cube.ide.mcu.externaltools.gnu-tools-for-stm32.12.3.rel1.win32_1.0.200.202406191623/tools/bin/../lib/gcc/arm-none-eabi/12.3.1/../../../../arm-none-eabi/lib/thumb/v7e-m+fp/hard/crt0.o
LOAD ./core/Src/bouton.o
LOAD ./core/Src/config.o
LOAD ./core/Src/deep.o
LOAD ./core/Src/dma.o
LOAD ./core/Src/eleves.o
LOAD ./core/Src/fonts.o
LOAD ./core/Src/fonts_8x12.o
LOAD ./core/Src/gto.o
LOAD ./core/Src/led.o
LOAD ./core/Src/main.o
LOAD ./core/Src/matieres.o
LOAD ./core/Src/notesmath.o
LOAD ./core/Src/spi.o
LOAD ./core/Src/st7789v.o
LOAD ./core/Src/stm32g4xx_hal_msp.o
LOAD ./core/Src/stm32g4xx_it.o
LOAD ./core/Src/syscalls.o
LOAD ./core/Src/sysmem.o
LOAD ./core/Src/system_stm32g4xx.o
LOAD ./core/Startup/bootloader.o
LOAD ./core/Startup/startup_stm32g431kbtx.o
LOAD ./drivers/bsp/MPU6050/stm32g4_mpu6050.o
LOAD ./drivers/bsp/stm32g4_adc.o
LOAD ./drivers/bsp/stm32g4_dac.o
LOAD ./drivers/bsp/stm32g4_extit.o
LOAD ./drivers/bsp/stm32g4_flash.o
LOAD ./drivers/bsp/stm32g4_gpio.o
LOAD ./drivers/bsp/stm32g4_i2c.o
LOAD ./drivers/bsp/stm32g4_rtc.o
LOAD ./drivers/bsp/stm32g4_spi.o
LOAD ./drivers/bsp/stm32g4_sys.o
LOAD ./drivers/bsp/stm32g4_systick.o
LOAD ./drivers/bsp/stm32g4_timer.o
LOAD ./drivers/bsp/stm32g4_uart.o
LOAD ./drivers/bsp/tft_ili9341/stm32g4_fonts.o
LOAD ./drivers/bsp/tft_ili9341/stm32g4_ili9341.o
LOAD ./drivers/bsp/tft_ili9341/stm32g4_xpt2046.o
LOAD ./drivers/stm32g4xx_hal/Src/stm32g4xx_hal.o
LOAD ./drivers/stm32g4xx_hal/Src/stm32g4xx_hal_adc.o
LOAD ./drivers/stm32g4xx_hal/Src/stm32g4xx_hal_adc_ex.o
LOAD ./drivers/stm32g4xx_hal/Src/stm32g4xx_hal_cortex.o
LOAD ./drivers/stm32g4xx_hal/Src/stm32g4xx_hal_dac.o
LOAD ./drivers/stm32g4xx_hal/Src/stm32g4xx_hal_dac_ex.o
LOAD ./drivers/stm32g4xx_hal/Src/stm32g4xx_hal_dma.o
LOAD ./drivers/stm32g4xx_hal/Src/stm32g4xx_hal_dma_ex.o
LOAD ./drivers/stm32g4xx_hal/Src/stm32g4xx_hal_exti.o
LOAD ./drivers/stm32g4xx_hal/Src/stm32g4xx_hal_flash.o
LOAD ./drivers/stm32g4xx_hal/Src/stm32g4xx_hal_flash_ex.o
LOAD ./drivers/stm32g4xx_hal/Src/stm32g4xx_hal_flash_ramfunc.o
LOAD ./drivers/stm32g4xx_hal/Src/stm32g4xx_hal_gpio.o
LOAD ./drivers/stm32g4xx_hal/Src/stm32g4xx_hal_i2c.o
LOAD ./drivers/stm32g4xx_hal/Src/stm32g4xx_hal_i2c_ex.o
LOAD ./drivers/stm32g4xx_hal/Src/stm32g4xx_hal_pwr.o
LOAD ./drivers/stm32g4xx_hal/Src/stm32g4xx_hal_pwr_ex.o
LOAD ./drivers/stm32g4xx_hal/Src/stm32g4xx_hal_rcc.o
LOAD ./drivers/stm32g4xx_hal/Src/stm32g4xx_hal_rcc_ex.o
LOAD ./drivers/stm32g4xx_hal/Src/stm32g4xx_hal_rng.o
LOAD ./drivers/stm32g4xx_hal/Src/stm32g4xx_hal_rtc.o
LOAD ./drivers/stm32g4xx_hal/Src/stm32g4xx_hal_rtc_ex.o
LOAD ./drivers/stm32g4xx_hal/Src/stm32g4xx_hal_spi.o
LOAD ./drivers/stm32g4xx_hal/Src/stm32g4xx_hal_spi_ex.o
LOAD ./drivers/stm32g4xx_hal/Src/stm32g4xx_hal_tim.o
LOAD ./drivers/stm32g4xx_hal/Src/stm32g4xx_hal_tim_ex.o
LOAD ./drivers/stm32g4xx_hal/Src/stm32g4xx_hal_uart.o
LOAD ./drivers/stm32g4xx_hal/Src/stm32g4xx_hal_uart_ex.o
LOAD ./drivers/stm32g4xx_hal/Src/stm32g4xx_ll_adc.o
START GROUP
LOAD C:/ST/STM32CubeIDE_1.16.1/STM32CubeIDE/plugins/com.st.stm32cube.ide.mcu.externaltools.gnu-tools-for-stm32.12.3.rel1.win32_1.0.200.202406191623/tools/bin/../lib/gcc/arm-none-eabi/12.3.1/../../../../arm-none-eabi/lib/thumb/v7e-m+fp/hard\libc_nano.a
LOAD C:/ST/STM32CubeIDE_1.16.1/STM32CubeIDE/plugins/com.st.stm32cube.ide.mcu.externaltools.gnu-tools-for-stm32.12.3.rel1.win32_1.0.200.202406191623/tools/bin/../lib/gcc/arm-none-eabi/12.3.1/../../../../arm-none-eabi/lib/thumb/v7e-m+fp/hard\libm.a
END GROUP
START GROUP
LOAD C:/ST/STM32CubeIDE_1.16.1/STM32CubeIDE/plugins/com.st.stm32cube.ide.mcu.externaltools.gnu-tools-for-stm32.12.3.rel1.win32_1.0.200.202406191623/tools/bin/../lib/gcc/arm-none-eabi/12.3.1/thumb/v7e-m+fp/hard\libgcc.a
LOAD C:/ST/STM32CubeIDE_1.16.1/STM32CubeIDE/plugins/com.st.stm32cube.ide.mcu.externaltools.gnu-tools-for-stm32.12.3.rel1.win32_1.0.200.202406191623/tools/bin/../lib/gcc/arm-none-eabi/12.3.1/../../../../arm-none-eabi/lib/thumb/v7e-m+fp/hard\libc_nano.a
END GROUP
START GROUP
LOAD C:/ST/STM32CubeIDE_1.16.1/STM32CubeIDE/plugins/com.st.stm32cube.ide.mcu.externaltools.gnu-tools-for-stm32.12.3.rel1.win32_1.0.200.202406191623/tools/bin/../lib/gcc/arm-none-eabi/12.3.1/thumb/v7e-m+fp/hard\libgcc.a
LOAD C:/ST/STM32CubeIDE_1.16.1/STM32CubeIDE/plugins/com.st.stm32cube.ide.mcu.externaltools.gnu-tools-for-stm32.12.3.rel1.win32_1.0.200.202406191623/tools/bin/../lib/gcc/arm-none-eabi/12.3.1/../../../../arm-none-eabi/lib/thumb/v7e-m+fp/hard\libc_nano.a
LOAD C:/ST/STM32CubeIDE_1.16.1/STM32CubeIDE/plugins/com.st.stm32cube.ide.mcu.externaltools.gnu-tools-for-stm32.12.3.rel1.win32_1.0.200.202406191623/tools/bin/../lib/gcc/arm-none-eabi/12.3.1/../../../../arm-none-eabi/lib/thumb/v7e-m+fp/hard\libnosys.a
END GROUP
START GROUP
LOAD C:/ST/STM32CubeIDE_1.16.1/STM32CubeIDE/plugins/com.st.stm32cube.ide.mcu.externaltools.gnu-tools-for-stm32.12.3.rel1.win32_1.0.200.202406191623/tools/bin/../lib/gcc/arm-none-eabi/12.3.1/thumb/v7e-m+fp/hard\libgcc.a
LOAD C:/ST/STM32CubeIDE_1.16.1/STM32CubeIDE/plugins/com.st.stm32cube.ide.mcu.externaltools.gnu-tools-for-stm32.12.3.rel1.win32_1.0.200.202406191623/tools/bin/../lib/gcc/arm-none-eabi/12.3.1/../../../../arm-none-eabi/lib/thumb/v7e-m+fp/hard\libc_nano.a
LOAD C:/ST/STM32CubeIDE_1.16.1/STM32CubeIDE/plugins/com.st.stm32cube.ide.mcu.externaltools.gnu-tools-for-stm32.12.3.rel1.win32_1.0.200.202406191623/tools/bin/../lib/gcc/arm-none-eabi/12.3.1/../../../../arm-none-eabi/lib/thumb/v7e-m+fp/hard\libnosys.a
END GROUP
LOAD C:/ST/STM32CubeIDE_1.16.1/STM32CubeIDE/plugins/com.st.stm32cube.ide.mcu.externaltools.gnu-tools-for-stm32.12.3.rel1.win32_1.0.200.202406191623/tools/bin/../lib/gcc/arm-none-eabi/12.3.1/thumb/v7e-m+fp/hard/crtend.o
LOAD C:/ST/STM32CubeIDE_1.16.1/STM32CubeIDE/plugins/com.st.stm32cube.ide.mcu.externaltools.gnu-tools-for-stm32.12.3.rel1.win32_1.0.200.202406191623/tools/bin/../lib/gcc/arm-none-eabi/12.3.1/thumb/v7e-m+fp/hard/crtn.o
                0x20008000                        _estack = (ORIGIN (RAM) + LENGTH (RAM))
                0x00000200                        _Min_Heap_Size = 0x200
                0x00000400                        _Min_Stack_Size = 0x400
                0x20007c00                        __Stack_Init = (_estack - _Min_Stack_Size)

.isr_vector     0x08000000      0x1d8
                0x08000000                        . = ALIGN (0x4)
 *(.isr_vector)
 .isr_vector    0x08000000      0x1d8 ./core/Startup/startup_stm32g431kbtx.o
                0x08000000                g_pfnVectors
                0x080001d8                        . = ALIGN (0x4)

.startup        0x080001d8       0x84
                0x080001d8                        . = ALIGN (0x4)
 *(.startup)
 .startup       0x080001d8        0xe ./core/Startup/startup_stm32g431kbtx.o
                0x080001d8                Delay_us
 *(.startup*)
 *fill*         0x080001e6        0x2 
 .startup.Reset_Handler
                0x080001e8       0x70 ./core/Startup/startup_stm32g431kbtx.o
                0x080001e8                Reset_Handler
 .startup.Default_Handler
                0x08000258        0x2 ./core/Startup/startup_stm32g431kbtx.o
                0x08000258                RTC_Alarm_IRQHandler
                0x08000258                EXTI2_IRQHandler
                0x08000258                TIM8_TRG_COM_IRQHandler
                0x08000258                TIM8_CC_IRQHandler
                0x08000258                TIM1_CC_IRQHandler
                0x08000258                USB_HP_IRQHandler
                0x08000258                CORDIC_IRQHandler
                0x08000258                EXTI3_IRQHandler
                0x08000258                I2C3_ER_IRQHandler
                0x08000258                EXTI0_IRQHandler
                0x08000258                I2C2_EV_IRQHandler
                0x08000258                FPU_IRQHandler
                0x08000258                FDCAN1_IT1_IRQHandler
                0x08000258                ADC1_2_IRQHandler
                0x08000258                TIM8_UP_IRQHandler
                0x08000258                DMA2_Channel2_IRQHandler
                0x08000258                DMA1_Channel4_IRQHandler
                0x08000258                USART3_IRQHandler
                0x08000258                DMA2_Channel1_IRQHandler
                0x08000258                I2C1_EV_IRQHandler
                0x08000258                DMA1_Channel6_IRQHandler
                0x08000258                UART4_IRQHandler
                0x08000258                DMA2_Channel4_IRQHandler
                0x08000258                RCC_IRQHandler
                0x08000258                DMA1_Channel1_IRQHandler
                0x08000258                Default_Handler
                0x08000258                RTC_TAMP_LSECSS_IRQHandler
                0x08000258                FMAC_IRQHandler
                0x08000258                EXTI15_10_IRQHandler
                0x08000258                TIM7_IRQHandler
                0x08000258                UCPD1_IRQHandler
                0x08000258                I2C3_EV_IRQHandler
                0x08000258                EXTI9_5_IRQHandler
                0x08000258                RTC_WKUP_IRQHandler
                0x08000258                PVD_PVM_IRQHandler
                0x08000258                SPI2_IRQHandler
                0x08000258                DMA2_Channel5_IRQHandler
                0x08000258                CRS_IRQHandler
                0x08000258                DMA1_Channel5_IRQHandler
                0x08000258                USB_LP_IRQHandler
                0x08000258                EXTI4_IRQHandler
                0x08000258                RNG_IRQHandler
                0x08000258                TIM1_TRG_COM_TIM17_IRQHandler
                0x08000258                WWDG_IRQHandler
                0x08000258                LPUART1_IRQHandler
                0x08000258                DMA2_Channel6_IRQHandler
                0x08000258                FDCAN1_IT0_IRQHandler
                0x08000258                COMP1_2_3_IRQHandler
                0x08000258                EXTI1_IRQHandler
                0x08000258                I2C2_ER_IRQHandler
                0x08000258                TIM8_BRK_IRQHandler
                0x08000258                FLASH_IRQHandler
                0x08000258                SPI3_IRQHandler
                0x08000258                I2C1_ER_IRQHandler
                0x08000258                LPTIM1_IRQHandler
                0x08000258                DMAMUX_OVR_IRQHandler
                0x08000258                USBWakeUp_IRQHandler
                0x08000258                SAI1_IRQHandler
                0x08000258                DMA2_Channel3_IRQHandler
                0x08000258                COMP4_IRQHandler
                0x08000258                TIM1_BRK_TIM15_IRQHandler
                0x0800025c                        . = ALIGN (0x4)
 *fill*         0x0800025a        0x2 

.bootloader     0x08000800      0x694
                0x08000800                        . = ALIGN (0x4)
 *(.bootloader.begin)
 .bootloader.begin
                0x08000800      0x278 ./core/Startup/bootloader.o
                0x08000800                bootloader
 *(.bootloader)
 .bootloader    0x08000a78      0x41c ./core/Startup/bootloader.o
                0x08000e94                        . = ALIGN (0x4)

.text           0x08001000     0x634c
                0x08001000                        . = ALIGN (0x4)
 *(.text)
 .text          0x08001000       0x40 C:/ST/STM32CubeIDE_1.16.1/STM32CubeIDE/plugins/com.st.stm32cube.ide.mcu.externaltools.gnu-tools-for-stm32.12.3.rel1.win32_1.0.200.202406191623/tools/bin/../lib/gcc/arm-none-eabi/12.3.1/thumb/v7e-m+fp/hard/crtbegin.o
 .text          0x08001040       0xa0 C:/ST/STM32CubeIDE_1.16.1/STM32CubeIDE/plugins/com.st.stm32cube.ide.mcu.externaltools.gnu-tools-for-stm32.12.3.rel1.win32_1.0.200.202406191623/tools/bin/../lib/gcc/arm-none-eabi/12.3.1/../../../../arm-none-eabi/lib/thumb/v7e-m+fp/hard\libc_nano.a(libc_a-memchr.o)
                0x08001040                memchr
 .text          0x080010e0       0x10 C:/ST/STM32CubeIDE_1.16.1/STM32CubeIDE/plugins/com.st.stm32cube.ide.mcu.externaltools.gnu-tools-for-stm32.12.3.rel1.win32_1.0.200.202406191623/tools/bin/../lib/gcc/arm-none-eabi/12.3.1/../../../../arm-none-eabi/lib/thumb/v7e-m+fp/hard\libc_nano.a(libc_a-strlen.o)
                0x080010e0                strlen
 .text          0x080010f0      0x378 C:/ST/STM32CubeIDE_1.16.1/STM32CubeIDE/plugins/com.st.stm32cube.ide.mcu.externaltools.gnu-tools-for-stm32.12.3.rel1.win32_1.0.200.202406191623/tools/bin/../lib/gcc/arm-none-eabi/12.3.1/thumb/v7e-m+fp/hard\libgcc.a(_arm_addsubdf3.o)
                0x080010f0                __aeabi_drsub
                0x080010f8                __aeabi_dsub
                0x080010f8                __subdf3
                0x080010fc                __aeabi_dadd
                0x080010fc                __adddf3
                0x08001374                __floatunsidf
                0x08001374                __aeabi_ui2d
                0x08001394                __floatsidf
                0x08001394                __aeabi_i2d
                0x080013b8                __aeabi_f2d
                0x080013b8                __extendsfdf2
                0x080013fc                __floatundidf
                0x080013fc                __aeabi_ul2d
                0x0800140c                __floatdidf
                0x0800140c                __aeabi_l2d
 .text          0x08001468      0x424 C:/ST/STM32CubeIDE_1.16.1/STM32CubeIDE/plugins/com.st.stm32cube.ide.mcu.externaltools.gnu-tools-for-stm32.12.3.rel1.win32_1.0.200.202406191623/tools/bin/../lib/gcc/arm-none-eabi/12.3.1/thumb/v7e-m+fp/hard\libgcc.a(_arm_muldivdf3.o)
                0x08001468                __aeabi_dmul
                0x08001468                __muldf3
                0x080016bc                __divdf3
                0x080016bc                __aeabi_ddiv
 .text          0x0800188c      0x110 C:/ST/STM32CubeIDE_1.16.1/STM32CubeIDE/plugins/com.st.stm32cube.ide.mcu.externaltools.gnu-tools-for-stm32.12.3.rel1.win32_1.0.200.202406191623/tools/bin/../lib/gcc/arm-none-eabi/12.3.1/thumb/v7e-m+fp/hard\libgcc.a(_arm_cmpdf2.o)
                0x0800188c                __gtdf2
                0x0800188c                __gedf2
                0x08001894                __ltdf2
                0x08001894                __ledf2
                0x0800189c                __nedf2
                0x0800189c                __eqdf2
                0x0800189c                __cmpdf2
                0x08001918                __aeabi_cdrcmple
                0x08001928                __aeabi_cdcmpeq
                0x08001928                __aeabi_cdcmple
                0x08001938                __aeabi_dcmpeq
                0x0800194c                __aeabi_dcmplt
                0x08001960                __aeabi_dcmple
                0x08001974                __aeabi_dcmpge
                0x08001988                __aeabi_dcmpgt
 .text          0x0800199c       0x2c C:/ST/STM32CubeIDE_1.16.1/STM32CubeIDE/plugins/com.st.stm32cube.ide.mcu.externaltools.gnu-tools-for-stm32.12.3.rel1.win32_1.0.200.202406191623/tools/bin/../lib/gcc/arm-none-eabi/12.3.1/thumb/v7e-m+fp/hard\libgcc.a(_arm_unorddf2.o)
                0x0800199c                __unorddf2
                0x0800199c                __aeabi_dcmpun
 .text          0x080019c8       0x50 C:/ST/STM32CubeIDE_1.16.1/STM32CubeIDE/plugins/com.st.stm32cube.ide.mcu.externaltools.gnu-tools-for-stm32.12.3.rel1.win32_1.0.200.202406191623/tools/bin/../lib/gcc/arm-none-eabi/12.3.1/thumb/v7e-m+fp/hard\libgcc.a(_arm_fixdfsi.o)
                0x080019c8                __aeabi_d2iz
                0x080019c8                __fixdfsi
 .text          0x08001a18       0x40 C:/ST/STM32CubeIDE_1.16.1/STM32CubeIDE/plugins/com.st.stm32cube.ide.mcu.externaltools.gnu-tools-for-stm32.12.3.rel1.win32_1.0.200.202406191623/tools/bin/../lib/gcc/arm-none-eabi/12.3.1/thumb/v7e-m+fp/hard\libgcc.a(_arm_fixunsdfsi.o)
                0x08001a18                __aeabi_d2uiz
                0x08001a18                __fixunsdfsi
 *(.text*)
 .text.Button_READ
                0x08001a58       0x18 ./core/Src/bouton.o
                0x08001a58                Button_READ
 .text.MX_ST7789_GPIO_Init
                0x08001a70       0x56 ./core/Src/config.o
                0x08001a70                MX_ST7789_GPIO_Init
 *fill*         0x08001ac6        0x2 
 .text.MX_LED_GPIO_Init
                0x08001ac8       0x44 ./core/Src/config.o
                0x08001ac8                MX_LED_GPIO_Init
 .text.MX_Button_Init
                0x08001b0c       0x44 ./core/Src/config.o
                0x08001b0c                MX_Button_Init
 .text.getEleveName
                0x08001b50       0x14 ./core/Src/eleves.o
                0x08001b50                getEleveName
 .text.displayEleve
                0x08001b64       0x30 ./core/Src/eleves.o
                0x08001b64                displayEleve
 .text.ST7789_WriteChar
                0x08001b94       0x92 ./core/Src/fonts.o
                0x08001b94                ST7789_WriteChar
 .text.ST7789_WriteString
                0x08001c26       0x4c ./core/Src/fonts.o
                0x08001c26                ST7789_WriteString
 *fill*         0x08001c72        0x6 
 .text.afficher_ecran_gto
                0x08001c78      0x368 ./core/Src/gto.o
                0x08001c78                afficher_ecran_gto
 .text.allumer_led
                0x08001fe0       0x14 ./core/Src/led.o
                0x08001fe0                allumer_led
 .text.eteindre_led
                0x08001ff4       0x14 ./core/Src/led.o
                0x08001ff4                eteindre_led
 .text.afficher_elements
                0x08002008       0x70 ./core/Src/main.o
                0x08002008                afficher_elements
 .text.animation_chargement
                0x08002078      0x144 ./core/Src/main.o
                0x08002078                animation_chargement
 .text.afficher_matieres
                0x080021bc       0x48 ./core/Src/main.o
                0x080021bc                afficher_matieres
 .text.attendre_appui_long
                0x08002204       0x3a ./core/Src/main.o
                0x08002204                attendre_appui_long
 *fill*         0x0800223e        0x2 
 .text.traitement_appui_long
                0x08002240       0xfc ./core/Src/main.o
                0x08002240                traitement_appui_long
 .text.main     0x0800233c      0x148 ./core/Src/main.o
                0x0800233c                main
 .text.getMatiereName
                0x08002484       0x18 ./core/Src/matieres.o
                0x08002484                getMatiereName
 .text.displayMatiere
                0x0800249c       0x30 ./core/Src/matieres.o
                0x0800249c                displayMatiere
 .text.displayNote
                0x080024cc       0x54 ./core/Src/notesmath.o
                0x080024cc                displayNote
 .text.MX_SPI1_Init
                0x08002520       0x48 ./core/Src/spi.o
                0x08002520                MX_SPI1_Init
 .text.ST7789_SendCommand
                0x08002568       0x48 ./core/Src/st7789v.o
                0x08002568                ST7789_SendCommand
 .text.ST7789_SendData
                0x080025b0       0x40 ./core/Src/st7789v.o
                0x080025b0                ST7789_SendData
 .text.ST7789_Reset
                0x080025f0       0x28 ./core/Src/st7789v.o
                0x080025f0                ST7789_Reset
 .text.ST7789_SetAddressWindow
                0x08002618       0x5e ./core/Src/st7789v.o
                0x08002618                ST7789_SetAddressWindow
 *fill*         0x08002676        0x2 
 .text.ST7789_DrawPixel
                0x08002678       0x60 ./core/Src/st7789v.o
                0x08002678                ST7789_DrawPixel
 .text.ST7789_FillColor_Landscape
                0x080026d8       0x64 ./core/Src/st7789v.o
                0x080026d8                ST7789_FillColor_Landscape
 .text.ST7789_SetRotation
                0x0800273c       0x94 ./core/Src/st7789v.o
                0x0800273c                ST7789_SetRotation
 .text.ST7789_Init
                0x080027d0       0x3c ./core/Src/st7789v.o
                0x080027d0                ST7789_Init
 .text.HAL_MspInit
                0x0800280c       0x3c ./core/Src/stm32g4xx_hal_msp.o
                0x0800280c                HAL_MspInit
 .text.HAL_SPI_MspInit
                0x08002848       0x68 ./core/Src/stm32g4xx_hal_msp.o
                0x08002848                HAL_SPI_MspInit
 .text.DMA1_Channel2_IRQHandler
                0x080028b0       0x10 ./core/Src/stm32g4xx_it.o
                0x080028b0                DMA1_Channel2_IRQHandler
 .text.DMA1_Channel3_IRQHandler
                0x080028c0       0x10 ./core/Src/stm32g4xx_it.o
                0x080028c0                DMA1_Channel3_IRQHandler
 .text.SPI1_IRQHandler
                0x080028d0       0x10 ./core/Src/stm32g4xx_it.o
                0x080028d0                SPI1_IRQHandler
 .text.NMI_Handler
                0x080028e0        0x2 ./core/Src/stm32g4xx_it.o
                0x080028e0                NMI_Handler
 .text.HardFault_Handler
                0x080028e2        0x2 ./core/Src/stm32g4xx_it.o
                0x080028e2                HardFault_Handler
 .text.MemManage_Handler
                0x080028e4        0x2 ./core/Src/stm32g4xx_it.o
                0x080028e4                MemManage_Handler
 .text.BusFault_Handler
                0x080028e6        0x2 ./core/Src/stm32g4xx_it.o
                0x080028e6                BusFault_Handler
 .text.UsageFault_Handler
                0x080028e8        0x2 ./core/Src/stm32g4xx_it.o
                0x080028e8                UsageFault_Handler
 .text.SVC_Handler
                0x080028ea        0x2 ./core/Src/stm32g4xx_it.o
                0x080028ea                SVC_Handler
 .text.DebugMon_Handler
                0x080028ec        0x2 ./core/Src/stm32g4xx_it.o
                0x080028ec                DebugMon_Handler
 .text.PendSV_Handler
                0x080028ee        0x2 ./core/Src/stm32g4xx_it.o
                0x080028ee                PendSV_Handler
 .text._getpid  0x080028f0        0x4 ./core/Src/syscalls.o
                0x080028f0                _getpid
 .text._kill    0x080028f4       0x10 ./core/Src/syscalls.o
                0x080028f4                _kill
 .text._exit    0x08002904        0xc ./core/Src/syscalls.o
                0x08002904                _exit
 .text._close   0x08002910        0x6 ./core/Src/syscalls.o
                0x08002910                _close
 .text._fstat   0x08002916        0xa ./core/Src/syscalls.o
                0x08002916                _fstat
 .text._isatty  0x08002920        0x4 ./core/Src/syscalls.o
                0x08002920                _isatty
 .text._lseek   0x08002924        0x4 ./core/Src/syscalls.o
                0x08002924                _lseek
 .text._sbrk    0x08002928       0x48 ./core/Src/sysmem.o
                0x08002928                _sbrk
 .text.SystemInit
                0x08002970       0x14 ./core/Src/system_stm32g4xx.o
                0x08002970                SystemInit
 .text._read    0x08002984       0x48 ./drivers/bsp/stm32g4_sys.o
                0x08002984                _read
 .text._write   0x080029cc       0x5c ./drivers/bsp/stm32g4_sys.o
                0x080029cc                _write
 .text.Error_Handler
                0x08002a28        0x4 ./drivers/bsp/stm32g4_sys.o
                0x08002a28                Error_Handler
 .text.SystemClock_Config
                0x08002a2c       0x70 ./drivers/bsp/stm32g4_sys.o
                0x08002a2c                SystemClock_Config
 .text.BSP_systick_init
                0x08002a9c       0x34 ./drivers/bsp/stm32g4_systick.o
                0x08002a9c                BSP_systick_init
 .text.SysTick_Handler
                0x08002ad0       0x38 ./drivers/bsp/stm32g4_systick.o
                0x08002ad0                SysTick_Handler
 .text.TIMER1_user_handler_it
                0x08002b08        0x2 ./drivers/bsp/stm32g4_timer.o
                0x08002b08                TIMER1_user_handler_it
 .text.TIMER2_user_handler_it
                0x08002b0a        0x2 ./drivers/bsp/stm32g4_timer.o
                0x08002b0a                TIMER2_user_handler_it
 .text.TIMER3_user_handler_it
                0x08002b0c        0x2 ./drivers/bsp/stm32g4_timer.o
                0x08002b0c                TIMER3_user_handler_it
 .text.TIMER4_user_handler_it
                0x08002b0e        0x2 ./drivers/bsp/stm32g4_timer.o
                0x08002b0e                TIMER4_user_handler_it
 .text.TIMER6_user_handler_it
                0x08002b10        0x2 ./drivers/bsp/stm32g4_timer.o
                0x08002b10                TIMER6_user_handler_it
 *fill*         0x08002b12        0x2 
 .text.TIM1_UP_TIM16_IRQHandler
                0x08002b14       0x20 ./drivers/bsp/stm32g4_timer.o
                0x08002b14                TIM1_UP_TIM16_IRQHandler
 .text.TIM2_IRQHandler
                0x08002b34       0x20 ./drivers/bsp/stm32g4_timer.o
                0x08002b34                TIM2_IRQHandler
 .text.TIM3_IRQHandler
                0x08002b54       0x24 ./drivers/bsp/stm32g4_timer.o
                0x08002b54                TIM3_IRQHandler
 .text.TIM4_IRQHandler
                0x08002b78       0x24 ./drivers/bsp/stm32g4_timer.o
                0x08002b78                TIM4_IRQHandler
 .text.TIM6_DAC_IRQHandler
                0x08002b9c       0x24 ./drivers/bsp/stm32g4_timer.o
                0x08002b9c                TIM6_DAC_IRQHandler
 .text.__NVIC_EnableIRQ
                0x08002bc0       0x1c ./drivers/bsp/stm32g4_uart.o
 .text.__NVIC_DisableIRQ
                0x08002bdc       0x24 ./drivers/bsp/stm32g4_uart.o
 .text.BSP_UART_data_ready
                0x08002c00       0x28 ./drivers/bsp/stm32g4_uart.o
                0x08002c00                BSP_UART_data_ready
 .text.BSP_UART_get_next_byte
                0x08002c28       0x80 ./drivers/bsp/stm32g4_uart.o
                0x08002c28                BSP_UART_get_next_byte
 .text.BSP_UART_putc
                0x08002ca8       0x68 ./drivers/bsp/stm32g4_uart.o
                0x08002ca8                BSP_UART_putc
 .text.USART1_IRQHandler
                0x08002d10       0x10 ./drivers/bsp/stm32g4_uart.o
                0x08002d10                USART1_IRQHandler
 .text.USART2_IRQHandler
                0x08002d20       0x10 ./drivers/bsp/stm32g4_uart.o
                0x08002d20                USART2_IRQHandler
 .text.HAL_InitTick
                0x08002d30       0x50 ./drivers/stm32g4xx_hal/Src/stm32g4xx_hal.o
                0x08002d30                HAL_InitTick
 .text.HAL_Init
                0x08002d80       0x1e ./drivers/stm32g4xx_hal/Src/stm32g4xx_hal.o
                0x08002d80                HAL_Init
 *fill*         0x08002d9e        0x2 
 .text.HAL_IncTick
                0x08002da0       0x18 ./drivers/stm32g4xx_hal/Src/stm32g4xx_hal.o
                0x08002da0                HAL_IncTick
 .text.HAL_GetTick
                0x08002db8        0xc ./drivers/stm32g4xx_hal/Src/stm32g4xx_hal.o
                0x08002db8                HAL_GetTick
 .text.HAL_Delay
                0x08002dc4       0x28 ./drivers/stm32g4xx_hal/Src/stm32g4xx_hal.o
                0x08002dc4                HAL_Delay
 .text.__NVIC_SetPriority
                0x08002dec       0x28 ./drivers/stm32g4xx_hal/Src/stm32g4xx_hal_cortex.o
 .text.NVIC_EncodePriority
                0x08002e14       0x3e ./drivers/stm32g4xx_hal/Src/stm32g4xx_hal_cortex.o
 *fill*         0x08002e52        0x2 
 .text.HAL_NVIC_SetPriorityGrouping
                0x08002e54       0x24 ./drivers/stm32g4xx_hal/Src/stm32g4xx_hal_cortex.o
                0x08002e54                HAL_NVIC_SetPriorityGrouping
 .text.HAL_NVIC_SetPriority
                0x08002e78       0x20 ./drivers/stm32g4xx_hal/Src/stm32g4xx_hal_cortex.o
                0x08002e78                HAL_NVIC_SetPriority
 .text.HAL_SYSTICK_Config
                0x08002e98       0x28 ./drivers/stm32g4xx_hal/Src/stm32g4xx_hal_cortex.o
                0x08002e98                HAL_SYSTICK_Config
 .text.HAL_DMA_Abort
                0x08002ec0       0x6c ./drivers/stm32g4xx_hal/Src/stm32g4xx_hal_dma.o
                0x08002ec0                HAL_DMA_Abort
 .text.HAL_DMA_Abort_IT
                0x08002f2c       0x7e ./drivers/stm32g4xx_hal/Src/stm32g4xx_hal_dma.o
                0x08002f2c                HAL_DMA_Abort_IT
 .text.HAL_DMA_IRQHandler
                0x08002faa       0xc4 ./drivers/stm32g4xx_hal/Src/stm32g4xx_hal_dma.o
                0x08002faa                HAL_DMA_IRQHandler
 *fill*         0x0800306e        0x2 
 .text.HAL_GPIO_Init
                0x08003070      0x1d4 ./drivers/stm32g4xx_hal/Src/stm32g4xx_hal_gpio.o
                0x08003070                HAL_GPIO_Init
 .text.HAL_GPIO_ReadPin
                0x08003244        0xe ./drivers/stm32g4xx_hal/Src/stm32g4xx_hal_gpio.o
                0x08003244                HAL_GPIO_ReadPin
 .text.HAL_GPIO_WritePin
                0x08003252        0xa ./drivers/stm32g4xx_hal/Src/stm32g4xx_hal_gpio.o
                0x08003252                HAL_GPIO_WritePin
 .text.HAL_PWREx_ControlVoltageScaling
                0x0800325c      0x10c ./drivers/stm32g4xx_hal/Src/stm32g4xx_hal_pwr_ex.o
                0x0800325c                HAL_PWREx_ControlVoltageScaling
 .text.RCC_GetSysClockFreqFromPLLSource
                0x08003368       0x58 ./drivers/stm32g4xx_hal/Src/stm32g4xx_hal_rcc.o
 .text.HAL_RCC_OscConfig
                0x080033c0      0x4e4 ./drivers/stm32g4xx_hal/Src/stm32g4xx_hal_rcc.o
                0x080033c0                HAL_RCC_OscConfig
 .text.HAL_RCC_GetSysClockFreq
                0x080038a4       0x88 ./drivers/stm32g4xx_hal/Src/stm32g4xx_hal_rcc.o
                0x080038a4                HAL_RCC_GetSysClockFreq
 .text.HAL_RCC_ClockConfig
                0x0800392c      0x1f8 ./drivers/stm32g4xx_hal/Src/stm32g4xx_hal_rcc.o
                0x0800392c                HAL_RCC_ClockConfig
 .text.SPI_WaitFlagStateUntilTimeout
                0x08003b24       0xc8 ./drivers/stm32g4xx_hal/Src/stm32g4xx_hal_spi.o
 .text.SPI_WaitFifoStateUntilTimeout
                0x08003bec       0xf0 ./drivers/stm32g4xx_hal/Src/stm32g4xx_hal_spi.o
 .text.SPI_EndRxTxTransaction
                0x08003cdc       0x62 ./drivers/stm32g4xx_hal/Src/stm32g4xx_hal_spi.o
 .text.HAL_SPI_Init
                0x08003d3e       0xe8 ./drivers/stm32g4xx_hal/Src/stm32g4xx_hal_spi.o
                0x08003d3e                HAL_SPI_Init
 .text.HAL_SPI_Transmit
                0x08003e26      0x1fe ./drivers/stm32g4xx_hal/Src/stm32g4xx_hal_spi.o
                0x08003e26                HAL_SPI_Transmit
 .text.HAL_SPI_ErrorCallback
                0x08004024        0x2 ./drivers/stm32g4xx_hal/Src/stm32g4xx_hal_spi.o
                0x08004024                HAL_SPI_ErrorCallback
 *fill*         0x08004026        0x2 
 .text.HAL_SPI_IRQHandler
                0x08004028      0x118 ./drivers/stm32g4xx_hal/Src/stm32g4xx_hal_spi.o
                0x08004028                HAL_SPI_IRQHandler
 .text.SPI_DMAAbortOnError
                0x08004140       0x12 ./drivers/stm32g4xx_hal/Src/stm32g4xx_hal_spi.o
 .text.UART_EndRxTransfer
                0x08004152       0x56 ./drivers/stm32g4xx_hal/Src/stm32g4xx_hal_uart.o
 .text.HAL_UART_TxCpltCallback
                0x080041a8        0x2 ./drivers/stm32g4xx_hal/Src/stm32g4xx_hal_uart.o
                0x080041a8                HAL_UART_TxCpltCallback
 .text.UART_EndTransmit_IT
                0x080041aa       0x24 ./drivers/stm32g4xx_hal/Src/stm32g4xx_hal_uart.o
 .text.HAL_UART_ErrorCallback
                0x080041ce        0x2 ./drivers/stm32g4xx_hal/Src/stm32g4xx_hal_uart.o
                0x080041ce                HAL_UART_ErrorCallback
 .text.UART_DMAAbortOnError
                0x080041d0       0x14 ./drivers/stm32g4xx_hal/Src/stm32g4xx_hal_uart.o
 .text.HAL_UARTEx_RxEventCallback
                0x080041e4        0x2 ./drivers/stm32g4xx_hal/Src/stm32g4xx_hal_uart.o
                0x080041e4                HAL_UARTEx_RxEventCallback
 *fill*         0x080041e6        0x2 
 .text.HAL_UART_IRQHandler
                0x080041e8      0x344 ./drivers/stm32g4xx_hal/Src/stm32g4xx_hal_uart.o
                0x080041e8                HAL_UART_IRQHandler
 .text.UART_WaitOnFlagUntilTimeout
                0x0800452c       0x9e ./drivers/stm32g4xx_hal/Src/stm32g4xx_hal_uart.o
                0x0800452c                UART_WaitOnFlagUntilTimeout
 .text.HAL_UART_Transmit
                0x080045ca       0xd2 ./drivers/stm32g4xx_hal/Src/stm32g4xx_hal_uart.o
                0x080045ca                HAL_UART_Transmit
 .text.HAL_UARTEx_WakeupCallback
                0x0800469c        0x2 ./drivers/stm32g4xx_hal/Src/stm32g4xx_hal_uart_ex.o
                0x0800469c                HAL_UARTEx_WakeupCallback
 .text.HAL_UARTEx_RxFifoFullCallback
                0x0800469e        0x2 ./drivers/stm32g4xx_hal/Src/stm32g4xx_hal_uart_ex.o
                0x0800469e                HAL_UARTEx_RxFifoFullCallback
 .text.HAL_UARTEx_TxFifoEmptyCallback
                0x080046a0        0x2 ./drivers/stm32g4xx_hal/Src/stm32g4xx_hal_uart_ex.o
                0x080046a0                HAL_UARTEx_TxFifoEmptyCallback
 *fill*         0x080046a2        0x2 
 .text.__assert_func
                0x080046a4       0x3c C:/ST/STM32CubeIDE_1.16.1/STM32CubeIDE/plugins/com.st.stm32cube.ide.mcu.externaltools.gnu-tools-for-stm32.12.3.rel1.win32_1.0.200.202406191623/tools/bin/../lib/gcc/arm-none-eabi/12.3.1/../../../../arm-none-eabi/lib/thumb/v7e-m+fp/hard\libc_nano.a(libc_a-assert.o)
                0x080046a4                __assert_func
 .text.__cvt    0x080046e0       0xca C:/ST/STM32CubeIDE_1.16.1/STM32CubeIDE/plugins/com.st.stm32cube.ide.mcu.externaltools.gnu-tools-for-stm32.12.3.rel1.win32_1.0.200.202406191623/tools/bin/../lib/gcc/arm-none-eabi/12.3.1/../../../../arm-none-eabi/lib/thumb/v7e-m+fp/hard\libc_nano.a(libc_a-nano-vfprintf_float.o)
                0x080046e0                __cvt
 .text.__exponent
                0x080047aa       0x74 C:/ST/STM32CubeIDE_1.16.1/STM32CubeIDE/plugins/com.st.stm32cube.ide.mcu.externaltools.gnu-tools-for-stm32.12.3.rel1.win32_1.0.200.202406191623/tools/bin/../lib/gcc/arm-none-eabi/12.3.1/../../../../arm-none-eabi/lib/thumb/v7e-m+fp/hard\libc_nano.a(libc_a-nano-vfprintf_float.o)
                0x080047aa                __exponent
 *fill*         0x0800481e        0x2 
 .text._printf_float
                0x08004820      0x454 C:/ST/STM32CubeIDE_1.16.1/STM32CubeIDE/plugins/com.st.stm32cube.ide.mcu.externaltools.gnu-tools-for-stm32.12.3.rel1.win32_1.0.200.202406191623/tools/bin/../lib/gcc/arm-none-eabi/12.3.1/../../../../arm-none-eabi/lib/thumb/v7e-m+fp/hard\libc_nano.a(libc_a-nano-vfprintf_float.o)
                0x08004820                _printf_float
 .text._printf_common
                0x08004c74       0xda C:/ST/STM32CubeIDE_1.16.1/STM32CubeIDE/plugins/com.st.stm32cube.ide.mcu.externaltools.gnu-tools-for-stm32.12.3.rel1.win32_1.0.200.202406191623/tools/bin/../lib/gcc/arm-none-eabi/12.3.1/../../../../arm-none-eabi/lib/thumb/v7e-m+fp/hard\libc_nano.a(libc_a-nano-vfprintf_i.o)
                0x08004c74                _printf_common
 *fill*         0x08004d4e        0x2 
 .text._printf_i
                0x08004d50      0x240 C:/ST/STM32CubeIDE_1.16.1/STM32CubeIDE/plugins/com.st.stm32cube.ide.mcu.externaltools.gnu-tools-for-stm32.12.3.rel1.win32_1.0.200.202406191623/tools/bin/../lib/gcc/arm-none-eabi/12.3.1/../../../../arm-none-eabi/lib/thumb/v7e-m+fp/hard\libc_nano.a(libc_a-nano-vfprintf_i.o)
                0x08004d50                _printf_i
 .text.std      0x08004f90       0x6c C:/ST/STM32CubeIDE_1.16.1/STM32CubeIDE/plugins/com.st.stm32cube.ide.mcu.externaltools.gnu-tools-for-stm32.12.3.rel1.win32_1.0.200.202406191623/tools/bin/../lib/gcc/arm-none-eabi/12.3.1/../../../../arm-none-eabi/lib/thumb/v7e-m+fp/hard\libc_nano.a(libc_a-findfp.o)
 .text.stdio_exit_handler
                0x08004ffc       0x18 C:/ST/STM32CubeIDE_1.16.1/STM32CubeIDE/plugins/com.st.stm32cube.ide.mcu.externaltools.gnu-tools-for-stm32.12.3.rel1.win32_1.0.200.202406191623/tools/bin/../lib/gcc/arm-none-eabi/12.3.1/../../../../arm-none-eabi/lib/thumb/v7e-m+fp/hard\libc_nano.a(libc_a-findfp.o)
 .text.cleanup_stdio
                0x08005014       0x40 C:/ST/STM32CubeIDE_1.16.1/STM32CubeIDE/plugins/com.st.stm32cube.ide.mcu.externaltools.gnu-tools-for-stm32.12.3.rel1.win32_1.0.200.202406191623/tools/bin/../lib/gcc/arm-none-eabi/12.3.1/../../../../arm-none-eabi/lib/thumb/v7e-m+fp/hard\libc_nano.a(libc_a-findfp.o)
 .text.global_stdio_init.part.0
                0x08005054       0x3c C:/ST/STM32CubeIDE_1.16.1/STM32CubeIDE/plugins/com.st.stm32cube.ide.mcu.externaltools.gnu-tools-for-stm32.12.3.rel1.win32_1.0.200.202406191623/tools/bin/../lib/gcc/arm-none-eabi/12.3.1/../../../../arm-none-eabi/lib/thumb/v7e-m+fp/hard\libc_nano.a(libc_a-findfp.o)
 .text.__sfp_lock_acquire
                0x08005090        0xc C:/ST/STM32CubeIDE_1.16.1/STM32CubeIDE/plugins/com.st.stm32cube.ide.mcu.externaltools.gnu-tools-for-stm32.12.3.rel1.win32_1.0.200.202406191623/tools/bin/../lib/gcc/arm-none-eabi/12.3.1/../../../../arm-none-eabi/lib/thumb/v7e-m+fp/hard\libc_nano.a(libc_a-findfp.o)
                0x08005090                __sfp_lock_acquire
 .text.__sfp_lock_release
                0x0800509c        0xc C:/ST/STM32CubeIDE_1.16.1/STM32CubeIDE/plugins/com.st.stm32cube.ide.mcu.externaltools.gnu-tools-for-stm32.12.3.rel1.win32_1.0.200.202406191623/tools/bin/../lib/gcc/arm-none-eabi/12.3.1/../../../../arm-none-eabi/lib/thumb/v7e-m+fp/hard\libc_nano.a(libc_a-findfp.o)
                0x0800509c                __sfp_lock_release
 .text.__sinit  0x080050a8       0x30 C:/ST/STM32CubeIDE_1.16.1/STM32CubeIDE/plugins/com.st.stm32cube.ide.mcu.externaltools.gnu-tools-for-stm32.12.3.rel1.win32_1.0.200.202406191623/tools/bin/../lib/gcc/arm-none-eabi/12.3.1/../../../../arm-none-eabi/lib/thumb/v7e-m+fp/hard\libc_nano.a(libc_a-findfp.o)
                0x080050a8                __sinit
 .text.fprintf  0x080050d8       0x24 C:/ST/STM32CubeIDE_1.16.1/STM32CubeIDE/plugins/com.st.stm32cube.ide.mcu.externaltools.gnu-tools-for-stm32.12.3.rel1.win32_1.0.200.202406191623/tools/bin/../lib/gcc/arm-none-eabi/12.3.1/../../../../arm-none-eabi/lib/thumb/v7e-m+fp/hard\libc_nano.a(libc_a-fprintf.o)
                0x080050d8                fiprintf
                0x080050d8                fprintf
 .text._fwalk_sglue
                0x080050fc       0x3c C:/ST/STM32CubeIDE_1.16.1/STM32CubeIDE/plugins/com.st.stm32cube.ide.mcu.externaltools.gnu-tools-for-stm32.12.3.rel1.win32_1.0.200.202406191623/tools/bin/../lib/gcc/arm-none-eabi/12.3.1/../../../../arm-none-eabi/lib/thumb/v7e-m+fp/hard\libc_nano.a(libc_a-fwalk.o)
                0x080050fc                _fwalk_sglue
 .text.sprintf  0x08005138       0x40 C:/ST/STM32CubeIDE_1.16.1/STM32CubeIDE/plugins/com.st.stm32cube.ide.mcu.externaltools.gnu-tools-for-stm32.12.3.rel1.win32_1.0.200.202406191623/tools/bin/../lib/gcc/arm-none-eabi/12.3.1/../../../../arm-none-eabi/lib/thumb/v7e-m+fp/hard\libc_nano.a(libc_a-sprintf.o)
                0x08005138                siprintf
                0x08005138                sprintf
 .text.__sread  0x08005178       0x22 C:/ST/STM32CubeIDE_1.16.1/STM32CubeIDE/plugins/com.st.stm32cube.ide.mcu.externaltools.gnu-tools-for-stm32.12.3.rel1.win32_1.0.200.202406191623/tools/bin/../lib/gcc/arm-none-eabi/12.3.1/../../../../arm-none-eabi/lib/thumb/v7e-m+fp/hard\libc_nano.a(libc_a-stdio.o)
                0x08005178                __sread
 .text.__swrite
                0x0800519a       0x38 C:/ST/STM32CubeIDE_1.16.1/STM32CubeIDE/plugins/com.st.stm32cube.ide.mcu.externaltools.gnu-tools-for-stm32.12.3.rel1.win32_1.0.200.202406191623/tools/bin/../lib/gcc/arm-none-eabi/12.3.1/../../../../arm-none-eabi/lib/thumb/v7e-m+fp/hard\libc_nano.a(libc_a-stdio.o)
                0x0800519a                __swrite
 .text.__sseek  0x080051d2       0x24 C:/ST/STM32CubeIDE_1.16.1/STM32CubeIDE/plugins/com.st.stm32cube.ide.mcu.externaltools.gnu-tools-for-stm32.12.3.rel1.win32_1.0.200.202406191623/tools/bin/../lib/gcc/arm-none-eabi/12.3.1/../../../../arm-none-eabi/lib/thumb/v7e-m+fp/hard\libc_nano.a(libc_a-stdio.o)
                0x080051d2                __sseek
 .text.__sclose
                0x080051f6        0x8 C:/ST/STM32CubeIDE_1.16.1/STM32CubeIDE/plugins/com.st.stm32cube.ide.mcu.externaltools.gnu-tools-for-stm32.12.3.rel1.win32_1.0.200.202406191623/tools/bin/../lib/gcc/arm-none-eabi/12.3.1/../../../../arm-none-eabi/lib/thumb/v7e-m+fp/hard\libc_nano.a(libc_a-stdio.o)
                0x080051f6                __sclose
 .text.memset   0x080051fe       0x10 C:/ST/STM32CubeIDE_1.16.1/STM32CubeIDE/plugins/com.st.stm32cube.ide.mcu.externaltools.gnu-tools-for-stm32.12.3.rel1.win32_1.0.200.202406191623/tools/bin/../lib/gcc/arm-none-eabi/12.3.1/../../../../arm-none-eabi/lib/thumb/v7e-m+fp/hard\libc_nano.a(libc_a-memset.o)
                0x080051fe                memset
 *fill*         0x0800520e        0x2 
 .text._localeconv_r
                0x08005210        0x8 C:/ST/STM32CubeIDE_1.16.1/STM32CubeIDE/plugins/com.st.stm32cube.ide.mcu.externaltools.gnu-tools-for-stm32.12.3.rel1.win32_1.0.200.202406191623/tools/bin/../lib/gcc/arm-none-eabi/12.3.1/../../../../arm-none-eabi/lib/thumb/v7e-m+fp/hard\libc_nano.a(libc_a-localeconv.o)
                0x08005210                _localeconv_r
 .text._close_r
                0x08005218       0x20 C:/ST/STM32CubeIDE_1.16.1/STM32CubeIDE/plugins/com.st.stm32cube.ide.mcu.externaltools.gnu-tools-for-stm32.12.3.rel1.win32_1.0.200.202406191623/tools/bin/../lib/gcc/arm-none-eabi/12.3.1/../../../../arm-none-eabi/lib/thumb/v7e-m+fp/hard\libc_nano.a(libc_a-closer.o)
                0x08005218                _close_r
 .text._lseek_r
                0x08005238       0x24 C:/ST/STM32CubeIDE_1.16.1/STM32CubeIDE/plugins/com.st.stm32cube.ide.mcu.externaltools.gnu-tools-for-stm32.12.3.rel1.win32_1.0.200.202406191623/tools/bin/../lib/gcc/arm-none-eabi/12.3.1/../../../../arm-none-eabi/lib/thumb/v7e-m+fp/hard\libc_nano.a(libc_a-lseekr.o)
                0x08005238                _lseek_r
 .text._read_r  0x0800525c       0x24 C:/ST/STM32CubeIDE_1.16.1/STM32CubeIDE/plugins/com.st.stm32cube.ide.mcu.externaltools.gnu-tools-for-stm32.12.3.rel1.win32_1.0.200.202406191623/tools/bin/../lib/gcc/arm-none-eabi/12.3.1/../../../../arm-none-eabi/lib/thumb/v7e-m+fp/hard\libc_nano.a(libc_a-readr.o)
                0x0800525c                _read_r
 .text._write_r
                0x08005280       0x24 C:/ST/STM32CubeIDE_1.16.1/STM32CubeIDE/plugins/com.st.stm32cube.ide.mcu.externaltools.gnu-tools-for-stm32.12.3.rel1.win32_1.0.200.202406191623/tools/bin/../lib/gcc/arm-none-eabi/12.3.1/../../../../arm-none-eabi/lib/thumb/v7e-m+fp/hard\libc_nano.a(libc_a-writer.o)
                0x08005280                _write_r
 .text.__errno  0x080052a4        0xc C:/ST/STM32CubeIDE_1.16.1/STM32CubeIDE/plugins/com.st.stm32cube.ide.mcu.externaltools.gnu-tools-for-stm32.12.3.rel1.win32_1.0.200.202406191623/tools/bin/../lib/gcc/arm-none-eabi/12.3.1/../../../../arm-none-eabi/lib/thumb/v7e-m+fp/hard\libc_nano.a(libc_a-errno.o)
                0x080052a4                __errno
 .text.__libc_init_array
                0x080052b0       0x48 C:/ST/STM32CubeIDE_1.16.1/STM32CubeIDE/plugins/com.st.stm32cube.ide.mcu.externaltools.gnu-tools-for-stm32.12.3.rel1.win32_1.0.200.202406191623/tools/bin/../lib/gcc/arm-none-eabi/12.3.1/../../../../arm-none-eabi/lib/thumb/v7e-m+fp/hard\libc_nano.a(libc_a-init.o)
                0x080052b0                __libc_init_array
 .text.__retarget_lock_init_recursive
                0x080052f8        0x2 C:/ST/STM32CubeIDE_1.16.1/STM32CubeIDE/plugins/com.st.stm32cube.ide.mcu.externaltools.gnu-tools-for-stm32.12.3.rel1.win32_1.0.200.202406191623/tools/bin/../lib/gcc/arm-none-eabi/12.3.1/../../../../arm-none-eabi/lib/thumb/v7e-m+fp/hard\libc_nano.a(libc_a-lock.o)
                0x080052f8                __retarget_lock_init_recursive
 .text.__retarget_lock_acquire_recursive
                0x080052fa        0x2 C:/ST/STM32CubeIDE_1.16.1/STM32CubeIDE/plugins/com.st.stm32cube.ide.mcu.externaltools.gnu-tools-for-stm32.12.3.rel1.win32_1.0.200.202406191623/tools/bin/../lib/gcc/arm-none-eabi/12.3.1/../../../../arm-none-eabi/lib/thumb/v7e-m+fp/hard\libc_nano.a(libc_a-lock.o)
                0x080052fa                __retarget_lock_acquire_recursive
 .text.__retarget_lock_release_recursive
                0x080052fc        0x2 C:/ST/STM32CubeIDE_1.16.1/STM32CubeIDE/plugins/com.st.stm32cube.ide.mcu.externaltools.gnu-tools-for-stm32.12.3.rel1.win32_1.0.200.202406191623/tools/bin/../lib/gcc/arm-none-eabi/12.3.1/../../../../arm-none-eabi/lib/thumb/v7e-m+fp/hard\libc_nano.a(libc_a-lock.o)
                0x080052fc                __retarget_lock_release_recursive
 .text.abort    0x080052fe        0xe C:/ST/STM32CubeIDE_1.16.1/STM32CubeIDE/plugins/com.st.stm32cube.ide.mcu.externaltools.gnu-tools-for-stm32.12.3.rel1.win32_1.0.200.202406191623/tools/bin/../lib/gcc/arm-none-eabi/12.3.1/../../../../arm-none-eabi/lib/thumb/v7e-m+fp/hard\libc_nano.a(libc_a-abort.o)
                0x080052fe                abort
 .text.quorem   0x0800530c      0x110 C:/ST/STM32CubeIDE_1.16.1/STM32CubeIDE/plugins/com.st.stm32cube.ide.mcu.externaltools.gnu-tools-for-stm32.12.3.rel1.win32_1.0.200.202406191623/tools/bin/../lib/gcc/arm-none-eabi/12.3.1/../../../../arm-none-eabi/lib/thumb/v7e-m+fp/hard\libc_nano.a(libc_a-dtoa.o)
 *fill*         0x0800541c        0x4 
 .text._dtoa_r  0x08005420      0xb88 C:/ST/STM32CubeIDE_1.16.1/STM32CubeIDE/plugins/com.st.stm32cube.ide.mcu.externaltools.gnu-tools-for-stm32.12.3.rel1.win32_1.0.200.202406191623/tools/bin/../lib/gcc/arm-none-eabi/12.3.1/../../../../arm-none-eabi/lib/thumb/v7e-m+fp/hard\libc_nano.a(libc_a-dtoa.o)
                0x08005420                _dtoa_r
 .text._free_r  0x08005fa8       0x94 C:/ST/STM32CubeIDE_1.16.1/STM32CubeIDE/plugins/com.st.stm32cube.ide.mcu.externaltools.gnu-tools-for-stm32.12.3.rel1.win32_1.0.200.202406191623/tools/bin/../lib/gcc/arm-none-eabi/12.3.1/../../../../arm-none-eabi/lib/thumb/v7e-m+fp/hard\libc_nano.a(libc_a-freer.o)
                0x08005fa8                _free_r
 .text.malloc   0x0800603c       0x10 C:/ST/STM32CubeIDE_1.16.1/STM32CubeIDE/plugins/com.st.stm32cube.ide.mcu.externaltools.gnu-tools-for-stm32.12.3.rel1.win32_1.0.200.202406191623/tools/bin/../lib/gcc/arm-none-eabi/12.3.1/../../../../arm-none-eabi/lib/thumb/v7e-m+fp/hard\libc_nano.a(libc_a-malloc.o)
                0x0800603c                malloc
 .text.sbrk_aligned
                0x0800604c       0x44 C:/ST/STM32CubeIDE_1.16.1/STM32CubeIDE/plugins/com.st.stm32cube.ide.mcu.externaltools.gnu-tools-for-stm32.12.3.rel1.win32_1.0.200.202406191623/tools/bin/../lib/gcc/arm-none-eabi/12.3.1/../../../../arm-none-eabi/lib/thumb/v7e-m+fp/hard\libc_nano.a(libc_a-mallocr.o)
 .text._malloc_r
                0x08006090      0x100 C:/ST/STM32CubeIDE_1.16.1/STM32CubeIDE/plugins/com.st.stm32cube.ide.mcu.externaltools.gnu-tools-for-stm32.12.3.rel1.win32_1.0.200.202406191623/tools/bin/../lib/gcc/arm-none-eabi/12.3.1/../../../../arm-none-eabi/lib/thumb/v7e-m+fp/hard\libc_nano.a(libc_a-mallocr.o)
                0x08006090                _malloc_r
 .text.__malloc_lock
                0x08006190        0xc C:/ST/STM32CubeIDE_1.16.1/STM32CubeIDE/plugins/com.st.stm32cube.ide.mcu.externaltools.gnu-tools-for-stm32.12.3.rel1.win32_1.0.200.202406191623/tools/bin/../lib/gcc/arm-none-eabi/12.3.1/../../../../arm-none-eabi/lib/thumb/v7e-m+fp/hard\libc_nano.a(libc_a-mlock.o)
                0x08006190                __malloc_lock
 .text.__malloc_unlock
                0x0800619c        0xc C:/ST/STM32CubeIDE_1.16.1/STM32CubeIDE/plugins/com.st.stm32cube.ide.mcu.externaltools.gnu-tools-for-stm32.12.3.rel1.win32_1.0.200.202406191623/tools/bin/../lib/gcc/arm-none-eabi/12.3.1/../../../../arm-none-eabi/lib/thumb/v7e-m+fp/hard\libc_nano.a(libc_a-mlock.o)
                0x0800619c                __malloc_unlock
 .text._Balloc  0x080061a8       0x80 C:/ST/STM32CubeIDE_1.16.1/STM32CubeIDE/plugins/com.st.stm32cube.ide.mcu.externaltools.gnu-tools-for-stm32.12.3.rel1.win32_1.0.200.202406191623/tools/bin/../lib/gcc/arm-none-eabi/12.3.1/../../../../arm-none-eabi/lib/thumb/v7e-m+fp/hard\libc_nano.a(libc_a-mprec.o)
                0x080061a8                _Balloc
 .text._Bfree   0x08006228       0x44 C:/ST/STM32CubeIDE_1.16.1/STM32CubeIDE/plugins/com.st.stm32cube.ide.mcu.externaltools.gnu-tools-for-stm32.12.3.rel1.win32_1.0.200.202406191623/tools/bin/../lib/gcc/arm-none-eabi/12.3.1/../../../../arm-none-eabi/lib/thumb/v7e-m+fp/hard\libc_nano.a(libc_a-mprec.o)
                0x08006228                _Bfree
 .text.__multadd
                0x0800626c       0x8c C:/ST/STM32CubeIDE_1.16.1/STM32CubeIDE/plugins/com.st.stm32cube.ide.mcu.externaltools.gnu-tools-for-stm32.12.3.rel1.win32_1.0.200.202406191623/tools/bin/../lib/gcc/arm-none-eabi/12.3.1/../../../../arm-none-eabi/lib/thumb/v7e-m+fp/hard\libc_nano.a(libc_a-mprec.o)
                0x0800626c                __multadd
 .text.__hi0bits
                0x080062f8       0x3e C:/ST/STM32CubeIDE_1.16.1/STM32CubeIDE/plugins/com.st.stm32cube.ide.mcu.externaltools.gnu-tools-for-stm32.12.3.rel1.win32_1.0.200.202406191623/tools/bin/../lib/gcc/arm-none-eabi/12.3.1/../../../../arm-none-eabi/lib/thumb/v7e-m+fp/hard\libc_nano.a(libc_a-mprec.o)
                0x080062f8                __hi0bits
 .text.__lo0bits
                0x08006336       0x5a C:/ST/STM32CubeIDE_1.16.1/STM32CubeIDE/plugins/com.st.stm32cube.ide.mcu.externaltools.gnu-tools-for-stm32.12.3.rel1.win32_1.0.200.202406191623/tools/bin/../lib/gcc/arm-none-eabi/12.3.1/../../../../arm-none-eabi/lib/thumb/v7e-m+fp/hard\libc_nano.a(libc_a-mprec.o)
                0x08006336                __lo0bits
 .text.__i2b    0x08006390       0x2c C:/ST/STM32CubeIDE_1.16.1/STM32CubeIDE/plugins/com.st.stm32cube.ide.mcu.externaltools.gnu-tools-for-stm32.12.3.rel1.win32_1.0.200.202406191623/tools/bin/../lib/gcc/arm-none-eabi/12.3.1/../../../../arm-none-eabi/lib/thumb/v7e-m+fp/hard\libc_nano.a(libc_a-mprec.o)
                0x08006390                __i2b
 .text.__multiply
                0x080063bc      0x154 C:/ST/STM32CubeIDE_1.16.1/STM32CubeIDE/plugins/com.st.stm32cube.ide.mcu.externaltools.gnu-tools-for-stm32.12.3.rel1.win32_1.0.200.202406191623/tools/bin/../lib/gcc/arm-none-eabi/12.3.1/../../../../arm-none-eabi/lib/thumb/v7e-m+fp/hard\libc_nano.a(libc_a-mprec.o)
                0x080063bc                __multiply
 .text.__pow5mult
                0x08006510       0xb4 C:/ST/STM32CubeIDE_1.16.1/STM32CubeIDE/plugins/com.st.stm32cube.ide.mcu.externaltools.gnu-tools-for-stm32.12.3.rel1.win32_1.0.200.202406191623/tools/bin/../lib/gcc/arm-none-eabi/12.3.1/../../../../arm-none-eabi/lib/thumb/v7e-m+fp/hard\libc_nano.a(libc_a-mprec.o)
                0x08006510                __pow5mult
 .text.__lshift
                0x080065c4       0xd8 C:/ST/STM32CubeIDE_1.16.1/STM32CubeIDE/plugins/com.st.stm32cube.ide.mcu.externaltools.gnu-tools-for-stm32.12.3.rel1.win32_1.0.200.202406191623/tools/bin/../lib/gcc/arm-none-eabi/12.3.1/../../../../arm-none-eabi/lib/thumb/v7e-m+fp/hard\libc_nano.a(libc_a-mprec.o)
                0x080065c4                __lshift
 .text.__mcmp   0x0800669c       0x36 C:/ST/STM32CubeIDE_1.16.1/STM32CubeIDE/plugins/com.st.stm32cube.ide.mcu.externaltools.gnu-tools-for-stm32.12.3.rel1.win32_1.0.200.202406191623/tools/bin/../lib/gcc/arm-none-eabi/12.3.1/../../../../arm-none-eabi/lib/thumb/v7e-m+fp/hard\libc_nano.a(libc_a-mprec.o)
                0x0800669c                __mcmp
 *fill*         0x080066d2        0x2 
 .text.__mdiff  0x080066d4      0x128 C:/ST/STM32CubeIDE_1.16.1/STM32CubeIDE/plugins/com.st.stm32cube.ide.mcu.externaltools.gnu-tools-for-stm32.12.3.rel1.win32_1.0.200.202406191623/tools/bin/../lib/gcc/arm-none-eabi/12.3.1/../../../../arm-none-eabi/lib/thumb/v7e-m+fp/hard\libc_nano.a(libc_a-mprec.o)
                0x080066d4                __mdiff
 .text.__d2b    0x080067fc       0xb0 C:/ST/STM32CubeIDE_1.16.1/STM32CubeIDE/plugins/com.st.stm32cube.ide.mcu.externaltools.gnu-tools-for-stm32.12.3.rel1.win32_1.0.200.202406191623/tools/bin/../lib/gcc/arm-none-eabi/12.3.1/../../../../arm-none-eabi/lib/thumb/v7e-m+fp/hard\libc_nano.a(libc_a-mprec.o)
                0x080067fc                __d2b
 .text.__ssputs_r
                0x080068ac       0xb6 C:/ST/STM32CubeIDE_1.16.1/STM32CubeIDE/plugins/com.st.stm32cube.ide.mcu.externaltools.gnu-tools-for-stm32.12.3.rel1.win32_1.0.200.202406191623/tools/bin/../lib/gcc/arm-none-eabi/12.3.1/../../../../arm-none-eabi/lib/thumb/v7e-m+fp/hard\libc_nano.a(libc_a-nano-svfprintf.o)
                0x080068ac                __ssputs_r
 *fill*         0x08006962        0x2 
 .text._svfprintf_r
                0x08006964      0x1f8 C:/ST/STM32CubeIDE_1.16.1/STM32CubeIDE/plugins/com.st.stm32cube.ide.mcu.externaltools.gnu-tools-for-stm32.12.3.rel1.win32_1.0.200.202406191623/tools/bin/../lib/gcc/arm-none-eabi/12.3.1/../../../../arm-none-eabi/lib/thumb/v7e-m+fp/hard\libc_nano.a(libc_a-nano-svfprintf.o)
                0x08006964                _svfiprintf_r
                0x08006964                _svfprintf_r
 .text.__sfputc_r
                0x08006b5c       0x2e C:/ST/STM32CubeIDE_1.16.1/STM32CubeIDE/plugins/com.st.stm32cube.ide.mcu.externaltools.gnu-tools-for-stm32.12.3.rel1.win32_1.0.200.202406191623/tools/bin/../lib/gcc/arm-none-eabi/12.3.1/../../../../arm-none-eabi/lib/thumb/v7e-m+fp/hard\libc_nano.a(libc_a-nano-vfprintf.o)
 .text.__sfputs_r
                0x08006b8a       0x24 C:/ST/STM32CubeIDE_1.16.1/STM32CubeIDE/plugins/com.st.stm32cube.ide.mcu.externaltools.gnu-tools-for-stm32.12.3.rel1.win32_1.0.200.202406191623/tools/bin/../lib/gcc/arm-none-eabi/12.3.1/../../../../arm-none-eabi/lib/thumb/v7e-m+fp/hard\libc_nano.a(libc_a-nano-vfprintf.o)
                0x08006b8a                __sfputs_r
 *fill*         0x08006bae        0x2 
 .text._vfprintf_r
                0x08006bb0      0x230 C:/ST/STM32CubeIDE_1.16.1/STM32CubeIDE/plugins/com.st.stm32cube.ide.mcu.externaltools.gnu-tools-for-stm32.12.3.rel1.win32_1.0.200.202406191623/tools/bin/../lib/gcc/arm-none-eabi/12.3.1/../../../../arm-none-eabi/lib/thumb/v7e-m+fp/hard\libc_nano.a(libc_a-nano-vfprintf.o)
                0x08006bb0                _vfprintf_r
                0x08006bb0                _vfiprintf_r
 .text.__sflush_r
                0x08006de0      0x108 C:/ST/STM32CubeIDE_1.16.1/STM32CubeIDE/plugins/com.st.stm32cube.ide.mcu.externaltools.gnu-tools-for-stm32.12.3.rel1.win32_1.0.200.202406191623/tools/bin/../lib/gcc/arm-none-eabi/12.3.1/../../../../arm-none-eabi/lib/thumb/v7e-m+fp/hard\libc_nano.a(libc_a-fflush.o)
                0x08006de0                __sflush_r
 .text._fflush_r
                0x08006ee8       0x50 C:/ST/STM32CubeIDE_1.16.1/STM32CubeIDE/plugins/com.st.stm32cube.ide.mcu.externaltools.gnu-tools-for-stm32.12.3.rel1.win32_1.0.200.202406191623/tools/bin/../lib/gcc/arm-none-eabi/12.3.1/../../../../arm-none-eabi/lib/thumb/v7e-m+fp/hard\libc_nano.a(libc_a-fflush.o)
                0x08006ee8                _fflush_r
 .text.__swhatbuf_r
                0x08006f38       0x4c C:/ST/STM32CubeIDE_1.16.1/STM32CubeIDE/plugins/com.st.stm32cube.ide.mcu.externaltools.gnu-tools-for-stm32.12.3.rel1.win32_1.0.200.202406191623/tools/bin/../lib/gcc/arm-none-eabi/12.3.1/../../../../arm-none-eabi/lib/thumb/v7e-m+fp/hard\libc_nano.a(libc_a-makebuf.o)
                0x08006f38                __swhatbuf_r
 .text.__smakebuf_r
                0x08006f84       0x78 C:/ST/STM32CubeIDE_1.16.1/STM32CubeIDE/plugins/com.st.stm32cube.ide.mcu.externaltools.gnu-tools-for-stm32.12.3.rel1.win32_1.0.200.202406191623/tools/bin/../lib/gcc/arm-none-eabi/12.3.1/../../../../arm-none-eabi/lib/thumb/v7e-m+fp/hard\libc_nano.a(libc_a-makebuf.o)
                0x08006f84                __smakebuf_r
 .text.__swbuf_r
                0x08006ffc       0x7c C:/ST/STM32CubeIDE_1.16.1/STM32CubeIDE/plugins/com.st.stm32cube.ide.mcu.externaltools.gnu-tools-for-stm32.12.3.rel1.win32_1.0.200.202406191623/tools/bin/../lib/gcc/arm-none-eabi/12.3.1/../../../../arm-none-eabi/lib/thumb/v7e-m+fp/hard\libc_nano.a(libc_a-wbuf.o)
                0x08006ffc                __swbuf_r
 .text.__swsetup_r
                0x08007078       0xac C:/ST/STM32CubeIDE_1.16.1/STM32CubeIDE/plugins/com.st.stm32cube.ide.mcu.externaltools.gnu-tools-for-stm32.12.3.rel1.win32_1.0.200.202406191623/tools/bin/../lib/gcc/arm-none-eabi/12.3.1/../../../../arm-none-eabi/lib/thumb/v7e-m+fp/hard\libc_nano.a(libc_a-wsetup.o)
                0x08007078                __swsetup_r
 .text.memmove  0x08007124       0x34 C:/ST/STM32CubeIDE_1.16.1/STM32CubeIDE/plugins/com.st.stm32cube.ide.mcu.externaltools.gnu-tools-for-stm32.12.3.rel1.win32_1.0.200.202406191623/tools/bin/../lib/gcc/arm-none-eabi/12.3.1/../../../../arm-none-eabi/lib/thumb/v7e-m+fp/hard\libc_nano.a(libc_a-memmove.o)
                0x08007124                memmove
 .text._raise_r
                0x08007158       0x50 C:/ST/STM32CubeIDE_1.16.1/STM32CubeIDE/plugins/com.st.stm32cube.ide.mcu.externaltools.gnu-tools-for-stm32.12.3.rel1.win32_1.0.200.202406191623/tools/bin/../lib/gcc/arm-none-eabi/12.3.1/../../../../arm-none-eabi/lib/thumb/v7e-m+fp/hard\libc_nano.a(libc_a-signal.o)
                0x08007158                _raise_r
 .text.raise    0x080071a8       0x10 C:/ST/STM32CubeIDE_1.16.1/STM32CubeIDE/plugins/com.st.stm32cube.ide.mcu.externaltools.gnu-tools-for-stm32.12.3.rel1.win32_1.0.200.202406191623/tools/bin/../lib/gcc/arm-none-eabi/12.3.1/../../../../arm-none-eabi/lib/thumb/v7e-m+fp/hard\libc_nano.a(libc_a-signal.o)
                0x080071a8                raise
 .text._fstat_r
                0x080071b8       0x24 C:/ST/STM32CubeIDE_1.16.1/STM32CubeIDE/plugins/com.st.stm32cube.ide.mcu.externaltools.gnu-tools-for-stm32.12.3.rel1.win32_1.0.200.202406191623/tools/bin/../lib/gcc/arm-none-eabi/12.3.1/../../../../arm-none-eabi/lib/thumb/v7e-m+fp/hard\libc_nano.a(libc_a-fstatr.o)
                0x080071b8                _fstat_r
 .text._isatty_r
                0x080071dc       0x20 C:/ST/STM32CubeIDE_1.16.1/STM32CubeIDE/plugins/com.st.stm32cube.ide.mcu.externaltools.gnu-tools-for-stm32.12.3.rel1.win32_1.0.200.202406191623/tools/bin/../lib/gcc/arm-none-eabi/12.3.1/../../../../arm-none-eabi/lib/thumb/v7e-m+fp/hard\libc_nano.a(libc_a-isattyr.o)
                0x080071dc                _isatty_r
 .text._kill_r  0x080071fc       0x24 C:/ST/STM32CubeIDE_1.16.1/STM32CubeIDE/plugins/com.st.stm32cube.ide.mcu.externaltools.gnu-tools-for-stm32.12.3.rel1.win32_1.0.200.202406191623/tools/bin/../lib/gcc/arm-none-eabi/12.3.1/../../../../arm-none-eabi/lib/thumb/v7e-m+fp/hard\libc_nano.a(libc_a-signalr.o)
                0x080071fc                _kill_r
 .text._getpid_r
                0x08007220        0x4 C:/ST/STM32CubeIDE_1.16.1/STM32CubeIDE/plugins/com.st.stm32cube.ide.mcu.externaltools.gnu-tools-for-stm32.12.3.rel1.win32_1.0.200.202406191623/tools/bin/../lib/gcc/arm-none-eabi/12.3.1/../../../../arm-none-eabi/lib/thumb/v7e-m+fp/hard\libc_nano.a(libc_a-signalr.o)
                0x08007220                _getpid_r
 .text._sbrk_r  0x08007224       0x20 C:/ST/STM32CubeIDE_1.16.1/STM32CubeIDE/plugins/com.st.stm32cube.ide.mcu.externaltools.gnu-tools-for-stm32.12.3.rel1.win32_1.0.200.202406191623/tools/bin/../lib/gcc/arm-none-eabi/12.3.1/../../../../arm-none-eabi/lib/thumb/v7e-m+fp/hard\libc_nano.a(libc_a-sbrkr.o)
                0x08007224                _sbrk_r
 .text.memcpy   0x08007244       0x1c C:/ST/STM32CubeIDE_1.16.1/STM32CubeIDE/plugins/com.st.stm32cube.ide.mcu.externaltools.gnu-tools-for-stm32.12.3.rel1.win32_1.0.200.202406191623/tools/bin/../lib/gcc/arm-none-eabi/12.3.1/../../../../arm-none-eabi/lib/thumb/v7e-m+fp/hard\libc_nano.a(libc_a-memcpy-stub.o)
                0x08007244                memcpy
 .text._calloc_r
                0x08007260       0x28 C:/ST/STM32CubeIDE_1.16.1/STM32CubeIDE/plugins/com.st.stm32cube.ide.mcu.externaltools.gnu-tools-for-stm32.12.3.rel1.win32_1.0.200.202406191623/tools/bin/../lib/gcc/arm-none-eabi/12.3.1/../../../../arm-none-eabi/lib/thumb/v7e-m+fp/hard\libc_nano.a(libc_a-callocr.o)
                0x08007260                _calloc_r
 .text.__ascii_mbtowc
                0x08007288       0x24 C:/ST/STM32CubeIDE_1.16.1/STM32CubeIDE/plugins/com.st.stm32cube.ide.mcu.externaltools.gnu-tools-for-stm32.12.3.rel1.win32_1.0.200.202406191623/tools/bin/../lib/gcc/arm-none-eabi/12.3.1/../../../../arm-none-eabi/lib/thumb/v7e-m+fp/hard\libc_nano.a(libc_a-mbtowc_r.o)
                0x08007288                __ascii_mbtowc
 .text._realloc_r
                0x080072ac       0x5c C:/ST/STM32CubeIDE_1.16.1/STM32CubeIDE/plugins/com.st.stm32cube.ide.mcu.externaltools.gnu-tools-for-stm32.12.3.rel1.win32_1.0.200.202406191623/tools/bin/../lib/gcc/arm-none-eabi/12.3.1/../../../../arm-none-eabi/lib/thumb/v7e-m+fp/hard\libc_nano.a(libc_a-reallocr.o)
                0x080072ac                _realloc_r
 .text.__ascii_wctomb
                0x08007308       0x1a C:/ST/STM32CubeIDE_1.16.1/STM32CubeIDE/plugins/com.st.stm32cube.ide.mcu.externaltools.gnu-tools-for-stm32.12.3.rel1.win32_1.0.200.202406191623/tools/bin/../lib/gcc/arm-none-eabi/12.3.1/../../../../arm-none-eabi/lib/thumb/v7e-m+fp/hard\libc_nano.a(libc_a-wctomb_r.o)
                0x08007308                __ascii_wctomb
 .text._malloc_usable_size_r
                0x08007322       0x10 C:/ST/STM32CubeIDE_1.16.1/STM32CubeIDE/plugins/com.st.stm32cube.ide.mcu.externaltools.gnu-tools-for-stm32.12.3.rel1.win32_1.0.200.202406191623/tools/bin/../lib/gcc/arm-none-eabi/12.3.1/../../../../arm-none-eabi/lib/thumb/v7e-m+fp/hard\libc_nano.a(libc_a-msizer.o)
                0x08007322                _malloc_usable_size_r
 *(.glue_7)
 .glue_7        0x08007332        0x0 linker stubs
 *(.glue_7t)
 .glue_7t       0x08007332        0x0 linker stubs
 *(.eh_frame)
 *fill*         0x08007332        0x2 
 .eh_frame      0x08007334        0x0 C:/ST/STM32CubeIDE_1.16.1/STM32CubeIDE/plugins/com.st.stm32cube.ide.mcu.externaltools.gnu-tools-for-stm32.12.3.rel1.win32_1.0.200.202406191623/tools/bin/../lib/gcc/arm-none-eabi/12.3.1/thumb/v7e-m+fp/hard/crtbegin.o
 *(.init)
 .init          0x08007334        0x4 C:/ST/STM32CubeIDE_1.16.1/STM32CubeIDE/plugins/com.st.stm32cube.ide.mcu.externaltools.gnu-tools-for-stm32.12.3.rel1.win32_1.0.200.202406191623/tools/bin/../lib/gcc/arm-none-eabi/12.3.1/thumb/v7e-m+fp/hard/crti.o
                0x08007334                _init
 .init          0x08007338        0x8 C:/ST/STM32CubeIDE_1.16.1/STM32CubeIDE/plugins/com.st.stm32cube.ide.mcu.externaltools.gnu-tools-for-stm32.12.3.rel1.win32_1.0.200.202406191623/tools/bin/../lib/gcc/arm-none-eabi/12.3.1/thumb/v7e-m+fp/hard/crtn.o
 *(.fini)
 .fini          0x08007340        0x4 C:/ST/STM32CubeIDE_1.16.1/STM32CubeIDE/plugins/com.st.stm32cube.ide.mcu.externaltools.gnu-tools-for-stm32.12.3.rel1.win32_1.0.200.202406191623/tools/bin/../lib/gcc/arm-none-eabi/12.3.1/thumb/v7e-m+fp/hard/crti.o
                0x08007340                _fini
 .fini          0x08007344        0x8 C:/ST/STM32CubeIDE_1.16.1/STM32CubeIDE/plugins/com.st.stm32cube.ide.mcu.externaltools.gnu-tools-for-stm32.12.3.rel1.win32_1.0.200.202406191623/tools/bin/../lib/gcc/arm-none-eabi/12.3.1/thumb/v7e-m+fp/hard/crtn.o
                0x0800734c                        . = ALIGN (0x4)
                0x0800734c                        _etext = .

.vfp11_veneer   0x0800734c        0x0
 .vfp11_veneer  0x0800734c        0x0 linker stubs

.v4_bx          0x0800734c        0x0
 .v4_bx         0x0800734c        0x0 linker stubs

.iplt           0x0800734c        0x0
 .iplt          0x0800734c        0x0 C:/ST/STM32CubeIDE_1.16.1/STM32CubeIDE/plugins/com.st.stm32cube.ide.mcu.externaltools.gnu-tools-for-stm32.12.3.rel1.win32_1.0.200.202406191623/tools/bin/../lib/gcc/arm-none-eabi/12.3.1/thumb/v7e-m+fp/hard/crtbegin.o

.rodata         0x08007350      0x7bc
                0x08007350                        . = ALIGN (0x4)
 *(.rodata)
 *(.rodata*)
 .rodata.str1.4
                0x08007350       0xb9 ./core/Src/eleves.o
 *fill*         0x08007409        0x3 
 .rodata.eleveNames
                0x0800740c       0x50 ./core/Src/eleves.o
 .rodata.font5x7_data
                0x0800745c      0x1db ./core/Src/fonts.o
 *fill*         0x08007637        0x1 
 .rodata.afficher_ecran_gto.str1.4
                0x08007638       0x16 ./core/Src/gto.o
                                 0x1a (size before relaxing)
 *fill*         0x0800764e        0x2 
 .rodata.animation_chargement.str1.4
                0x08007650       0x22 ./core/Src/main.o
                                 0x26 (size before relaxing)
 *fill*         0x08007672        0x2 
 .rodata.main.str1.4
                0x08007674       0x1e ./core/Src/main.o
 *fill*         0x08007692        0x2 
 .rodata.PADDING_COLONNES
                0x08007694        0x3 ./core/Src/main.o
 *fill*         0x08007697        0x1 
 .rodata.str1.4
                0x08007698       0x71 ./core/Src/matieres.o
 *fill*         0x08007709        0x3 
 .rodata.displayNote.str1.4
                0x0800770c        0xa ./core/Src/notesmath.o
 *fill*         0x08007716        0x2 
 .rodata.AHBPrescTable
                0x08007718       0x10 ./core/Src/system_stm32g4xx.o
                0x08007718                AHBPrescTable
 .rodata.BSP_UART_data_ready.str1.4
                0x08007728       0x36 ./drivers/bsp/stm32g4_uart.o
 *fill*         0x0800775e        0x2 
 .rodata.__func__.5
                0x08007760        0xe ./drivers/bsp/stm32g4_uart.o
 *fill*         0x0800776e        0x2 
 .rodata.__func__.6
                0x08007770       0x17 ./drivers/bsp/stm32g4_uart.o
 *fill*         0x08007787        0x1 
 .rodata.__func__.7
                0x08007788       0x14 ./drivers/bsp/stm32g4_uart.o
 .rodata.nvic_IRQ_array
                0x0800779c        0x2 ./drivers/bsp/stm32g4_uart.o
 .rodata.__assert_func.str1.1
                0x0800779e       0x3c C:/ST/STM32CubeIDE_1.16.1/STM32CubeIDE/plugins/com.st.stm32cube.ide.mcu.externaltools.gnu-tools-for-stm32.12.3.rel1.win32_1.0.200.202406191623/tools/bin/../lib/gcc/arm-none-eabi/12.3.1/../../../../arm-none-eabi/lib/thumb/v7e-m+fp/hard\libc_nano.a(libc_a-assert.o)
                                 0x3d (size before relaxing)
 .rodata._printf_float.str1.1
                0x080077da       0x12 C:/ST/STM32CubeIDE_1.16.1/STM32CubeIDE/plugins/com.st.stm32cube.ide.mcu.externaltools.gnu-tools-for-stm32.12.3.rel1.win32_1.0.200.202406191623/tools/bin/../lib/gcc/arm-none-eabi/12.3.1/../../../../arm-none-eabi/lib/thumb/v7e-m+fp/hard\libc_nano.a(libc_a-nano-vfprintf_float.o)
 .rodata._printf_i.str1.1
                0x080077ec       0x22 C:/ST/STM32CubeIDE_1.16.1/STM32CubeIDE/plugins/com.st.stm32cube.ide.mcu.externaltools.gnu-tools-for-stm32.12.3.rel1.win32_1.0.200.202406191623/tools/bin/../lib/gcc/arm-none-eabi/12.3.1/../../../../arm-none-eabi/lib/thumb/v7e-m+fp/hard\libc_nano.a(libc_a-nano-vfprintf_i.o)
 .rodata._dtoa_r.str1.1
                0x0800780e       0x8d C:/ST/STM32CubeIDE_1.16.1/STM32CubeIDE/plugins/com.st.stm32cube.ide.mcu.externaltools.gnu-tools-for-stm32.12.3.rel1.win32_1.0.200.202406191623/tools/bin/../lib/gcc/arm-none-eabi/12.3.1/../../../../arm-none-eabi/lib/thumb/v7e-m+fp/hard\libc_nano.a(libc_a-dtoa.o)
                                 0x8f (size before relaxing)
 .rodata._Balloc.str1.1
                0x0800789b       0x59 C:/ST/STM32CubeIDE_1.16.1/STM32CubeIDE/plugins/com.st.stm32cube.ide.mcu.externaltools.gnu-tools-for-stm32.12.3.rel1.win32_1.0.200.202406191623/tools/bin/../lib/gcc/arm-none-eabi/12.3.1/../../../../arm-none-eabi/lib/thumb/v7e-m+fp/hard\libc_nano.a(libc_a-mprec.o)
                                 0x70 (size before relaxing)
 .rodata.__multadd.str1.1
                0x080078f4       0x11 C:/ST/STM32CubeIDE_1.16.1/STM32CubeIDE/plugins/com.st.stm32cube.ide.mcu.externaltools.gnu-tools-for-stm32.12.3.rel1.win32_1.0.200.202406191623/tools/bin/../lib/gcc/arm-none-eabi/12.3.1/../../../../arm-none-eabi/lib/thumb/v7e-m+fp/hard\libc_nano.a(libc_a-mprec.o)
 .rodata.p05.0  0x080078f4        0xc C:/ST/STM32CubeIDE_1.16.1/STM32CubeIDE/plugins/com.st.stm32cube.ide.mcu.externaltools.gnu-tools-for-stm32.12.3.rel1.win32_1.0.200.202406191623/tools/bin/../lib/gcc/arm-none-eabi/12.3.1/../../../../arm-none-eabi/lib/thumb/v7e-m+fp/hard\libc_nano.a(libc_a-mprec.o)
 .rodata.__mprec_bigtens
                0x08007900       0x28 C:/ST/STM32CubeIDE_1.16.1/STM32CubeIDE/plugins/com.st.stm32cube.ide.mcu.externaltools.gnu-tools-for-stm32.12.3.rel1.win32_1.0.200.202406191623/tools/bin/../lib/gcc/arm-none-eabi/12.3.1/../../../../arm-none-eabi/lib/thumb/v7e-m+fp/hard\libc_nano.a(libc_a-mprec.o)
                0x08007900                __mprec_bigtens
 .rodata.__mprec_tens
                0x08007928       0xc8 C:/ST/STM32CubeIDE_1.16.1/STM32CubeIDE/plugins/com.st.stm32cube.ide.mcu.externaltools.gnu-tools-for-stm32.12.3.rel1.win32_1.0.200.202406191623/tools/bin/../lib/gcc/arm-none-eabi/12.3.1/../../../../arm-none-eabi/lib/thumb/v7e-m+fp/hard\libc_nano.a(libc_a-mprec.o)
                0x08007928                __mprec_tens
 .rodata._svfprintf_r.str1.1
                0x080079f0       0x11 C:/ST/STM32CubeIDE_1.16.1/STM32CubeIDE/plugins/com.st.stm32cube.ide.mcu.externaltools.gnu-tools-for-stm32.12.3.rel1.win32_1.0.200.202406191623/tools/bin/../lib/gcc/arm-none-eabi/12.3.1/../../../../arm-none-eabi/lib/thumb/v7e-m+fp/hard\libc_nano.a(libc_a-nano-svfprintf.o)
 .rodata._vfprintf_r.str1.1
                0x08007a01       0x11 C:/ST/STM32CubeIDE_1.16.1/STM32CubeIDE/plugins/com.st.stm32cube.ide.mcu.externaltools.gnu-tools-for-stm32.12.3.rel1.win32_1.0.200.202406191623/tools/bin/../lib/gcc/arm-none-eabi/12.3.1/../../../../arm-none-eabi/lib/thumb/v7e-m+fp/hard\libc_nano.a(libc_a-nano-vfprintf.o)
 .rodata._setlocale_r.str1.1
                0x08007a01        0x8 C:/ST/STM32CubeIDE_1.16.1/STM32CubeIDE/plugins/com.st.stm32cube.ide.mcu.externaltools.gnu-tools-for-stm32.12.3.rel1.win32_1.0.200.202406191623/tools/bin/../lib/gcc/arm-none-eabi/12.3.1/../../../../arm-none-eabi/lib/thumb/v7e-m+fp/hard\libc_nano.a(libc_a-locale.o)
                                  0x9 (size before relaxing)
 .rodata.str1.1
                0x08007a09        0x2 C:/ST/STM32CubeIDE_1.16.1/STM32CubeIDE/plugins/com.st.stm32cube.ide.mcu.externaltools.gnu-tools-for-stm32.12.3.rel1.win32_1.0.200.202406191623/tools/bin/../lib/gcc/arm-none-eabi/12.3.1/../../../../arm-none-eabi/lib/thumb/v7e-m+fp/hard\libc_nano.a(libc_a-locale.o)
 .rodata._ctype_
                0x08007a0b      0x101 C:/ST/STM32CubeIDE_1.16.1/STM32CubeIDE/plugins/com.st.stm32cube.ide.mcu.externaltools.gnu-tools-for-stm32.12.3.rel1.win32_1.0.200.202406191623/tools/bin/../lib/gcc/arm-none-eabi/12.3.1/../../../../arm-none-eabi/lib/thumb/v7e-m+fp/hard\libc_nano.a(libc_a-ctype_.o)
                0x08007a0b                _ctype_
                0x08007b0c                        . = ALIGN (0x4)

.ARM.extab      0x08007b0c        0x0
                0x08007b0c                        . = ALIGN (0x4)
 *(.ARM.extab* .gnu.linkonce.armextab.*)
                0x08007b0c                        . = ALIGN (0x4)

.ARM            0x08007b0c        0x8
                0x08007b0c                        . = ALIGN (0x4)
                0x08007b0c                        __exidx_start = .
 *(.ARM.exidx*)
 .ARM.exidx     0x08007b0c        0x8 C:/ST/STM32CubeIDE_1.16.1/STM32CubeIDE/plugins/com.st.stm32cube.ide.mcu.externaltools.gnu-tools-for-stm32.12.3.rel1.win32_1.0.200.202406191623/tools/bin/../lib/gcc/arm-none-eabi/12.3.1/../../../../arm-none-eabi/lib/thumb/v7e-m+fp/hard\libc_nano.a(libc_a-memchr.o)
 .ARM.exidx     0x08007b14        0x0 C:/ST/STM32CubeIDE_1.16.1/STM32CubeIDE/plugins/com.st.stm32cube.ide.mcu.externaltools.gnu-tools-for-stm32.12.3.rel1.win32_1.0.200.202406191623/tools/bin/../lib/gcc/arm-none-eabi/12.3.1/../../../../arm-none-eabi/lib/thumb/v7e-m+fp/hard\libc_nano.a(libc_a-strlen.o)
                                  0x8 (size before relaxing)
                0x08007b14                        __exidx_end = .
                0x08007b14                        . = ALIGN (0x4)

.rel.dyn        0x08007b14        0x0
 .rel.iplt      0x08007b14        0x0 C:/ST/STM32CubeIDE_1.16.1/STM32CubeIDE/plugins/com.st.stm32cube.ide.mcu.externaltools.gnu-tools-for-stm32.12.3.rel1.win32_1.0.200.202406191623/tools/bin/../lib/gcc/arm-none-eabi/12.3.1/thumb/v7e-m+fp/hard/crtbegin.o

.preinit_array  0x08007b14        0x0
                0x08007b14                        . = ALIGN (0x4)
                0x08007b14                        PROVIDE (__preinit_array_start = .)
 *(.preinit_array*)
                0x08007b14                        PROVIDE (__preinit_array_end = .)
                0x08007b14                        . = ALIGN (0x4)

.init_array     0x08007b14        0x4
                0x08007b14                        . = ALIGN (0x4)
                0x08007b14                        PROVIDE (__init_array_start = .)
 *(SORT_BY_NAME(.init_array.*))
 *(.init_array*)
 .init_array    0x08007b14        0x4 C:/ST/STM32CubeIDE_1.16.1/STM32CubeIDE/plugins/com.st.stm32cube.ide.mcu.externaltools.gnu-tools-for-stm32.12.3.rel1.win32_1.0.200.202406191623/tools/bin/../lib/gcc/arm-none-eabi/12.3.1/thumb/v7e-m+fp/hard/crtbegin.o
                0x08007b18                        PROVIDE (__init_array_end = .)
                0x08007b18                        . = ALIGN (0x4)

.fini_array     0x08007b18        0x4
                0x08007b18                        . = ALIGN (0x4)
                [!provide]                        PROVIDE (__fini_array_start = .)
 *(SORT_BY_NAME(.fini_array.*))
 *(.fini_array*)
 .fini_array    0x08007b18        0x4 C:/ST/STM32CubeIDE_1.16.1/STM32CubeIDE/plugins/com.st.stm32cube.ide.mcu.externaltools.gnu-tools-for-stm32.12.3.rel1.win32_1.0.200.202406191623/tools/bin/../lib/gcc/arm-none-eabi/12.3.1/thumb/v7e-m+fp/hard/crtbegin.o
                [!provide]                        PROVIDE (__fini_array_end = .)
                0x08007b1c                        . = ALIGN (0x4)
                0x08007b1c                        _sidata = LOADADDR (.data)

.data           0x20000000      0x284 load address 0x08007b1c
                0x20000000                        . = ALIGN (0x4)
                0x20000000                        _sdata = .
 *(.data)
 *(.data*)
 .data.Font_5x7
                0x20000000        0x8 ./core/Src/fonts.o
                0x20000000                Font_5x7
 .data.matieresStr
                0x20000008       0x24 ./core/Src/matieres.o
                0x20000008                matieresStr
 .data.notes    0x2000002c       0x7e ./core/Src/notesmath.o
                0x2000002c                notes
 .data.ST7789_Height
                0x200000aa        0x2 ./core/Src/st7789v.o
                0x200000aa                ST7789_Height
 .data.ST7789_Width
                0x200000ac        0x2 ./core/Src/st7789v.o
                0x200000ac                ST7789_Width
 *fill*         0x200000ae        0x2 
 .data.SystemCoreClock
                0x200000b0        0x4 ./core/Src/system_stm32g4xx.o
                0x200000b0                SystemCoreClock
 .data.uwTickFreq
                0x200000b4        0x4 ./drivers/stm32g4xx_hal/Src/stm32g4xx_hal.o
                0x200000b4                uwTickFreq
 .data.uwTickPrio
                0x200000b8        0x4 ./drivers/stm32g4xx_hal/Src/stm32g4xx_hal.o
                0x200000b8                uwTickPrio
 .data.__sglue  0x200000bc        0xc C:/ST/STM32CubeIDE_1.16.1/STM32CubeIDE/plugins/com.st.stm32cube.ide.mcu.externaltools.gnu-tools-for-stm32.12.3.rel1.win32_1.0.200.202406191623/tools/bin/../lib/gcc/arm-none-eabi/12.3.1/../../../../arm-none-eabi/lib/thumb/v7e-m+fp/hard\libc_nano.a(libc_a-findfp.o)
                0x200000bc                __sglue
 .data._impure_ptr
                0x200000c8        0x4 C:/ST/STM32CubeIDE_1.16.1/STM32CubeIDE/plugins/com.st.stm32cube.ide.mcu.externaltools.gnu-tools-for-stm32.12.3.rel1.win32_1.0.200.202406191623/tools/bin/../lib/gcc/arm-none-eabi/12.3.1/../../../../arm-none-eabi/lib/thumb/v7e-m+fp/hard\libc_nano.a(libc_a-impure.o)
                0x200000c8                _impure_ptr
 .data._impure_data
                0x200000cc       0x4c C:/ST/STM32CubeIDE_1.16.1/STM32CubeIDE/plugins/com.st.stm32cube.ide.mcu.externaltools.gnu-tools-for-stm32.12.3.rel1.win32_1.0.200.202406191623/tools/bin/../lib/gcc/arm-none-eabi/12.3.1/../../../../arm-none-eabi/lib/thumb/v7e-m+fp/hard\libc_nano.a(libc_a-impure.o)
                0x200000cc                _impure_data
 .data.__global_locale
                0x20000118      0x16c C:/ST/STM32CubeIDE_1.16.1/STM32CubeIDE/plugins/com.st.stm32cube.ide.mcu.externaltools.gnu-tools-for-stm32.12.3.rel1.win32_1.0.200.202406191623/tools/bin/../lib/gcc/arm-none-eabi/12.3.1/../../../../arm-none-eabi/lib/thumb/v7e-m+fp/hard\libc_nano.a(libc_a-locale.o)
                0x20000118                __global_locale
 *(.RamFunc)
 *(.RamFunc*)
                0x20000284                        . = ALIGN (0x4)
                0x20000284                        _edata = .

.igot.plt       0x20000284        0x0 load address 0x08007da0
 .igot.plt      0x20000284        0x0 C:/ST/STM32CubeIDE_1.16.1/STM32CubeIDE/plugins/com.st.stm32cube.ide.mcu.externaltools.gnu-tools-for-stm32.12.3.rel1.win32_1.0.200.202406191623/tools/bin/../lib/gcc/arm-none-eabi/12.3.1/thumb/v7e-m+fp/hard/crtbegin.o
                0x20000284                        . = ALIGN (0x4)

.bss            0x20000284      0x694 load address 0x08007da0
                0x20000284                        _sbss = .
                0x20000284                        __bss_start__ = _sbss
 *(.bss)
 .bss           0x20000284       0x1c C:/ST/STM32CubeIDE_1.16.1/STM32CubeIDE/plugins/com.st.stm32cube.ide.mcu.externaltools.gnu-tools-for-stm32.12.3.rel1.win32_1.0.200.202406191623/tools/bin/../lib/gcc/arm-none-eabi/12.3.1/thumb/v7e-m+fp/hard/crtbegin.o
 *(.bss*)
 .bss.hdma_spi1_rx
                0x200002a0       0x60 ./core/Src/dma.o
                0x200002a0                hdma_spi1_rx
 .bss.hdma_spi1_tx
                0x20000300       0x60 ./core/Src/dma.o
                0x20000300                hdma_spi1_tx
 .bss.compteur  0x20000360        0x2 ./core/Src/main.o
 *fill*         0x20000362        0x2 
 .bss.hspi1     0x20000364       0x64 ./core/Src/spi.o
                0x20000364                hspi1
 .bss.__sbrk_heap_end
                0x200003c8        0x4 ./core/Src/sysmem.o
 .bss.stdin_usart
                0x200003cc        0x1 ./drivers/bsp/stm32g4_sys.o
 .bss.stderr_usart
                0x200003cd        0x1 ./drivers/bsp/stm32g4_sys.o
 .bss.stdout_usart
                0x200003ce        0x1 ./drivers/bsp/stm32g4_sys.o
 .bss.initialized
                0x200003cf        0x1 ./drivers/bsp/stm32g4_systick.o
 .bss.callback_functions
                0x200003d0       0x40 ./drivers/bsp/stm32g4_systick.o
 .bss.structure_handles
                0x20000410      0x17c ./drivers/bsp/stm32g4_timer.o
 .bss.uart_initialized
                0x2000058c        0x2 ./drivers/bsp/stm32g4_uart.o
 *fill*         0x2000058e        0x2 
 .bss.buffer_rx_data_ready
                0x20000590        0x2 ./drivers/bsp/stm32g4_uart.o
 *fill*         0x20000592        0x2 
 .bss.buffer_rx_read_index
                0x20000594        0x8 ./drivers/bsp/stm32g4_uart.o
 .bss.buffer_rx_write_index
                0x2000059c        0x2 ./drivers/bsp/stm32g4_uart.o
 *fill*         0x2000059e        0x2 
 .bss.buffer_rx
                0x200005a0      0x100 ./drivers/bsp/stm32g4_uart.o
 .bss.structure_handles
                0x200006a0      0x128 ./drivers/bsp/stm32g4_uart.o
 .bss.uwTick    0x200007c8        0x4 ./drivers/stm32g4xx_hal/Src/stm32g4xx_hal.o
                0x200007c8                uwTick
 .bss.__sf      0x200007cc      0x138 C:/ST/STM32CubeIDE_1.16.1/STM32CubeIDE/plugins/com.st.stm32cube.ide.mcu.externaltools.gnu-tools-for-stm32.12.3.rel1.win32_1.0.200.202406191623/tools/bin/../lib/gcc/arm-none-eabi/12.3.1/../../../../arm-none-eabi/lib/thumb/v7e-m+fp/hard\libc_nano.a(libc_a-findfp.o)
                0x200007cc                __sf
 .bss.__stdio_exit_handler
                0x20000904        0x4 C:/ST/STM32CubeIDE_1.16.1/STM32CubeIDE/plugins/com.st.stm32cube.ide.mcu.externaltools.gnu-tools-for-stm32.12.3.rel1.win32_1.0.200.202406191623/tools/bin/../lib/gcc/arm-none-eabi/12.3.1/../../../../arm-none-eabi/lib/thumb/v7e-m+fp/hard\libc_nano.a(libc_a-findfp.o)
                0x20000904                __stdio_exit_handler
 .bss.errno     0x20000908        0x4 C:/ST/STM32CubeIDE_1.16.1/STM32CubeIDE/plugins/com.st.stm32cube.ide.mcu.externaltools.gnu-tools-for-stm32.12.3.rel1.win32_1.0.200.202406191623/tools/bin/../lib/gcc/arm-none-eabi/12.3.1/../../../../arm-none-eabi/lib/thumb/v7e-m+fp/hard\libc_nano.a(libc_a-reent.o)
                0x20000908                errno
 .bss.__lock___malloc_recursive_mutex
                0x2000090c        0x1 C:/ST/STM32CubeIDE_1.16.1/STM32CubeIDE/plugins/com.st.stm32cube.ide.mcu.externaltools.gnu-tools-for-stm32.12.3.rel1.win32_1.0.200.202406191623/tools/bin/../lib/gcc/arm-none-eabi/12.3.1/../../../../arm-none-eabi/lib/thumb/v7e-m+fp/hard\libc_nano.a(libc_a-lock.o)
                0x2000090c                __lock___malloc_recursive_mutex
 .bss.__lock___sfp_recursive_mutex
                0x2000090d        0x1 C:/ST/STM32CubeIDE_1.16.1/STM32CubeIDE/plugins/com.st.stm32cube.ide.mcu.externaltools.gnu-tools-for-stm32.12.3.rel1.win32_1.0.200.202406191623/tools/bin/../lib/gcc/arm-none-eabi/12.3.1/../../../../arm-none-eabi/lib/thumb/v7e-m+fp/hard\libc_nano.a(libc_a-lock.o)
                0x2000090d                __lock___sfp_recursive_mutex
 *fill*         0x2000090e        0x2 
 .bss.__malloc_sbrk_start
                0x20000910        0x4 C:/ST/STM32CubeIDE_1.16.1/STM32CubeIDE/plugins/com.st.stm32cube.ide.mcu.externaltools.gnu-tools-for-stm32.12.3.rel1.win32_1.0.200.202406191623/tools/bin/../lib/gcc/arm-none-eabi/12.3.1/../../../../arm-none-eabi/lib/thumb/v7e-m+fp/hard\libc_nano.a(libc_a-mallocr.o)
                0x20000910                __malloc_sbrk_start
 .bss.__malloc_free_list
                0x20000914        0x4 C:/ST/STM32CubeIDE_1.16.1/STM32CubeIDE/plugins/com.st.stm32cube.ide.mcu.externaltools.gnu-tools-for-stm32.12.3.rel1.win32_1.0.200.202406191623/tools/bin/../lib/gcc/arm-none-eabi/12.3.1/../../../../arm-none-eabi/lib/thumb/v7e-m+fp/hard\libc_nano.a(libc_a-mallocr.o)
                0x20000914                __malloc_free_list
 *(COMMON)
                0x20000918                        . = ALIGN (0x4)
                0x20000918                        _ebss = .
                0x20000918                        __bss_end__ = _ebss

._user_heap_stack
                0x20000918      0x600 load address 0x08007da0
                0x20000918                        . = ALIGN (0x8)
                [!provide]                        PROVIDE (end = .)
                0x20000918                        PROVIDE (_end = .)
                0x20000b18                        . = (. + _Min_Heap_Size)
 *fill*         0x20000918      0x200 
                0x20000f18                        . = (. + _Min_Stack_Size)
 *fill*         0x20000b18      0x400 
                0x20000f18                        . = ALIGN (0x8)

/DISCARD/
 libc.a(*)
 libm.a(*)
 libgcc.a(*)

.ARM.attributes
                0x00000000       0x30
 *(.ARM.attributes)
 .ARM.attributes
                0x00000000       0x22 C:/ST/STM32CubeIDE_1.16.1/STM32CubeIDE/plugins/com.st.stm32cube.ide.mcu.externaltools.gnu-tools-for-stm32.12.3.rel1.win32_1.0.200.202406191623/tools/bin/../lib/gcc/arm-none-eabi/12.3.1/thumb/v7e-m+fp/hard/crti.o
 .ARM.attributes
                0x00000022       0x34 C:/ST/STM32CubeIDE_1.16.1/STM32CubeIDE/plugins/com.st.stm32cube.ide.mcu.externaltools.gnu-tools-for-stm32.12.3.rel1.win32_1.0.200.202406191623/tools/bin/../lib/gcc/arm-none-eabi/12.3.1/thumb/v7e-m+fp/hard/crtbegin.o
 .ARM.attributes
                0x00000056       0x34 ./core/Src/bouton.o
 .ARM.attributes
                0x0000008a       0x34 ./core/Src/config.o
 .ARM.attributes
                0x000000be       0x34 ./core/Src/dma.o
 .ARM.attributes
                0x000000f2       0x34 ./core/Src/eleves.o
 .ARM.attributes
                0x00000126       0x34 ./core/Src/fonts.o
 .ARM.attributes
                0x0000015a       0x34 ./core/Src/gto.o
 .ARM.attributes
                0x0000018e       0x34 ./core/Src/led.o
 .ARM.attributes
                0x000001c2       0x34 ./core/Src/main.o
 .ARM.attributes
                0x000001f6       0x34 ./core/Src/matieres.o
 .ARM.attributes
                0x0000022a       0x34 ./core/Src/notesmath.o
 .ARM.attributes
                0x0000025e       0x34 ./core/Src/spi.o
 .ARM.attributes
                0x00000292       0x34 ./core/Src/st7789v.o
 .ARM.attributes
                0x000002c6       0x34 ./core/Src/stm32g4xx_hal_msp.o
 .ARM.attributes
                0x000002fa       0x34 ./core/Src/stm32g4xx_it.o
 .ARM.attributes
                0x0000032e       0x34 ./core/Src/syscalls.o
 .ARM.attributes
                0x00000362       0x34 ./core/Src/sysmem.o
 .ARM.attributes
                0x00000396       0x34 ./core/Src/system_stm32g4xx.o
 .ARM.attributes
                0x000003ca       0x34 ./core/Startup/bootloader.o
 .ARM.attributes
                0x000003fe       0x21 ./core/Startup/startup_stm32g431kbtx.o
 .ARM.attributes
                0x0000041f       0x34 ./drivers/bsp/stm32g4_sys.o
 .ARM.attributes
                0x00000453       0x34 ./drivers/bsp/stm32g4_systick.o
 .ARM.attributes
                0x00000487       0x34 ./drivers/bsp/stm32g4_timer.o
 .ARM.attributes
                0x000004bb       0x34 ./drivers/bsp/stm32g4_uart.o
 .ARM.attributes
                0x000004ef       0x34 ./drivers/stm32g4xx_hal/Src/stm32g4xx_hal.o
 .ARM.attributes
                0x00000523       0x34 ./drivers/stm32g4xx_hal/Src/stm32g4xx_hal_cortex.o
 .ARM.attributes
                0x00000557       0x34 ./drivers/stm32g4xx_hal/Src/stm32g4xx_hal_dma.o
 .ARM.attributes
                0x0000058b       0x34 ./drivers/stm32g4xx_hal/Src/stm32g4xx_hal_gpio.o
 .ARM.attributes
                0x000005bf       0x34 ./drivers/stm32g4xx_hal/Src/stm32g4xx_hal_pwr_ex.o
 .ARM.attributes
                0x000005f3       0x34 ./drivers/stm32g4xx_hal/Src/stm32g4xx_hal_rcc.o
 .ARM.attributes
                0x00000627       0x34 ./drivers/stm32g4xx_hal/Src/stm32g4xx_hal_spi.o
 .ARM.attributes
                0x0000065b       0x34 ./drivers/stm32g4xx_hal/Src/stm32g4xx_hal_uart.o
 .ARM.attributes
                0x0000068f       0x34 ./drivers/stm32g4xx_hal/Src/stm32g4xx_hal_uart_ex.o
 .ARM.attributes
                0x000006c3       0x34 C:/ST/STM32CubeIDE_1.16.1/STM32CubeIDE/plugins/com.st.stm32cube.ide.mcu.externaltools.gnu-tools-for-stm32.12.3.rel1.win32_1.0.200.202406191623/tools/bin/../lib/gcc/arm-none-eabi/12.3.1/../../../../arm-none-eabi/lib/thumb/v7e-m+fp/hard\libc_nano.a(libc_a-assert.o)
 .ARM.attributes
                0x000006f7       0x34 C:/ST/STM32CubeIDE_1.16.1/STM32CubeIDE/plugins/com.st.stm32cube.ide.mcu.externaltools.gnu-tools-for-stm32.12.3.rel1.win32_1.0.200.202406191623/tools/bin/../lib/gcc/arm-none-eabi/12.3.1/../../../../arm-none-eabi/lib/thumb/v7e-m+fp/hard\libc_nano.a(libc_a-nano-vfprintf_float.o)
 .ARM.attributes
                0x0000072b       0x34 C:/ST/STM32CubeIDE_1.16.1/STM32CubeIDE/plugins/com.st.stm32cube.ide.mcu.externaltools.gnu-tools-for-stm32.12.3.rel1.win32_1.0.200.202406191623/tools/bin/../lib/gcc/arm-none-eabi/12.3.1/../../../../arm-none-eabi/lib/thumb/v7e-m+fp/hard\libc_nano.a(libc_a-nano-vfprintf_i.o)
 .ARM.attributes
                0x0000075f       0x34 C:/ST/STM32CubeIDE_1.16.1/STM32CubeIDE/plugins/com.st.stm32cube.ide.mcu.externaltools.gnu-tools-for-stm32.12.3.rel1.win32_1.0.200.202406191623/tools/bin/../lib/gcc/arm-none-eabi/12.3.1/../../../../arm-none-eabi/lib/thumb/v7e-m+fp/hard\libc_nano.a(libc_a-findfp.o)
 .ARM.attributes
                0x00000793       0x34 C:/ST/STM32CubeIDE_1.16.1/STM32CubeIDE/plugins/com.st.stm32cube.ide.mcu.externaltools.gnu-tools-for-stm32.12.3.rel1.win32_1.0.200.202406191623/tools/bin/../lib/gcc/arm-none-eabi/12.3.1/../../../../arm-none-eabi/lib/thumb/v7e-m+fp/hard\libc_nano.a(libc_a-fprintf.o)
 .ARM.attributes
                0x000007c7       0x34 C:/ST/STM32CubeIDE_1.16.1/STM32CubeIDE/plugins/com.st.stm32cube.ide.mcu.externaltools.gnu-tools-for-stm32.12.3.rel1.win32_1.0.200.202406191623/tools/bin/../lib/gcc/arm-none-eabi/12.3.1/../../../../arm-none-eabi/lib/thumb/v7e-m+fp/hard\libc_nano.a(libc_a-fwalk.o)
 .ARM.attributes
                0x000007fb       0x34 C:/ST/STM32CubeIDE_1.16.1/STM32CubeIDE/plugins/com.st.stm32cube.ide.mcu.externaltools.gnu-tools-for-stm32.12.3.rel1.win32_1.0.200.202406191623/tools/bin/../lib/gcc/arm-none-eabi/12.3.1/../../../../arm-none-eabi/lib/thumb/v7e-m+fp/hard\libc_nano.a(libc_a-sprintf.o)
 .ARM.attributes
                0x0000082f       0x34 C:/ST/STM32CubeIDE_1.16.1/STM32CubeIDE/plugins/com.st.stm32cube.ide.mcu.externaltools.gnu-tools-for-stm32.12.3.rel1.win32_1.0.200.202406191623/tools/bin/../lib/gcc/arm-none-eabi/12.3.1/../../../../arm-none-eabi/lib/thumb/v7e-m+fp/hard\libc_nano.a(libc_a-stdio.o)
 .ARM.attributes
                0x00000863       0x34 C:/ST/STM32CubeIDE_1.16.1/STM32CubeIDE/plugins/com.st.stm32cube.ide.mcu.externaltools.gnu-tools-for-stm32.12.3.rel1.win32_1.0.200.202406191623/tools/bin/../lib/gcc/arm-none-eabi/12.3.1/../../../../arm-none-eabi/lib/thumb/v7e-m+fp/hard\libc_nano.a(libc_a-memset.o)
 .ARM.attributes
                0x00000897       0x34 C:/ST/STM32CubeIDE_1.16.1/STM32CubeIDE/plugins/com.st.stm32cube.ide.mcu.externaltools.gnu-tools-for-stm32.12.3.rel1.win32_1.0.200.202406191623/tools/bin/../lib/gcc/arm-none-eabi/12.3.1/../../../../arm-none-eabi/lib/thumb/v7e-m+fp/hard\libc_nano.a(libc_a-localeconv.o)
 .ARM.attributes
                0x000008cb       0x34 C:/ST/STM32CubeIDE_1.16.1/STM32CubeIDE/plugins/com.st.stm32cube.ide.mcu.externaltools.gnu-tools-for-stm32.12.3.rel1.win32_1.0.200.202406191623/tools/bin/../lib/gcc/arm-none-eabi/12.3.1/../../../../arm-none-eabi/lib/thumb/v7e-m+fp/hard\libc_nano.a(libc_a-closer.o)
 .ARM.attributes
                0x000008ff       0x34 C:/ST/STM32CubeIDE_1.16.1/STM32CubeIDE/plugins/com.st.stm32cube.ide.mcu.externaltools.gnu-tools-for-stm32.12.3.rel1.win32_1.0.200.202406191623/tools/bin/../lib/gcc/arm-none-eabi/12.3.1/../../../../arm-none-eabi/lib/thumb/v7e-m+fp/hard\libc_nano.a(libc_a-reent.o)
 .ARM.attributes
                0x00000933       0x34 C:/ST/STM32CubeIDE_1.16.1/STM32CubeIDE/plugins/com.st.stm32cube.ide.mcu.externaltools.gnu-tools-for-stm32.12.3.rel1.win32_1.0.200.202406191623/tools/bin/../lib/gcc/arm-none-eabi/12.3.1/../../../../arm-none-eabi/lib/thumb/v7e-m+fp/hard\libc_nano.a(libc_a-impure.o)
 .ARM.attributes
                0x00000967       0x34 C:/ST/STM32CubeIDE_1.16.1/STM32CubeIDE/plugins/com.st.stm32cube.ide.mcu.externaltools.gnu-tools-for-stm32.12.3.rel1.win32_1.0.200.202406191623/tools/bin/../lib/gcc/arm-none-eabi/12.3.1/../../../../arm-none-eabi/lib/thumb/v7e-m+fp/hard\libc_nano.a(libc_a-lseekr.o)
 .ARM.attributes
                0x0000099b       0x34 C:/ST/STM32CubeIDE_1.16.1/STM32CubeIDE/plugins/com.st.stm32cube.ide.mcu.externaltools.gnu-tools-for-stm32.12.3.rel1.win32_1.0.200.202406191623/tools/bin/../lib/gcc/arm-none-eabi/12.3.1/../../../../arm-none-eabi/lib/thumb/v7e-m+fp/hard\libc_nano.a(libc_a-readr.o)
 .ARM.attributes
                0x000009cf       0x34 C:/ST/STM32CubeIDE_1.16.1/STM32CubeIDE/plugins/com.st.stm32cube.ide.mcu.externaltools.gnu-tools-for-stm32.12.3.rel1.win32_1.0.200.202406191623/tools/bin/../lib/gcc/arm-none-eabi/12.3.1/../../../../arm-none-eabi/lib/thumb/v7e-m+fp/hard\libc_nano.a(libc_a-writer.o)
 .ARM.attributes
                0x00000a03       0x34 C:/ST/STM32CubeIDE_1.16.1/STM32CubeIDE/plugins/com.st.stm32cube.ide.mcu.externaltools.gnu-tools-for-stm32.12.3.rel1.win32_1.0.200.202406191623/tools/bin/../lib/gcc/arm-none-eabi/12.3.1/../../../../arm-none-eabi/lib/thumb/v7e-m+fp/hard\libc_nano.a(libc_a-errno.o)
 .ARM.attributes
                0x00000a37       0x34 C:/ST/STM32CubeIDE_1.16.1/STM32CubeIDE/plugins/com.st.stm32cube.ide.mcu.externaltools.gnu-tools-for-stm32.12.3.rel1.win32_1.0.200.202406191623/tools/bin/../lib/gcc/arm-none-eabi/12.3.1/../../../../arm-none-eabi/lib/thumb/v7e-m+fp/hard\libc_nano.a(libc_a-init.o)
 .ARM.attributes
                0x00000a6b       0x34 C:/ST/STM32CubeIDE_1.16.1/STM32CubeIDE/plugins/com.st.stm32cube.ide.mcu.externaltools.gnu-tools-for-stm32.12.3.rel1.win32_1.0.200.202406191623/tools/bin/../lib/gcc/arm-none-eabi/12.3.1/../../../../arm-none-eabi/lib/thumb/v7e-m+fp/hard\libc_nano.a(libc_a-lock.o)
 .ARM.attributes
                0x00000a9f       0x1c C:/ST/STM32CubeIDE_1.16.1/STM32CubeIDE/plugins/com.st.stm32cube.ide.mcu.externaltools.gnu-tools-for-stm32.12.3.rel1.win32_1.0.200.202406191623/tools/bin/../lib/gcc/arm-none-eabi/12.3.1/../../../../arm-none-eabi/lib/thumb/v7e-m+fp/hard\libc_nano.a(libc_a-memchr.o)
 .ARM.attributes
                0x00000abb       0x17 C:/ST/STM32CubeIDE_1.16.1/STM32CubeIDE/plugins/com.st.stm32cube.ide.mcu.externaltools.gnu-tools-for-stm32.12.3.rel1.win32_1.0.200.202406191623/tools/bin/../lib/gcc/arm-none-eabi/12.3.1/../../../../arm-none-eabi/lib/thumb/v7e-m+fp/hard\libc_nano.a(libc_a-strlen.o)
 .ARM.attributes