../core/Src/stm32g4xx_it.c:27:6:DMA1_Channel2_IRQHandler	8	static
../core/Src/stm32g4xx_it.c:32:6:DMA1_Channel3_IRQHandler	8	static
../core/Src/stm32g4xx_it.c:37:6:SPI1_IRQHandler	8	static
../core/Src/stm32g4xx_it.c:42:6:NMI_Handler	0	static
../core/Src/stm32g4xx_it.c:53:6:HardFault_Handler	0	static
../core/Src/stm32g4xx_it.c:64:6:MemManage_Handler	0	static
../core/Src/stm32g4xx_it.c:75:6:BusFault_Handler	0	static
../core/Src/stm32g4xx_it.c:86:6:UsageFault_Handler	0	static
../core/Src/stm32g4xx_it.c:97:6:SVC_Handler	0	static
../core/Src/stm32g4xx_it.c:106:6:DebugMon_Handler	0	static
../core/Src/stm32g4xx_it.c:115:6:PendSV_Handler	0	static
