Archive member included to satisfy reference by file (symbol)

C:/ST/STM32CubeIDE_1.16.1/STM32CubeIDE/plugins/com.st.stm32cube.ide.mcu.externaltools.gnu-tools-for-stm32.12.3.rel1.win32_1.0.200.202406191623/tools/bin/../lib/gcc/arm-none-eabi/12.3.1/../../../../arm-none-eabi/lib/thumb/v7e-m+fp/hard\libc_nano.a(libc_a-assert.o)
                              ./drivers/bsp/stm32g4_flash.o (__assert_func)
C:/ST/STM32CubeIDE_1.16.1/STM32CubeIDE/plugins/com.st.stm32cube.ide.mcu.externaltools.gnu-tools-for-stm32.12.3.rel1.win32_1.0.200.202406191623/tools/bin/../lib/gcc/arm-none-eabi/12.3.1/../../../../arm-none-eabi/lib/thumb/v7e-m+fp/hard\libc_nano.a(libc_a-exit.o)
                              C:/ST/STM32CubeIDE_1.16.1/STM32CubeIDE/plugins/com.st.stm32cube.ide.mcu.externaltools.gnu-tools-for-stm32.12.3.rel1.win32_1.0.200.202406191623/tools/bin/../lib/gcc/arm-none-eabi/12.3.1/../../../../arm-none-eabi/lib/thumb/v7e-m+fp/hard/crt0.o (exit)
C:/ST/STM32CubeIDE_1.16.1/STM32CubeIDE/plugins/com.st.stm32cube.ide.mcu.externaltools.gnu-tools-for-stm32.12.3.rel1.win32_1.0.200.202406191623/tools/bin/../lib/gcc/arm-none-eabi/12.3.1/../../../../arm-none-eabi/lib/thumb/v7e-m+fp/hard\libc_nano.a(libc_a-nano-vfprintf_float.o)
                              (_printf_float)
C:/ST/STM32CubeIDE_1.16.1/STM32CubeIDE/plugins/com.st.stm32cube.ide.mcu.externaltools.gnu-tools-for-stm32.12.3.rel1.win32_1.0.200.202406191623/tools/bin/../lib/gcc/arm-none-eabi/12.3.1/../../../../arm-none-eabi/lib/thumb/v7e-m+fp/hard\libc_nano.a(libc_a-nano-vfprintf_i.o)
                              C:/ST/STM32CubeIDE_1.16.1/STM32CubeIDE/plugins/com.st.stm32cube.ide.mcu.externaltools.gnu-tools-for-stm32.12.3.rel1.win32_1.0.200.202406191623/tools/bin/../lib/gcc/arm-none-eabi/12.3.1/../../../../arm-none-eabi/lib/thumb/v7e-m+fp/hard\libc_nano.a(libc_a-nano-vfprintf_float.o) (_printf_common)
C:/ST/STM32CubeIDE_1.16.1/STM32CubeIDE/plugins/com.st.stm32cube.ide.mcu.externaltools.gnu-tools-for-stm32.12.3.rel1.win32_1.0.200.202406191623/tools/bin/../lib/gcc/arm-none-eabi/12.3.1/../../../../arm-none-eabi/lib/thumb/v7e-m+fp/hard\libc_nano.a(libc_a-findfp.o)
                              C:/ST/STM32CubeIDE_1.16.1/STM32CubeIDE/plugins/com.st.stm32cube.ide.mcu.externaltools.gnu-tools-for-stm32.12.3.rel1.win32_1.0.200.202406191623/tools/bin/../lib/gcc/arm-none-eabi/12.3.1/../../../../arm-none-eabi/lib/thumb/v7e-m+fp/hard\libc_nano.a(libc_a-exit.o) (__stdio_exit_handler)
C:/ST/STM32CubeIDE_1.16.1/STM32CubeIDE/plugins/com.st.stm32cube.ide.mcu.externaltools.gnu-tools-for-stm32.12.3.rel1.win32_1.0.200.202406191623/tools/bin/../lib/gcc/arm-none-eabi/12.3.1/../../../../arm-none-eabi/lib/thumb/v7e-m+fp/hard\libc_nano.a(libc_a-fprintf.o)
                              C:/ST/STM32CubeIDE_1.16.1/STM32CubeIDE/plugins/com.st.stm32cube.ide.mcu.externaltools.gnu-tools-for-stm32.12.3.rel1.win32_1.0.200.202406191623/tools/bin/../lib/gcc/arm-none-eabi/12.3.1/../../../../arm-none-eabi/lib/thumb/v7e-m+fp/hard\libc_nano.a(libc_a-assert.o) (fiprintf)
C:/ST/STM32CubeIDE_1.16.1/STM32CubeIDE/plugins/com.st.stm32cube.ide.mcu.externaltools.gnu-tools-for-stm32.12.3.rel1.win32_1.0.200.202406191623/tools/bin/../lib/gcc/arm-none-eabi/12.3.1/../../../../arm-none-eabi/lib/thumb/v7e-m+fp/hard\libc_nano.a(libc_a-fwalk.o)
                              C:/ST/STM32CubeIDE_1.16.1/STM32CubeIDE/plugins/com.st.stm32cube.ide.mcu.externaltools.gnu-tools-for-stm32.12.3.rel1.win32_1.0.200.202406191623/tools/bin/../lib/gcc/arm-none-eabi/12.3.1/../../../../arm-none-eabi/lib/thumb/v7e-m+fp/hard\libc_nano.a(libc_a-findfp.o) (_fwalk_sglue)
C:/ST/STM32CubeIDE_1.16.1/STM32CubeIDE/plugins/com.st.stm32cube.ide.mcu.externaltools.gnu-tools-for-stm32.12.3.rel1.win32_1.0.200.202406191623/tools/bin/../lib/gcc/arm-none-eabi/12.3.1/../../../../arm-none-eabi/lib/thumb/v7e-m+fp/hard\libc_nano.a(libc_a-printf.o)
                              ./drivers/bsp/stm32g4_flash.o (printf)
C:/ST/STM32CubeIDE_1.16.1/STM32CubeIDE/plugins/com.st.stm32cube.ide.mcu.externaltools.gnu-tools-for-stm32.12.3.rel1.win32_1.0.200.202406191623/tools/bin/../lib/gcc/arm-none-eabi/12.3.1/../../../../arm-none-eabi/lib/thumb/v7e-m+fp/hard\libc_nano.a(libc_a-setvbuf.o)
                              ./drivers/bsp/stm32g4_uart.o (setvbuf)
C:/ST/STM32CubeIDE_1.16.1/STM32CubeIDE/plugins/com.st.stm32cube.ide.mcu.externaltools.gnu-tools-for-stm32.12.3.rel1.win32_1.0.200.202406191623/tools/bin/../lib/gcc/arm-none-eabi/12.3.1/../../../../arm-none-eabi/lib/thumb/v7e-m+fp/hard\libc_nano.a(libc_a-stdio.o)
                              C:/ST/STM32CubeIDE_1.16.1/STM32CubeIDE/plugins/com.st.stm32cube.ide.mcu.externaltools.gnu-tools-for-stm32.12.3.rel1.win32_1.0.200.202406191623/tools/bin/../lib/gcc/arm-none-eabi/12.3.1/../../../../arm-none-eabi/lib/thumb/v7e-m+fp/hard\libc_nano.a(libc_a-findfp.o) (__sread)
[...]
Memory Configuration

Name             Origin             Length             Attributes
RAM              0x20000000         0x00008000         xrw
START            0x08000000         0x00000800         xr
BOOTLOADER       0x08000800         0x00000800         xr
FLASH            0x08001000         0x0001e800         xr
VIRTUAL_EEPROM   0x0801f800         0x00000800         xr
*default*        0x00000000         0xffffffff

Linker script and memory map

LOAD C:/ST/STM32CubeIDE_1.16.1/STM32CubeIDE/plugins/com.st.stm32cube.ide.mcu.externaltools.gnu-tools-for-stm32.12.3.rel1.win32_1.0.200.202406191623/tools/bin/../lib/gcc/arm-none-eabi/12.3.1/thumb/v7e-m+fp/hard/crti.o
LOAD C:/ST/STM32CubeIDE_1.16.1/STM32CubeIDE/plugins/com.st.stm32cube.ide.mcu.externaltools.gnu-tools-for-stm32.12.3.rel1.win32_1.0.200.202406191623/tools/bin/../lib/gcc/arm-none-eabi/12.3.1/thumb/v7e-m+fp/hard/crtbegin.o
LOAD C:/ST/STM32CubeIDE_1.16.1/STM32CubeIDE/plugins/com.st.stm32cube.ide.mcu.externaltools.gnu-tools-for-stm32.12.3.rel1.win32_1.0.200.202406191623/tools/bin/../lib/gcc/arm-none-eabi/12.3.1/../../../../arm-none-eabi/lib/thumb/v7e-m+fp/hard/crt0.o
LOAD ./core/Src/config.o
LOAD ./core/Src/dma.o
LOAD ./core/Src/fonts.o
LOAD ./core/Src/main.o
LOAD ./core/Src/spi.o
LOAD ./core/Src/st7789v.o
LOAD ./core/Src/stm32g4xx_hal_msp.o
LOAD ./core/Src/stm32g4xx_it.o
LOAD ./core/Src/syscalls.o
LOAD ./core/Src/sysmem.o
LOAD ./core/Src/system_stm32g4xx.o
LOAD ./core/Startup/bootloader.o
LOAD ./core/Startup/startup_stm32g431kbtx.o
LOAD ./drivers/bsp/MPU6050/stm32g4_mpu6050.o
LOAD ./drivers/bsp/stm32g4_adc.o
LOAD ./drivers/bsp/stm32g4_dac.o
LOAD ./drivers/bsp/stm32g4_extit.o
LOAD ./drivers/bsp/stm32g4_flash.o
LOAD ./drivers/bsp/stm32g4_gpio.o
LOAD ./drivers/bsp/stm32g4_i2c.o
LOAD ./drivers/bsp/stm32g4_rtc.o
LOAD ./drivers/bsp/stm32g4_spi.o
LOAD ./drivers/bsp/stm32g4_sys.o
LOAD ./drivers/bsp/stm32g4_systick.o
LOAD ./drivers/bsp/stm32g4_timer.o
LOAD ./drivers/bsp/stm32g4_uart.o
LOAD ./drivers/bsp/tft_ili9341/stm32g4_fonts.o
LOAD ./drivers/bsp/tft_ili9341/stm32g4_ili9341.o
LOAD ./drivers/bsp/tft_ili9341/stm32g4_xpt2046.o
LOAD ./drivers/stm32g4xx_hal/Src/stm32g4xx_hal.o
LOAD ./drivers/stm32g4xx_hal/Src/stm32g4xx_hal_adc.o
LOAD ./drivers/stm32g4xx_hal/Src/stm32g4xx_hal_adc_ex.o
LOAD ./drivers/stm32g4xx_hal/Src/stm32g4xx_hal_cortex.o
LOAD ./drivers/stm32g4xx_hal/Src/stm32g4xx_hal_dac.o
LOAD ./drivers/stm32g4xx_hal/Src/stm32g4xx_hal_dac_ex.o
LOAD ./drivers/stm32g4xx_hal/Src/stm32g4xx_hal_dma.o
LOAD ./drivers/stm32g4xx_hal/Src/stm32g4xx_hal_dma_ex.o
LOAD ./drivers/stm32g4xx_hal/Src/stm32g4xx_hal_exti.o
LOAD ./drivers/stm32g4xx_hal/Src/stm32g4xx_hal_flash.o
LOAD ./drivers/stm32g4xx_hal/Src/stm32g4xx_hal_flash_ex.o
LOAD ./drivers/stm32g4xx_hal/Src/stm32g4xx_hal_flash_ramfunc.o
LOAD ./drivers/stm32g4xx_hal/Src/stm32g4xx_hal_gpio.o
LOAD ./drivers/stm32g4xx_hal/Src/stm32g4xx_hal_i2c.o
LOAD ./drivers/stm32g4xx_hal/Src/stm32g4xx_hal_i2c_ex.o
LOAD ./drivers/stm32g4xx_hal/Src/stm32g4xx_hal_pwr.o
LOAD ./drivers/stm32g4xx_hal/Src/stm32g4xx_hal_pwr_ex.o
LOAD ./drivers/stm32g4xx_hal/Src/stm32g4xx_hal_rcc.o
LOAD ./drivers/stm32g4xx_hal/Src/stm32g4xx_hal_rcc_ex.o
LOAD ./drivers/stm32g4xx_hal/Src/stm32g4xx_hal_rng.o
LOAD ./drivers/stm32g4xx_hal/Src/stm32g4xx_hal_rtc.o
LOAD ./drivers/stm32g4xx_hal/Src/stm32g4xx_hal_rtc_ex.o
LOAD ./drivers/stm32g4xx_hal/Src/stm32g4xx_hal_spi.o
LOAD ./drivers/stm32g4xx_hal/Src/stm32g4xx_hal_spi_ex.o
LOAD ./drivers/stm32g4xx_hal/Src/stm32g4xx_hal_tim.o
LOAD ./drivers/stm32g4xx_hal/Src/stm32g4xx_hal_tim_ex.o
LOAD ./drivers/stm32g4xx_hal/Src/stm32g4xx_hal_uart.o
LOAD ./drivers/stm32g4xx_hal/Src/stm32g4xx_hal_uart_ex.o
LOAD ./drivers/stm32g4xx_hal/Src/stm32g4xx_ll_adc.o
START GROUP
LOAD C:/ST/STM32CubeIDE_1.16.1/STM32CubeIDE/plugins/com.st.stm32cube.ide.mcu.externaltools.gnu-tools-for-stm32.12.3.rel1.win32_1.0.200.202406191623/tools/bin/../lib/gcc/arm-none-eabi/12.3.1/../../../../arm-none-eabi/lib/thumb/v7e-m+fp/hard\libc_nano.a
LOAD C:/ST/STM32CubeIDE_1.16.1/STM32CubeIDE/plugins/com.st.stm32cube.ide.mcu.externaltools.gnu-tools-for-stm32.12.3.rel1.win32_1.0.200.202406191623/tools/bin/../lib/gcc/arm-none-eabi/12.3.1/../../../../arm-none-eabi/lib/thumb/v7e-m+fp/hard\libm.a
END GROUP
START GROUP
LOAD C:/ST/STM32CubeIDE_1.16.1/STM32CubeIDE/plugins/com.st.stm32cube.ide.mcu.externaltools.gnu-tools-for-stm32.12.3.rel1.win32_1.0.200.202406191623/tools/bin/../lib/gcc/arm-none-eabi/12.3.1/thumb/v7e-m+fp/hard\libgcc.a
LOAD C:/ST/STM32CubeIDE_1.16.1/STM32CubeIDE/plugins/com.st.stm32cube.ide.mcu.externaltools.gnu-tools-for-stm32.12.3.rel1.win32_1.0.200.202406191623/tools/bin/../lib/gcc/arm-none-eabi/12.3.1/../../../../arm-none-eabi/lib/thumb/v7e-m+fp/hard\libc_nano.a
END GROUP
START GROUP
LOAD C:/ST/STM32CubeIDE_1.16.1/STM32CubeIDE/plugins/com.st.stm32cube.ide.mcu.externaltools.gnu-tools-for-stm32.12.3.rel1.win32_1.0.200.202406191623/tools/bin/../lib/gcc/arm-none-eabi/12.3.1/thumb/v7e-m+fp/hard\libgcc.a
LOAD C:/ST/STM32CubeIDE_1.16.1/STM32CubeIDE/plugins/com.st.stm32cube.ide.mcu.externaltools.gnu-tools-for-stm32.12.3.rel1.win32_1.0.200.202406191623/tools/bin/../lib/gcc/arm-none-eabi/12.3.1/../../../../arm-none-eabi/lib/thumb/v7e-m+fp/hard\libc_nano.a
LOAD C:/ST/STM32CubeIDE_1.16.1/STM32CubeIDE/plugins/com.st.stm32cube.ide.mcu.externaltools.gnu-tools-for-stm32.12.3.rel1.win32_1.0.200.202406191623/tools/bin/../lib/gcc/arm-none-eabi/12.3.1/../../../../arm-none-eabi/lib/thumb/v7e-m+fp/hard\libnosys.a
END GROUP
START GROUP
LOAD C:/ST/STM32CubeIDE_1.16.1/STM32CubeIDE/plugins/com.st.stm32cube.ide.mcu.externaltools.gnu-tools-for-stm32.12.3.rel1.win32_1.0.200.202406191623/tools/bin/../lib/gcc/arm-none-eabi/12.3.1/thumb/v7e-m+fp/hard\libgcc.a
LOAD C:/ST/STM32CubeIDE_1.16.1/STM32CubeIDE/plugins/com.st.stm32cube.ide.mcu.externaltools.gnu-tools-for-stm32.12.3.rel1.win32_1.0.200.202406191623/tools/bin/../lib/gcc/arm-none-eabi/12.3.1/../../../../arm-none-eabi/lib/thumb/v7e-m+fp/hard\libc_nano.a
LOAD C:/ST/STM32CubeIDE_1.16.1/STM32CubeIDE/plugins/com.st.stm32cube.ide.mcu.externaltools.gnu-tools-for-stm32.12.3.rel1.win32_1.0.200.202406191623/tools/bin/../lib/gcc/arm-none-eabi/12.3.1/../../../../arm-none-eabi/lib/thumb/v7e-m+fp/hard\libnosys.a
END GROUP
LOAD C:/ST/STM32CubeIDE_1.16.1/STM32CubeIDE/plugins/com.st.stm32cube.ide.mcu.externaltools.gnu-tools-for-stm32.12.3.rel1.win32_1.0.200.202406191623/tools/bin/../lib/gcc/arm-none-eabi/12.3.1/thumb/v7e-m+fp/hard/crtend.o
LOAD C:/ST/STM32CubeIDE_1.16.1/STM32CubeIDE/plugins/com.st.stm32cube.ide.mcu.externaltools.gnu-tools-for-stm32.12.3.rel1.win32_1.0.200.202406191623/tools/bin/../lib/gcc/arm-none-eabi/12.3.1/thumb/v7e-m+fp/hard/crtn.o
                0x20008000                        _estack = (ORIGIN (RAM) + LENGTH (RAM))
                0x00000200                        _Min_Heap_Size = 0x200
                0x00000400                        _Min_Stack_Size = 0x400
                0x20007c00                        __Stack_Init = (_estack - _Min_Stack_Size)

.isr_vector     0x08000000      0x1d8
                0x08000000                        . = ALIGN (0x4)
 *(.isr_vector)
 .isr_vector    0x08000000      0x1d8 ./core/Startup/startup_stm32g431kbtx.o
                0x08000000                g_pfnVectors
                0x080001d8                        . = ALIGN (0x4)

.startup        0x080001d8       0x84
                0x080001d8                        . = ALIGN (0x4)
 *(.startup)
 .startup       0x080001d8        0xe ./core/Startup/startup_stm32g431kbtx.o
                0x080001d8                Delay_us
 *(.startup*)
 *fill*         0x080001e6        0x2 
 .startup.Reset_Handler
                0x080001e8       0x70 ./core/Startup/startup_stm32g431kbtx.o
                0x080001e8                Reset_Handler
 .startup.Default_Handler
                0x08000258        0x2 ./core/Startup/startup_stm32g431kbtx.o
                0x08000258                RTC_Alarm_IRQHandler
                0x08000258                EXTI2_IRQHandler
                0x08000258                TIM8_TRG_COM_IRQHandler
                0x08000258                TIM8_CC_IRQHandler
                0x08000258                TIM1_CC_IRQHandler
                0x08000258                USB_HP_IRQHandler
                0x08000258                CORDIC_IRQHandler
                0x08000258                EXTI3_IRQHandler
                0x08000258                I2C3_ER_IRQHandler
                0x08000258                EXTI0_IRQHandler
                0x08000258                I2C2_EV_IRQHandler
                0x08000258                FPU_IRQHandler
                0x08000258                FDCAN1_IT1_IRQHandler
                0x08000258                ADC1_2_IRQHandler
                0x08000258                TIM8_UP_IRQHandler
                0x08000258                DMA2_Channel2_IRQHandler
                0x08000258                DMA1_Channel4_IRQHandler
                0x08000258                USART3_IRQHandler
                0x08000258                DMA2_Channel1_IRQHandler
                0x08000258                I2C1_EV_IRQHandler
                0x08000258                DMA1_Channel6_IRQHandler
                0x08000258                UART4_IRQHandler
                0x08000258                DMA2_Channel4_IRQHandler
                0x08000258                RCC_IRQHandler
                0x08000258                DMA1_Channel1_IRQHandler
                0x08000258                Default_Handler
                0x08000258                RTC_TAMP_LSECSS_IRQHandler
                0x08000258                FMAC_IRQHandler
                0x08000258                EXTI15_10_IRQHandler
                0x08000258                TIM7_IRQHandler
                0x08000258                UCPD1_IRQHandler
                0x08000258                I2C3_EV_IRQHandler
                0x08000258                EXTI9_5_IRQHandler
                0x08000258                RTC_WKUP_IRQHandler
                0x08000258                PVD_PVM_IRQHandler
                0x08000258                SPI2_IRQHandler
                0x08000258                DMA2_Channel5_IRQHandler
                0x08000258                CRS_IRQHandler
                0x08000258                DMA1_Channel5_IRQHandler
                0x08000258                USB_LP_IRQHandler
                0x08000258                EXTI4_IRQHandler
                0x08000258                RNG_IRQHandler
                0x08000258                TIM1_TRG_COM_TIM17_IRQHandler
                0x08000258                WWDG_IRQHandler
                0x08000258                LPUART1_IRQHandler
                0x08000258                DMA2_Channel6_IRQHandler
                0x08000258                FDCAN1_IT0_IRQHandler
                0x08000258                COMP1_2_3_IRQHandler
                0x08000258                EXTI1_IRQHandler
                0x08000258                I2C2_ER_IRQHandler
                0x08000258                TIM8_BRK_IRQHandler
                0x08000258                FLASH_IRQHandler
                0x08000258                SPI3_IRQHandler
                0x08000258                I2C1_ER_IRQHandler
                0x08000258                LPTIM1_IRQHandler
                0x08000258                DMAMUX_OVR_IRQHandler
                0x08000258                USBWakeUp_IRQHandler
                0x08000258                SAI1_IRQHandler
                0x08000258                DMA2_Channel3_IRQHandler
                0x08000258                COMP4_IRQHandler
                0x08000258                TIM1_BRK_TIM15_IRQHandler
                0x0800025c                        . = ALIGN (0x4)
 *fill*         0x0800025a        0x2 

.bootloader     0x08000800      0x694
                0x08000800                        . = ALIGN (0x4)
 *(.bootloader.begin)
 .bootloader.begin
                0x08000800      0x278 ./core/Startup/bootloader.o
                0x08000800                bootloader
 *(.bootloader)
 .bootloader    0x08000a78      0x41c ./core/Startup/bootloader.o
                0x08000e94                        . = ALIGN (0x4)

.text           0x08001000     0x56a4
                0x08001000                        . = ALIGN (0x4)
 *(.text)
 .text          0x08001000       0x40 C:/ST/STM32CubeIDE_1.16.1/STM32CubeIDE/plugins/com.st.stm32cube.ide.mcu.externaltools.gnu-tools-for-stm32.12.3.rel1.win32_1.0.200.202406191623/tools/bin/../lib/gcc/arm-none-eabi/12.3.1/thumb/v7e-m+fp/hard/crtbegin.o
 .text          0x08001040       0xa0 C:/ST/STM32CubeIDE_1.16.1/STM32CubeIDE/plugins/com.st.stm32cube.ide.mcu.externaltools.gnu-tools-for-stm32.12.3.rel1.win32_1.0.200.202406191623/tools/bin/../lib/gcc/arm-none-eabi/12.3.1/../../../../arm-none-eabi/lib/thumb/v7e-m+fp/hard\libc_nano.a(libc_a-memchr.o)
                0x08001040                memchr
 .text          0x080010e0       0x10 C:/ST/STM32CubeIDE_1.16.1/STM32CubeIDE/plugins/com.st.stm32cube.ide.mcu.externaltools.gnu-tools-for-stm32.12.3.rel1.win32_1.0.200.202406191623/tools/bin/../lib/gcc/arm-none-eabi/12.3.1/../../../../arm-none-eabi/lib/thumb/v7e-m+fp/hard\libc_nano.a(libc_a-strlen.o)
                0x080010e0                strlen
 .text          0x080010f0      0x378 C:/ST/STM32CubeIDE_1.16.1/STM32CubeIDE/plugins/com.st.stm32cube.ide.mcu.externaltools.gnu-tools-for-stm32.12.3.rel1.win32_1.0.200.202406191623/tools/bin/../lib/gcc/arm-none-eabi/12.3.1/thumb/v7e-m+fp/hard\libgcc.a(_arm_addsubdf3.o)
                0x080010f0                __aeabi_drsub
                0x080010f8                __aeabi_dsub
                0x080010f8                __subdf3
                0x080010fc                __aeabi_dadd
                0x080010fc                __adddf3
                0x08001374                __floatunsidf
                0x08001374                __aeabi_ui2d
                0x08001394                __floatsidf
                0x08001394                __aeabi_i2d
                0x080013b8                __aeabi_f2d
                0x080013b8                __extendsfdf2
                0x080013fc                __floatundidf
                0x080013fc                __aeabi_ul2d
                0x0800140c                __floatdidf
                0x0800140c                __aeabi_l2d
 .text          0x08001468      0x424 C:/ST/STM32CubeIDE_1.16.1/STM32CubeIDE/plugins/com.st.stm32cube.ide.mcu.externaltools.gnu-tools-for-stm32.12.3.rel1.win32_1.0.200.202406191623/tools/bin/../lib/gcc/arm-none-eabi/12.3.1/thumb/v7e-m+fp/hard\libgcc.a(_arm_muldivdf3.o)
                0x08001468                __aeabi_dmul
                0x08001468                __muldf3
                0x080016bc                __divdf3
                0x080016bc                __aeabi_ddiv
 .text          0x0800188c      0x110 C:/ST/STM32CubeIDE_1.16.1/STM32CubeIDE/plugins/com.st.stm32cube.ide.mcu.externaltools.gnu-tools-for-stm32.12.3.rel1.win32_1.0.200.202406191623/tools/bin/../lib/gcc/arm-none-eabi/12.3.1/thumb/v7e-m+fp/hard\libgcc.a(_arm_cmpdf2.o)
                0x0800188c                __gtdf2
                0x0800188c                __gedf2
                0x08001894                __ltdf2
                0x08001894                __ledf2
                0x0800189c                __nedf2
                0x0800189c                __eqdf2
                0x0800189c                __cmpdf2
                0x08001918                __aeabi_cdrcmple
                0x08001928                __aeabi_cdcmpeq
                0x08001928                __aeabi_cdcmple
                0x08001938                __aeabi_dcmpeq
                0x0800194c                __aeabi_dcmplt
                0x08001960                __aeabi_dcmple
                0x08001974                __aeabi_dcmpge
                0x08001988                __aeabi_dcmpgt
 .text          0x0800199c       0x2c C:/ST/STM32CubeIDE_1.16.1/STM32CubeIDE/plugins/com.st.stm32cube.ide.mcu.externaltools.gnu-tools-for-stm32.12.3.rel1.win32_1.0.200.202406191623/tools/bin/../lib/gcc/arm-none-eabi/12.3.1/thumb/v7e-m+fp/hard\libgcc.a(_arm_unorddf2.o)
                0x0800199c                __unorddf2
                0x0800199c                __aeabi_dcmpun
 .text          0x080019c8       0x50 C:/ST/STM32CubeIDE_1.16.1/STM32CubeIDE/plugins/com.st.stm32cube.ide.mcu.externaltools.gnu-tools-for-stm32.12.3.rel1.win32_1.0.200.202406191623/tools/bin/../lib/gcc/arm-none-eabi/12.3.1/thumb/v7e-m+fp/hard\libgcc.a(_arm_fixdfsi.o)
                0x080019c8                __aeabi_d2iz
                0x080019c8                __fixdfsi
 *(.text*)
 .text.MX_ST7789_GPIO_Init
                0x08001a18       0x42 ./core/Src/config.o
                0x08001a18                MX_ST7789_GPIO_Init
 .text.ST7789_WriteChar
                0x08001a5a       0x92 ./core/Src/fonts.o
                0x08001a5a                ST7789_WriteChar
 .text.ST7789_WriteString
                0x08001aec       0x4c ./core/Src/fonts.o
                0x08001aec                ST7789_WriteString
 .text.main     0x08001b38       0xd0 ./core/Src/main.o
                0x08001b38                main
 .text.MX_SPI1_Init
                0x08001c08       0x48 ./core/Src/spi.o
                0x08001c08                MX_SPI1_Init
 .text.ST7789_SendCommand
                0x08001c50       0x48 ./core/Src/st7789v.o
                0x08001c50                ST7789_SendCommand
 .text.ST7789_SendData
                0x08001c98       0x40 ./core/Src/st7789v.o
                0x08001c98                ST7789_SendData
 .text.ST7789_Reset
                0x08001cd8       0x28 ./core/Src/st7789v.o
                0x08001cd8                ST7789_Reset
 .text.ST7789_SetAddressWindow
                0x08001d00       0x5e ./core/Src/st7789v.o
                0x08001d00                ST7789_SetAddressWindow
 *fill*         0x08001d5e        0x2 
 .text.ST7789_DrawPixel
                0x08001d60       0x60 ./core/Src/st7789v.o
                0x08001d60                ST7789_DrawPixel
 .text.ST7789_FillColor
                0x08001dc0       0x64 ./core/Src/st7789v.o
                0x08001dc0                ST7789_FillColor
 .text.ST7789_SetRotation
                0x08001e24       0x94 ./core/Src/st7789v.o
                0x08001e24                ST7789_SetRotation
 .text.ST7789_Init
                0x08001eb8       0x3c ./core/Src/st7789v.o
                0x08001eb8                ST7789_Init
 .text.HAL_MspInit
                0x08001ef4       0x3c ./core/Src/stm32g4xx_hal_msp.o
                0x08001ef4                HAL_MspInit
 .text.HAL_SPI_MspInit
                0x08001f30       0x68 ./core/Src/stm32g4xx_hal_msp.o
                0x08001f30                HAL_SPI_MspInit
 .text.DMA1_Channel2_IRQHandler
                0x08001f98       0x10 ./core/Src/stm32g4xx_it.o
                0x08001f98                DMA1_Channel2_IRQHandler
 .text.DMA1_Channel3_IRQHandler
                0x08001fa8       0x10 ./core/Src/stm32g4xx_it.o
                0x08001fa8                DMA1_Channel3_IRQHandler
 .text.SPI1_IRQHandler
                0x08001fb8       0x10 ./core/Src/stm32g4xx_it.o
                0x08001fb8                SPI1_IRQHandler
 .text.NMI_Handler
                0x08001fc8        0x2 ./core/Src/stm32g4xx_it.o
                0x08001fc8                NMI_Handler
 .text.HardFault_Handler
                0x08001fca        0x2 ./core/Src/stm32g4xx_it.o
                0x08001fca                HardFault_Handler
 .text.MemManage_Handler
                0x08001fcc        0x2 ./core/Src/stm32g4xx_it.o
                0x08001fcc                MemManage_Handler
 .text.BusFault_Handler
                0x08001fce        0x2 ./core/Src/stm32g4xx_it.o
                0x08001fce                BusFault_Handler
 .text.UsageFault_Handler
                0x08001fd0        0x2 ./core/Src/stm32g4xx_it.o
                0x08001fd0                UsageFault_Handler
 .text.SVC_Handler
                0x08001fd2        0x2 ./core/Src/stm32g4xx_it.o
                0x08001fd2                SVC_Handler
 .text.DebugMon_Handler
                0x08001fd4        0x2 ./core/Src/stm32g4xx_it.o
                0x08001fd4                DebugMon_Handler
 .text.PendSV_Handler
                0x08001fd6        0x2 ./core/Src/stm32g4xx_it.o
                0x08001fd6                PendSV_Handler
 .text._getpid  0x08001fd8        0x4 ./core/Src/syscalls.o
                0x08001fd8                _getpid
 .text._kill    0x08001fdc       0x10 ./core/Src/syscalls.o
                0x08001fdc                _kill
 .text._exit    0x08001fec        0xc ./core/Src/syscalls.o
                0x08001fec                _exit
 .text._close   0x08001ff8        0x6 ./core/Src/syscalls.o
                0x08001ff8                _close
 .text._fstat   0x08001ffe        0xa ./core/Src/syscalls.o
                0x08001ffe                _fstat
 .text._isatty  0x08002008        0x4 ./core/Src/syscalls.o
                0x08002008                _isatty
 .text._lseek   0x0800200c        0x4 ./core/Src/syscalls.o
                0x0800200c                _lseek
 .text._sbrk    0x08002010       0x48 ./core/Src/sysmem.o
                0x08002010                _sbrk
 .text.SystemInit
                0x08002058       0x14 ./core/Src/system_stm32g4xx.o
                0x08002058                SystemInit
 .text._read    0x0800206c       0x48 ./drivers/bsp/stm32g4_sys.o
                0x0800206c                _read
 .text._write   0x080020b4       0x5c ./drivers/bsp/stm32g4_sys.o
                0x080020b4                _write
 .text.Error_Handler
                0x08002110        0x4 ./drivers/bsp/stm32g4_sys.o
                0x08002110                Error_Handler
 .text.SystemClock_Config
                0x08002114       0x70 ./drivers/bsp/stm32g4_sys.o
                0x08002114                SystemClock_Config
 .text.BSP_systick_init
                0x08002184       0x34 ./drivers/bsp/stm32g4_systick.o
                0x08002184                BSP_systick_init
 .text.SysTick_Handler
                0x080021b8       0x38 ./drivers/bsp/stm32g4_systick.o
                0x080021b8                SysTick_Handler
 .text.TIMER1_user_handler_it
                0x080021f0        0x2 ./drivers/bsp/stm32g4_timer.o
                0x080021f0                TIMER1_user_handler_it
 .text.TIMER2_user_handler_it
                0x080021f2        0x2 ./drivers/bsp/stm32g4_timer.o
                0x080021f2                TIMER2_user_handler_it
 .text.TIMER3_user_handler_it
                0x080021f4        0x2 ./drivers/bsp/stm32g4_timer.o
                0x080021f4                TIMER3_user_handler_it
 .text.TIMER4_user_handler_it
                0x080021f6        0x2 ./drivers/bsp/stm32g4_timer.o
                0x080021f6                TIMER4_user_handler_it
 .text.TIMER6_user_handler_it
                0x080021f8        0x2 ./drivers/bsp/stm32g4_timer.o
                0x080021f8                TIMER6_user_handler_it
 *fill*         0x080021fa        0x2 
 .text.TIM1_UP_TIM16_IRQHandler
                0x080021fc       0x20 ./drivers/bsp/stm32g4_timer.o
                0x080021fc                TIM1_UP_TIM16_IRQHandler
 .text.TIM2_IRQHandler
                0x0800221c       0x20 ./drivers/bsp/stm32g4_timer.o
                0x0800221c                TIM2_IRQHandler
 .text.TIM3_IRQHandler
                0x0800223c       0x24 ./drivers/bsp/stm32g4_timer.o
                0x0800223c                TIM3_IRQHandler
 .text.TIM4_IRQHandler
                0x08002260       0x24 ./drivers/bsp/stm32g4_timer.o
                0x08002260                TIM4_IRQHandler
 .text.TIM6_DAC_IRQHandler
                0x08002284       0x24 ./drivers/bsp/stm32g4_timer.o
                0x08002284                TIM6_DAC_IRQHandler
 .text.__NVIC_EnableIRQ
                0x080022a8       0x1c ./drivers/bsp/stm32g4_uart.o
 .text.__NVIC_DisableIRQ
                0x080022c4       0x24 ./drivers/bsp/stm32g4_uart.o
 .text.BSP_UART_data_ready
                0x080022e8       0x28 ./drivers/bsp/stm32g4_uart.o
                0x080022e8                BSP_UART_data_ready
 .text.BSP_UART_get_next_byte
                0x08002310       0x80 ./drivers/bsp/stm32g4_uart.o
                0x08002310                BSP_UART_get_next_byte
 .text.BSP_UART_putc
                0x08002390       0x68 ./drivers/bsp/stm32g4_uart.o
                0x08002390                BSP_UART_putc
 .text.USART1_IRQHandler
                0x080023f8       0x10 ./drivers/bsp/stm32g4_uart.o
                0x080023f8                USART1_IRQHandler
 .text.USART2_IRQHandler
                0x08002408       0x10 ./drivers/bsp/stm32g4_uart.o
                0x08002408                USART2_IRQHandler
 .text.HAL_InitTick
                0x08002418       0x50 ./drivers/stm32g4xx_hal/Src/stm32g4xx_hal.o
                0x08002418                HAL_InitTick
 .text.HAL_Init
                0x08002468       0x1e ./drivers/stm32g4xx_hal/Src/stm32g4xx_hal.o
                0x08002468                HAL_Init
 *fill*         0x08002486        0x2 
 .text.HAL_IncTick
                0x08002488       0x18 ./drivers/stm32g4xx_hal/Src/stm32g4xx_hal.o
                0x08002488                HAL_IncTick
 .text.HAL_GetTick
                0x080024a0        0xc ./drivers/stm32g4xx_hal/Src/stm32g4xx_hal.o
                0x080024a0                HAL_GetTick
 .text.HAL_Delay
                0x080024ac       0x28 ./drivers/stm32g4xx_hal/Src/stm32g4xx_hal.o
                0x080024ac                HAL_Delay
 .text.__NVIC_SetPriority
                0x080024d4       0x28 ./drivers/stm32g4xx_hal/Src/stm32g4xx_hal_cortex.o
 .text.NVIC_EncodePriority
                0x080024fc       0x3e ./drivers/stm32g4xx_hal/Src/stm32g4xx_hal_cortex.o
 *fill*         0x0800253a        0x2 
 .text.HAL_NVIC_SetPriorityGrouping
                0x0800253c       0x24 ./drivers/stm32g4xx_hal/Src/stm32g4xx_hal_cortex.o
                0x0800253c                HAL_NVIC_SetPriorityGrouping
 .text.HAL_NVIC_SetPriority
                0x08002560       0x20 ./drivers/stm32g4xx_hal/Src/stm32g4xx_hal_cortex.o
                0x08002560                HAL_NVIC_SetPriority
 .text.HAL_SYSTICK_Config
                0x08002580       0x28 ./drivers/stm32g4xx_hal/Src/stm32g4xx_hal_cortex.o
                0x08002580                HAL_SYSTICK_Config
 .text.HAL_DMA_Abort
                0x080025a8       0x6c ./drivers/stm32g4xx_hal/Src/stm32g4xx_hal_dma.o
                0x080025a8                HAL_DMA_Abort
 .text.HAL_DMA_Abort_IT
                0x08002614       0x7e ./drivers/stm32g4xx_hal/Src/stm32g4xx_hal_dma.o
                0x08002614                HAL_DMA_Abort_IT
 .text.HAL_DMA_IRQHandler
                0x08002692       0xc4 ./drivers/stm32g4xx_hal/Src/stm32g4xx_hal_dma.o
                0x08002692                HAL_DMA_IRQHandler
 *fill*         0x08002756        0x2 
 .text.HAL_GPIO_Init
                0x08002758      0x1d4 ./drivers/stm32g4xx_hal/Src/stm32g4xx_hal_gpio.o
                0x08002758                HAL_GPIO_Init
 .text.HAL_GPIO_WritePin
                0x0800292c        0xa ./drivers/stm32g4xx_hal/Src/stm32g4xx_hal_gpio.o
                0x0800292c                HAL_GPIO_WritePin
 .text.HAL_GPIO_TogglePin
                0x08002936       0x12 ./drivers/stm32g4xx_hal/Src/stm32g4xx_hal_gpio.o
                0x08002936                HAL_GPIO_TogglePin
 .text.HAL_PWREx_ControlVoltageScaling
                0x08002948      0x10c ./drivers/stm32g4xx_hal/Src/stm32g4xx_hal_pwr_ex.o
                0x08002948                HAL_PWREx_ControlVoltageScaling
 .text.RCC_GetSysClockFreqFromPLLSource
                0x08002a54       0x58 ./drivers/stm32g4xx_hal/Src/stm32g4xx_hal_rcc.o
 .text.HAL_RCC_OscConfig
                0x08002aac      0x4e4 ./drivers/stm32g4xx_hal/Src/stm32g4xx_hal_rcc.o
                0x08002aac                HAL_RCC_OscConfig
 .text.HAL_RCC_GetSysClockFreq
                0x08002f90       0x88 ./drivers/stm32g4xx_hal/Src/stm32g4xx_hal_rcc.o
                0x08002f90                HAL_RCC_GetSysClockFreq
 .text.HAL_RCC_ClockConfig
                0x08003018      0x1f8 ./drivers/stm32g4xx_hal/Src/stm32g4xx_hal_rcc.o
                0x08003018                HAL_RCC_ClockConfig
 .text.SPI_WaitFlagStateUntilTimeout
                0x08003210       0xc8 ./drivers/stm32g4xx_hal/Src/stm32g4xx_hal_spi.o
 .text.SPI_WaitFifoStateUntilTimeout
                0x080032d8       0xf0 ./drivers/stm32g4xx_hal/Src/stm32g4xx_hal_spi.o
 .text.SPI_EndRxTxTransaction
                0x080033c8       0x62 ./drivers/stm32g4xx_hal/Src/stm32g4xx_hal_spi.o
 .text.HAL_SPI_Init
                0x0800342a       0xe8 ./drivers/stm32g4xx_hal/Src/stm32g4xx_hal_spi.o
                0x0800342a                HAL_SPI_Init
 .text.HAL_SPI_Transmit
                0x08003512      0x1fe ./drivers/stm32g4xx_hal/Src/stm32g4xx_hal_spi.o
                0x08003512                HAL_SPI_Transmit
 .text.HAL_SPI_ErrorCallback
                0x08003710        0x2 ./drivers/stm32g4xx_hal/Src/stm32g4xx_hal_spi.o
                0x08003710                HAL_SPI_ErrorCallback
 *fill*         0x08003712        0x2 
 .text.HAL_SPI_IRQHandler
                0x08003714      0x118 ./drivers/stm32g4xx_hal/Src/stm32g4xx_hal_spi.o
                0x08003714                HAL_SPI_IRQHandler
 .text.SPI_DMAAbortOnError
                0x0800382c       0x12 ./drivers/stm32g4xx_hal/Src/stm32g4xx_hal_spi.o
 .text.UART_EndRxTransfer
                0x0800383e       0x56 ./drivers/stm32g4xx_hal/Src/stm32g4xx_hal_uart.o
 .text.HAL_UART_TxCpltCallback
                0x08003894        0x2 ./drivers/stm32g4xx_hal/Src/stm32g4xx_hal_uart.o
                0x08003894                HAL_UART_TxCpltCallback
 .text.UART_EndTransmit_IT
                0x08003896       0x24 ./drivers/stm32g4xx_hal/Src/stm32g4xx_hal_uart.o
 .text.HAL_UART_ErrorCallback
                0x080038ba        0x2 ./drivers/stm32g4xx_hal/Src/stm32g4xx_hal_uart.o
                0x080038ba                HAL_UART_ErrorCallback
 .text.UART_DMAAbortOnError
                0x080038bc       0x14 ./drivers/stm32g4xx_hal/Src/stm32g4xx_hal_uart.o
 .text.HAL_UARTEx_RxEventCallback
                0x080038d0        0x2 ./drivers/stm32g4xx_hal/Src/stm32g4xx_hal_uart.o
                0x080038d0                HAL_UARTEx_RxEventCallback
 *fill*         0x080038d2        0x2 
 .text.HAL_UART_IRQHandler
                0x080038d4      0x344 ./drivers/stm32g4xx_hal/Src/stm32g4xx_hal_uart.o
                0x080038d4                HAL_UART_IRQHandler
 .text.UART_WaitOnFlagUntilTimeout
                0x08003c18       0x9e ./drivers/stm32g4xx_hal/Src/stm32g4xx_hal_uart.o
                0x08003c18                UART_WaitOnFlagUntilTimeout
 .text.HAL_UART_Transmit
                0x08003cb6       0xd2 ./drivers/stm32g4xx_hal/Src/stm32g4xx_hal_uart.o
                0x08003cb6                HAL_UART_Transmit
 .text.HAL_UARTEx_WakeupCallback
                0x08003d88        0x2 ./drivers/stm32g4xx_hal/Src/stm32g4xx_hal_uart_ex.o
                0x08003d88                HAL_UARTEx_WakeupCallback
 .text.HAL_UARTEx_RxFifoFullCallback
                0x08003d8a        0x2 ./drivers/stm32g4xx_hal/Src/stm32g4xx_hal_uart_ex.o
                0x08003d8a                HAL_UARTEx_RxFifoFullCallback
 .text.HAL_UARTEx_TxFifoEmptyCallback
                0x08003d8c        0x2 ./drivers/stm32g4xx_hal/Src/stm32g4xx_hal_uart_ex.o
                0x08003d8c                HAL_UARTEx_TxFifoEmptyCallback
 *fill*         0x08003d8e        0x2 
 .text.__assert_func
                0x08003d90       0x3c C:/ST/STM32CubeIDE_1.16.1/STM32CubeIDE/plugins/com.st.stm32cube.ide.mcu.externaltools.gnu-tools-for-stm32.12.3.rel1.win32_1.0.200.202406191623/tools/bin/../lib/gcc/arm-none-eabi/12.3.1/../../../../arm-none-eabi/lib/thumb/v7e-m+fp/hard\libc_nano.a(libc_a-assert.o)
                0x08003d90                __assert_func
 .text.__cvt    0x08003dcc       0xca C:/ST/STM32CubeIDE_1.16.1/STM32CubeIDE/plugins/com.st.stm32cube.ide.mcu.externaltools.gnu-tools-for-stm32.12.3.rel1.win32_1.0.200.202406191623/tools/bin/../lib/gcc/arm-none-eabi/12.3.1/../../../../arm-none-eabi/lib/thumb/v7e-m+fp/hard\libc_nano.a(libc_a-nano-vfprintf_float.o)
                0x08003dcc                __cvt
 .text.__exponent
                0x08003e96       0x74 C:/ST/STM32CubeIDE_1.16.1/STM32CubeIDE/plugins/com.st.stm32cube.ide.mcu.externaltools.gnu-tools-for-stm32.12.3.rel1.win32_1.0.200.202406191623/tools/bin/../lib/gcc/arm-none-eabi/12.3.1/../../../../arm-none-eabi/lib/thumb/v7e-m+fp/hard\libc_nano.a(libc_a-nano-vfprintf_float.o)
                0x08003e96                __exponent
 *fill*         0x08003f0a        0x2 
 .text._printf_float
                0x08003f0c      0x454 C:/ST/STM32CubeIDE_1.16.1/STM32CubeIDE/plugins/com.st.stm32cube.ide.mcu.externaltools.gnu-tools-for-stm32.12.3.rel1.win32_1.0.200.202406191623/tools/bin/../lib/gcc/arm-none-eabi/12.3.1/../../../../arm-none-eabi/lib/thumb/v7e-m+fp/hard\libc_nano.a(libc_a-nano-vfprintf_float.o)
                0x08003f0c                _printf_float
 .text._printf_common
                0x08004360       0xda C:/ST/STM32CubeIDE_1.16.1/STM32CubeIDE/plugins/com.st.stm32cube.ide.mcu.externaltools.gnu-tools-for-stm32.12.3.rel1.win32_1.0.200.202406191623/tools/bin/../lib/gcc/arm-none-eabi/12.3.1/../../../../arm-none-eabi/lib/thumb/v7e-m+fp/hard\libc_nano.a(libc_a-nano-vfprintf_i.o)
                0x08004360                _printf_common
 *fill*         0x0800443a        0x2 
 .text._printf_i
                0x0800443c      0x240 C:/ST/STM32CubeIDE_1.16.1/STM32CubeIDE/plugins/com.st.stm32cube.ide.mcu.externaltools.gnu-tools-for-stm32.12.3.rel1.win32_1.0.200.202406191623/tools/bin/../lib/gcc/arm-none-eabi/12.3.1/../../../../arm-none-eabi/lib/thumb/v7e-m+fp/hard\libc_nano.a(libc_a-nano-vfprintf_i.o)
                0x0800443c                _printf_i
 .text.std      0x0800467c       0x6c C:/ST/STM32CubeIDE_1.16.1/STM32CubeIDE/plugins/com.st.stm32cube.ide.mcu.externaltools.gnu-tools-for-stm32.12.3.rel1.win32_1.0.200.202406191623/tools/bin/../lib/gcc/arm-none-eabi/12.3.1/../../../../arm-none-eabi/lib/thumb/v7e-m+fp/hard\libc_nano.a(libc_a-findfp.o)
 .text.stdio_exit_handler
                0x080046e8       0x18 C:/ST/STM32CubeIDE_1.16.1/STM32CubeIDE/plugins/com.st.stm32cube.ide.mcu.externaltools.gnu-tools-for-stm32.12.3.rel1.win32_1.0.200.202406191623/tools/bin/../lib/gcc/arm-none-eabi/12.3.1/../../../../arm-none-eabi/lib/thumb/v7e-m+fp/hard\libc_nano.a(libc_a-findfp.o)
 .text.cleanup_stdio
                0x08004700       0x40 C:/ST/STM32CubeIDE_1.16.1/STM32CubeIDE/plugins/com.st.stm32cube.ide.mcu.externaltools.gnu-tools-for-stm32.12.3.rel1.win32_1.0.200.202406191623/tools/bin/../lib/gcc/arm-none-eabi/12.3.1/../../../../arm-none-eabi/lib/thumb/v7e-m+fp/hard\libc_nano.a(libc_a-findfp.o)
 .text.global_stdio_init.part.0
                0x08004740       0x3c C:/ST/STM32CubeIDE_1.16.1/STM32CubeIDE/plugins/com.st.stm32cube.ide.mcu.externaltools.gnu-tools-for-stm32.12.3.rel1.win32_1.0.200.202406191623/tools/bin/../lib/gcc/arm-none-eabi/12.3.1/../../../../arm-none-eabi/lib/thumb/v7e-m+fp/hard\libc_nano.a(libc_a-findfp.o)
 .text.__sfp_lock_acquire
                0x0800477c        0xc C:/ST/STM32CubeIDE_1.16.1/STM32CubeIDE/plugins/com.st.stm32cube.ide.mcu.externaltools.gnu-tools-for-stm32.12.3.rel1.win32_1.0.200.202406191623/tools/bin/../lib/gcc/arm-none-eabi/12.3.1/../../../../arm-none-eabi/lib/thumb/v7e-m+fp/hard\libc_nano.a(libc_a-findfp.o)
                0x0800477c                __sfp_lock_acquire
 .text.__sfp_lock_release
                0x08004788        0xc C:/ST/STM32CubeIDE_1.16.1/STM32CubeIDE/plugins/com.st.stm32cube.ide.mcu.externaltools.gnu-tools-for-stm32.12.3.rel1.win32_1.0.200.202406191623/tools/bin/../lib/gcc/arm-none-eabi/12.3.1/../../../../arm-none-eabi/lib/thumb/v7e-m+fp/hard\libc_nano.a(libc_a-findfp.o)
                0x08004788                __sfp_lock_release
 .text.__sinit  0x08004794       0x30 C:/ST/STM32CubeIDE_1.16.1/STM32CubeIDE/plugins/com.st.stm32cube.ide.mcu.externaltools.gnu-tools-for-stm32.12.3.rel1.win32_1.0.200.202406191623/tools/bin/../lib/gcc/arm-none-eabi/12.3.1/../../../../arm-none-eabi/lib/thumb/v7e-m+fp/hard\libc_nano.a(libc_a-findfp.o)
                0x08004794                __sinit
 .text.fprintf  0x080047c4       0x24 C:/ST/STM32CubeIDE_1.16.1/STM32CubeIDE/plugins/com.st.stm32cube.ide.mcu.externaltools.gnu-tools-for-stm32.12.3.rel1.win32_1.0.200.202406191623/tools/bin/../lib/gcc/arm-none-eabi/12.3.1/../../../../arm-none-eabi/lib/thumb/v7e-m+fp/hard\libc_nano.a(libc_a-fprintf.o)
                0x080047c4                fiprintf
                0x080047c4                fprintf
 .text._fwalk_sglue
                0x080047e8       0x3c C:/ST/STM32CubeIDE_1.16.1/STM32CubeIDE/plugins/com.st.stm32cube.ide.mcu.externaltools.gnu-tools-for-stm32.12.3.rel1.win32_1.0.200.202406191623/tools/bin/../lib/gcc/arm-none-eabi/12.3.1/../../../../arm-none-eabi/lib/thumb/v7e-m+fp/hard\libc_nano.a(libc_a-fwalk.o)
                0x080047e8                _fwalk_sglue
 .text.__sread  0x08004824       0x22 C:/ST/STM32CubeIDE_1.16.1/STM32CubeIDE/plugins/com.st.stm32cube.ide.mcu.externaltools.gnu-tools-for-stm32.12.3.rel1.win32_1.0.200.202406191623/tools/bin/../lib/gcc/arm-none-eabi/12.3.1/../../../../arm-none-eabi/lib/thumb/v7e-m+fp/hard\libc_nano.a(libc_a-stdio.o)
                0x08004824                __sread
 .text.__swrite
                0x08004846       0x38 C:/ST/STM32CubeIDE_1.16.1/STM32CubeIDE/plugins/com.st.stm32cube.ide.mcu.externaltools.gnu-tools-for-stm32.12.3.rel1.win32_1.0.200.202406191623/tools/bin/../lib/gcc/arm-none-eabi/12.3.1/../../../../arm-none-eabi/lib/thumb/v7e-m+fp/hard\libc_nano.a(libc_a-stdio.o)
                0x08004846                __swrite
 .text.__sseek  0x0800487e       0x24 C:/ST/STM32CubeIDE_1.16.1/STM32CubeIDE/plugins/com.st.stm32cube.ide.mcu.externaltools.gnu-tools-for-stm32.12.3.rel1.win32_1.0.200.202406191623/tools/bin/../lib/gcc/arm-none-eabi/12.3.1/../../../../arm-none-eabi/lib/thumb/v7e-m+fp/hard\libc_nano.a(libc_a-stdio.o)
                0x0800487e                __sseek
 .text.__sclose
                0x080048a2        0x8 C:/ST/STM32CubeIDE_1.16.1/STM32CubeIDE/plugins/com.st.stm32cube.ide.mcu.externaltools.gnu-tools-for-stm32.12.3.rel1.win32_1.0.200.202406191623/tools/bin/../lib/gcc/arm-none-eabi/12.3.1/../../../../arm-none-eabi/lib/thumb/v7e-m+fp/hard\libc_nano.a(libc_a-stdio.o)
                0x080048a2                __sclose
 .text.memset   0x080048aa       0x10 C:/ST/STM32CubeIDE_1.16.1/STM32CubeIDE/plugins/com.st.stm32cube.ide.mcu.externaltools.gnu-tools-for-stm32.12.3.rel1.win32_1.0.200.202406191623/tools/bin/../lib/gcc/arm-none-eabi/12.3.1/../../../../arm-none-eabi/lib/thumb/v7e-m+fp/hard\libc_nano.a(libc_a-memset.o)
                0x080048aa                memset
 *fill*         0x080048ba        0x2 
 .text._localeconv_r
                0x080048bc        0x8 C:/ST/STM32CubeIDE_1.16.1/STM32CubeIDE/plugins/com.st.stm32cube.ide.mcu.externaltools.gnu-tools-for-stm32.12.3.rel1.win32_1.0.200.202406191623/tools/bin/../lib/gcc/arm-none-eabi/12.3.1/../../../../arm-none-eabi/lib/thumb/v7e-m+fp/hard\libc_nano.a(libc_a-localeconv.o)
                0x080048bc                _localeconv_r
 .text._close_r
                0x080048c4       0x20 C:/ST/STM32CubeIDE_1.16.1/STM32CubeIDE/plugins/com.st.stm32cube.ide.mcu.externaltools.gnu-tools-for-stm32.12.3.rel1.win32_1.0.200.202406191623/tools/bin/../lib/gcc/arm-none-eabi/12.3.1/../../../../arm-none-eabi/lib/thumb/v7e-m+fp/hard\libc_nano.a(libc_a-closer.o)
                0x080048c4                _close_r
 .text._lseek_r
                0x080048e4       0x24 C:/ST/STM32CubeIDE_1.16.1/STM32CubeIDE/plugins/com.st.stm32cube.ide.mcu.externaltools.gnu-tools-for-stm32.12.3.rel1.win32_1.0.200.202406191623/tools/bin/../lib/gcc/arm-none-eabi/12.3.1/../../../../arm-none-eabi/lib/thumb/v7e-m+fp/hard\libc_nano.a(libc_a-lseekr.o)
                0x080048e4                _lseek_r
 .text._read_r  0x08004908       0x24 C:/ST/STM32CubeIDE_1.16.1/STM32CubeIDE/plugins/com.st.stm32cube.ide.mcu.externaltools.gnu-tools-for-stm32.12.3.rel1.win32_1.0.200.202406191623/tools/bin/../lib/gcc/arm-none-eabi/12.3.1/../../../../arm-none-eabi/lib/thumb/v7e-m+fp/hard\libc_nano.a(libc_a-readr.o)
                0x08004908                _read_r
 .text._write_r
                0x0800492c       0x24 C:/ST/STM32CubeIDE_1.16.1/STM32CubeIDE/plugins/com.st.stm32cube.ide.mcu.externaltools.gnu-tools-for-stm32.12.3.rel1.win32_1.0.200.202406191623/tools/bin/../lib/gcc/arm-none-eabi/12.3.1/../../../../arm-none-eabi/lib/thumb/v7e-m+fp/hard\libc_nano.a(libc_a-writer.o)
                0x0800492c                _write_r
 .text.__errno  0x08004950        0xc C:/ST/STM32CubeIDE_1.16.1/STM32CubeIDE/plugins/com.st.stm32cube.ide.mcu.externaltools.gnu-tools-for-stm32.12.3.rel1.win32_1.0.200.202406191623/tools/bin/../lib/gcc/arm-none-eabi/12.3.1/../../../../arm-none-eabi/lib/thumb/v7e-m+fp/hard\libc_nano.a(libc_a-errno.o)
                0x08004950                __errno
 .text.__libc_init_array
                0x0800495c       0x48 C:/ST/STM32CubeIDE_1.16.1/STM32CubeIDE/plugins/com.st.stm32cube.ide.mcu.externaltools.gnu-tools-for-stm32.12.3.rel1.win32_1.0.200.202406191623/tools/bin/../lib/gcc/arm-none-eabi/12.3.1/../../../../arm-none-eabi/lib/thumb/v7e-m+fp/hard\libc_nano.a(libc_a-init.o)
                0x0800495c                __libc_init_array
 .text.__retarget_lock_init_recursive
                0x080049a4        0x2 C:/ST/STM32CubeIDE_1.16.1/STM32CubeIDE/plugins/com.st.stm32cube.ide.mcu.externaltools.gnu-tools-for-stm32.12.3.rel1.win32_1.0.200.202406191623/tools/bin/../lib/gcc/arm-none-eabi/12.3.1/../../../../arm-none-eabi/lib/thumb/v7e-m+fp/hard\libc_nano.a(libc_a-lock.o)
                0x080049a4                __retarget_lock_init_recursive
 .text.__retarget_lock_acquire_recursive
                0x080049a6        0x2 C:/ST/STM32CubeIDE_1.16.1/STM32CubeIDE/plugins/com.st.stm32cube.ide.mcu.externaltools.gnu-tools-for-stm32.12.3.rel1.win32_1.0.200.202406191623/tools/bin/../lib/gcc/arm-none-eabi/12.3.1/../../../../arm-none-eabi/lib/thumb/v7e-m+fp/hard\libc_nano.a(libc_a-lock.o)
                0x080049a6                __retarget_lock_acquire_recursive
 .text.__retarget_lock_release_recursive
                0x080049a8        0x2 C:/ST/STM32CubeIDE_1.16.1/STM32CubeIDE/plugins/com.st.stm32cube.ide.mcu.externaltools.gnu-tools-for-stm32.12.3.rel1.win32_1.0.200.202406191623/tools/bin/../lib/gcc/arm-none-eabi/12.3.1/../../../../arm-none-eabi/lib/thumb/v7e-m+fp/hard\libc_nano.a(libc_a-lock.o)
                0x080049a8                __retarget_lock_release_recursive
 .text.abort    0x080049aa        0xe C:/ST/STM32CubeIDE_1.16.1/STM32CubeIDE/plugins/com.st.stm32cube.ide.mcu.externaltools.gnu-tools-for-stm32.12.3.rel1.win32_1.0.200.202406191623/tools/bin/../lib/gcc/arm-none-eabi/12.3.1/../../../../arm-none-eabi/lib/thumb/v7e-m+fp/hard\libc_nano.a(libc_a-abort.o)
                0x080049aa                abort
 .text.quorem   0x080049b8      0x110 C:/ST/STM32CubeIDE_1.16.1/STM32CubeIDE/plugins/com.st.stm32cube.ide.mcu.externaltools.gnu-tools-for-stm32.12.3.rel1.win32_1.0.200.202406191623/tools/bin/../lib/gcc/arm-none-eabi/12.3.1/../../../../arm-none-eabi/lib/thumb/v7e-m+fp/hard\libc_nano.a(libc_a-dtoa.o)
 .text._dtoa_r  0x08004ac8      0xb88 C:/ST/STM32CubeIDE_1.16.1/STM32CubeIDE/plugins/com.st.stm32cube.ide.mcu.externaltools.gnu-tools-for-stm32.12.3.rel1.win32_1.0.200.202406191623/tools/bin/../lib/gcc/arm-none-eabi/12.3.1/../../../../arm-none-eabi/lib/thumb/v7e-m+fp/hard\libc_nano.a(libc_a-dtoa.o)
                0x08004ac8                _dtoa_r
 .text._free_r  0x08005650       0x94 C:/ST/STM32CubeIDE_1.16.1/STM32CubeIDE/plugins/com.st.stm32cube.ide.mcu.externaltools.gnu-tools-for-stm32.12.3.rel1.win32_1.0.200.202406191623/tools/bin/../lib/gcc/arm-none-eabi/12.3.1/../../../../arm-none-eabi/lib/thumb/v7e-m+fp/hard\libc_nano.a(libc_a-freer.o)
                0x08005650                _free_r
 .text.malloc   0x080056e4       0x10 C:/ST/STM32CubeIDE_1.16.1/STM32CubeIDE/plugins/com.st.stm32cube.ide.mcu.externaltools.gnu-tools-for-stm32.12.3.rel1.win32_1.0.200.202406191623/tools/bin/../lib/gcc/arm-none-eabi/12.3.1/../../../../arm-none-eabi/lib/thumb/v7e-m+fp/hard\libc_nano.a(libc_a-malloc.o)
                0x080056e4                malloc
 .text.sbrk_aligned
                0x080056f4       0x44 C:/ST/STM32CubeIDE_1.16.1/STM32CubeIDE/plugins/com.st.stm32cube.ide.mcu.externaltools.gnu-tools-for-stm32.12.3.rel1.win32_1.0.200.202406191623/tools/bin/../lib/gcc/arm-none-eabi/12.3.1/../../../../arm-none-eabi/lib/thumb/v7e-m+fp/hard\libc_nano.a(libc_a-mallocr.o)
 .text._malloc_r
                0x08005738      0x100 C:/ST/STM32CubeIDE_1.16.1/STM32CubeIDE/plugins/com.st.stm32cube.ide.mcu.externaltools.gnu-tools-for-stm32.12.3.rel1.win32_1.0.200.202406191623/tools/bin/../lib/gcc/arm-none-eabi/12.3.1/../../../../arm-none-eabi/lib/thumb/v7e-m+fp/hard\libc_nano.a(libc_a-mallocr.o)
                0x08005738                _malloc_r
 .text.__malloc_lock
                0x08005838        0xc C:/ST/STM32CubeIDE_1.16.1/STM32CubeIDE/plugins/com.st.stm32cube.ide.mcu.externaltools.gnu-tools-for-stm32.12.3.rel1.win32_1.0.200.202406191623/tools/bin/../lib/gcc/arm-none-eabi/12.3.1/../../../../arm-none-eabi/lib/thumb/v7e-m+fp/hard\libc_nano.a(libc_a-mlock.o)
                0x08005838                __malloc_lock
 .text.__malloc_unlock
                0x08005844        0xc C:/ST/STM32CubeIDE_1.16.1/STM32CubeIDE/plugins/com.st.stm32cube.ide.mcu.externaltools.gnu-tools-for-stm32.12.3.rel1.win32_1.0.200.202406191623/tools/bin/../lib/gcc/arm-none-eabi/12.3.1/../../../../arm-none-eabi/lib/thumb/v7e-m+fp/hard\libc_nano.a(libc_a-mlock.o)
                0x08005844                __malloc_unlock
 .text._Balloc  0x08005850       0x80 C:/ST/STM32CubeIDE_1.16.1/STM32CubeIDE/plugins/com.st.stm32cube.ide.mcu.externaltools.gnu-tools-for-stm32.12.3.rel1.win32_1.0.200.202406191623/tools/bin/../lib/gcc/arm-none-eabi/12.3.1/../../../../arm-none-eabi/lib/thumb/v7e-m+fp/hard\libc_nano.a(libc_a-mprec.o)
                0x08005850                _Balloc
 .text._Bfree   0x080058d0       0x44 C:/ST/STM32CubeIDE_1.16.1/STM32CubeIDE/plugins/com.st.stm32cube.ide.mcu.externaltools.gnu-tools-for-stm32.12.3.rel1.win32_1.0.200.202406191623/tools/bin/../lib/gcc/arm-none-eabi/12.3.1/../../../../arm-none-eabi/lib/thumb/v7e-m+fp/hard\libc_nano.a(libc_a-mprec.o)
                0x080058d0                _Bfree
 .text.__multadd
                0x08005914       0x8c C:/ST/STM32CubeIDE_1.16.1/STM32CubeIDE/plugins/com.st.stm32cube.ide.mcu.externaltools.gnu-tools-for-stm32.12.3.rel1.win32_1.0.200.202406191623/tools/bin/../lib/gcc/arm-none-eabi/12.3.1/../../../../arm-none-eabi/lib/thumb/v7e-m+fp/hard\libc_nano.a(libc_a-mprec.o)
                0x08005914                __multadd
 .text.__hi0bits
                0x080059a0       0x3e C:/ST/STM32CubeIDE_1.16.1/STM32CubeIDE/plugins/com.st.stm32cube.ide.mcu.externaltools.gnu-tools-for-stm32.12.3.rel1.win32_1.0.200.202406191623/tools/bin/../lib/gcc/arm-none-eabi/12.3.1/../../../../arm-none-eabi/lib/thumb/v7e-m+fp/hard\libc_nano.a(libc_a-mprec.o)
                0x080059a0                __hi0bits
 .text.__lo0bits
                0x080059de       0x5a C:/ST/STM32CubeIDE_1.16.1/STM32CubeIDE/plugins/com.st.stm32cube.ide.mcu.externaltools.gnu-tools-for-stm32.12.3.rel1.win32_1.0.200.202406191623/tools/bin/../lib/gcc/arm-none-eabi/12.3.1/../../../../arm-none-eabi/lib/thumb/v7e-m+fp/hard\libc_nano.a(libc_a-mprec.o)
                0x080059de                __lo0bits
 .text.__i2b    0x08005a38       0x2c C:/ST/STM32CubeIDE_1.16.1/STM32CubeIDE/plugins/com.st.stm32cube.ide.mcu.externaltools.gnu-tools-for-stm32.12.3.rel1.win32_1.0.200.202406191623/tools/bin/../lib/gcc/arm-none-eabi/12.3.1/../../../../arm-none-eabi/lib/thumb/v7e-m+fp/hard\libc_nano.a(libc_a-mprec.o)
                0x08005a38                __i2b
 .text.__multiply
                0x08005a64      0x154 C:/ST/STM32CubeIDE_1.16.1/STM32CubeIDE/plugins/com.st.stm32cube.ide.mcu.externaltools.gnu-tools-for-stm32.12.3.rel1.win32_1.0.200.202406191623/tools/bin/../lib/gcc/arm-none-eabi/12.3.1/../../../../arm-none-eabi/lib/thumb/v7e-m+fp/hard\libc_nano.a(libc_a-mprec.o)
                0x08005a64                __multiply
 .text.__pow5mult
                0x08005bb8       0xb4 C:/ST/STM32CubeIDE_1.16.1/STM32CubeIDE/plugins/com.st.stm32cube.ide.mcu.externaltools.gnu-tools-for-stm32.12.3.rel1.win32_1.0.200.202406191623/tools/bin/../lib/gcc/arm-none-eabi/12.3.1/../../../../arm-none-eabi/lib/thumb/v7e-m+fp/hard\libc_nano.a(libc_a-mprec.o)
                0x08005bb8                __pow5mult
 .text.__lshift
                0x08005c6c       0xd8 C:/ST/STM32CubeIDE_1.16.1/STM32CubeIDE/plugins/com.st.stm32cube.ide.mcu.externaltools.gnu-tools-for-stm32.12.3.rel1.win32_1.0.200.202406191623/tools/bin/../lib/gcc/arm-none-eabi/12.3.1/../../../../arm-none-eabi/lib/thumb/v7e-m+fp/hard\libc_nano.a(libc_a-mprec.o)
                0x08005c6c                __lshift
 .text.__mcmp   0x08005d44       0x36 C:/ST/STM32CubeIDE_1.16.1/STM32CubeIDE/plugins/com.st.stm32cube.ide.mcu.externaltools.gnu-tools-for-stm32.12.3.rel1.win32_1.0.200.202406191623/tools/bin/../lib/gcc/arm-none-eabi/12.3.1/../../../../arm-none-eabi/lib/thumb/v7e-m+fp/hard\libc_nano.a(libc_a-mprec.o)
                0x08005d44                __mcmp
 *fill*         0x08005d7a        0x2 
 .text.__mdiff  0x08005d7c      0x128 C:/ST/STM32CubeIDE_1.16.1/STM32CubeIDE/plugins/com.st.stm32cube.ide.mcu.externaltools.gnu-tools-for-stm32.12.3.rel1.win32_1.0.200.202406191623/tools/bin/../lib/gcc/arm-none-eabi/12.3.1/../../../../arm-none-eabi/lib/thumb/v7e-m+fp/hard\libc_nano.a(libc_a-mprec.o)
                0x08005d7c                __mdiff
 .text.__d2b    0x08005ea4       0xb0 C:/ST/STM32CubeIDE_1.16.1/STM32CubeIDE/plugins/com.st.stm32cube.ide.mcu.externaltools.gnu-tools-for-stm32.12.3.rel1.win32_1.0.200.202406191623/tools/bin/../lib/gcc/arm-none-eabi/12.3.1/../../../../arm-none-eabi/lib/thumb/v7e-m+fp/hard\libc_nano.a(libc_a-mprec.o)
                0x08005ea4                __d2b
 .text.__sfputc_r
                0x08005f54       0x2e C:/ST/STM32CubeIDE_1.16.1/STM32CubeIDE/plugins/com.st.stm32cube.ide.mcu.externaltools.gnu-tools-for-stm32.12.3.rel1.win32_1.0.200.202406191623/tools/bin/../lib/gcc/arm-none-eabi/12.3.1/../../../../arm-none-eabi/lib/thumb/v7e-m+fp/hard\libc_nano.a(libc_a-nano-vfprintf.o)
 .text.__sfputs_r
                0x08005f82       0x24 C:/ST/STM32CubeIDE_1.16.1/STM32CubeIDE/plugins/com.st.stm32cube.ide.mcu.externaltools.gnu-tools-for-stm32.12.3.rel1.win32_1.0.200.202406191623/tools/bin/../lib/gcc/arm-none-eabi/12.3.1/../../../../arm-none-eabi/lib/thumb/v7e-m+fp/hard\libc_nano.a(libc_a-nano-vfprintf.o)
                0x08005f82                __sfputs_r
 *fill*         0x08005fa6        0x2 
 .text._vfprintf_r
                0x08005fa8      0x230 C:/ST/STM32CubeIDE_1.16.1/STM32CubeIDE/plugins/com.st.stm32cube.ide.mcu.externaltools.gnu-tools-for-stm32.12.3.rel1.win32_1.0.200.202406191623/tools/bin/../lib/gcc/arm-none-eabi/12.3.1/../../../../arm-none-eabi/lib/thumb/v7e-m+fp/hard\libc_nano.a(libc_a-nano-vfprintf.o)
                0x08005fa8                _vfprintf_r
                0x08005fa8                _vfiprintf_r
 .text.__sflush_r
                0x080061d8      0x108 C:/ST/STM32CubeIDE_1.16.1/STM32CubeIDE/plugins/com.st.stm32cube.ide.mcu.externaltools.gnu-tools-for-stm32.12.3.rel1.win32_1.0.200.202406191623/tools/bin/../lib/gcc/arm-none-eabi/12.3.1/../../../../arm-none-eabi/lib/thumb/v7e-m+fp/hard\libc_nano.a(libc_a-fflush.o)
                0x080061d8                __sflush_r
 .text._fflush_r
                0x080062e0       0x50 C:/ST/STM32CubeIDE_1.16.1/STM32CubeIDE/plugins/com.st.stm32cube.ide.mcu.externaltools.gnu-tools-for-stm32.12.3.rel1.win32_1.0.200.202406191623/tools/bin/../lib/gcc/arm-none-eabi/12.3.1/../../../../arm-none-eabi/lib/thumb/v7e-m+fp/hard\libc_nano.a(libc_a-fflush.o)
                0x080062e0                _fflush_r
 .text.__swhatbuf_r
                0x08006330       0x4c C:/ST/STM32CubeIDE_1.16.1/STM32CubeIDE/plugins/com.st.stm32cube.ide.mcu.externaltools.gnu-tools-for-stm32.12.3.rel1.win32_1.0.200.202406191623/tools/bin/../lib/gcc/arm-none-eabi/12.3.1/../../../../arm-none-eabi/lib/thumb/v7e-m+fp/hard\libc_nano.a(libc_a-makebuf.o)
                0x08006330                __swhatbuf_r
 .text.__smakebuf_r
                0x0800637c       0x78 C:/ST/STM32CubeIDE_1.16.1/STM32CubeIDE/plugins/com.st.stm32cube.ide.mcu.externaltools.gnu-tools-for-stm32.12.3.rel1.win32_1.0.200.202406191623/tools/bin/../lib/gcc/arm-none-eabi/12.3.1/../../../../arm-none-eabi/lib/thumb/v7e-m+fp/hard\libc_nano.a(libc_a-makebuf.o)
                0x0800637c                __smakebuf_r
 .text.__swbuf_r
                0x080063f4       0x7c C:/ST/STM32CubeIDE_1.16.1/STM32CubeIDE/plugins/com.st.stm32cube.ide.mcu.externaltools.gnu-tools-for-stm32.12.3.rel1.win32_1.0.200.202406191623/tools/bin/../lib/gcc/arm-none-eabi/12.3.1/../../../../arm-none-eabi/lib/thumb/v7e-m+fp/hard\libc_nano.a(libc_a-wbuf.o)
                0x080063f4                __swbuf_r
 .text.__swsetup_r
                0x08006470       0xac C:/ST/STM32CubeIDE_1.16.1/STM32CubeIDE/plugins/com.st.stm32cube.ide.mcu.externaltools.gnu-tools-for-stm32.12.3.rel1.win32_1.0.200.202406191623/tools/bin/../lib/gcc/arm-none-eabi/12.3.1/../../../../arm-none-eabi/lib/thumb/v7e-m+fp/hard\libc_nano.a(libc_a-wsetup.o)
                0x08006470                __swsetup_r
 .text._raise_r
                0x0800651c       0x50 C:/ST/STM32CubeIDE_1.16.1/STM32CubeIDE/plugins/com.st.stm32cube.ide.mcu.externaltools.gnu-tools-for-stm32.12.3.rel1.win32_1.0.200.202406191623/tools/bin/../lib/gcc/arm-none-eabi/12.3.1/../../../../arm-none-eabi/lib/thumb/v7e-m+fp/hard\libc_nano.a(libc_a-signal.o)
                0x0800651c                _raise_r
 .text.raise    0x0800656c       0x10 C:/ST/STM32CubeIDE_1.16.1/STM32CubeIDE/plugins/com.st.stm32cube.ide.mcu.externaltools.gnu-tools-for-stm32.12.3.rel1.win32_1.0.200.202406191623/tools/bin/../lib/gcc/arm-none-eabi/12.3.1/../../../../arm-none-eabi/lib/thumb/v7e-m+fp/hard\libc_nano.a(libc_a-signal.o)
                0x0800656c                raise
 .text._fstat_r
                0x0800657c       0x24 C:/ST/STM32CubeIDE_1.16.1/STM32CubeIDE/plugins/com.st.stm32cube.ide.mcu.externaltools.gnu-tools-for-stm32.12.3.rel1.win32_1.0.200.202406191623/tools/bin/../lib/gcc/arm-none-eabi/12.3.1/../../../../arm-none-eabi/lib/thumb/v7e-m+fp/hard\libc_nano.a(libc_a-fstatr.o)
                0x0800657c                _fstat_r
 .text._isatty_r
                0x080065a0       0x20 C:/ST/STM32CubeIDE_1.16.1/STM32CubeIDE/plugins/com.st.stm32cube.ide.mcu.externaltools.gnu-tools-for-stm32.12.3.rel1.win32_1.0.200.202406191623/tools/bin/../lib/gcc/arm-none-eabi/12.3.1/../../../../arm-none-eabi/lib/thumb/v7e-m+fp/hard\libc_nano.a(libc_a-isattyr.o)
                0x080065a0                _isatty_r
 .text._kill_r  0x080065c0       0x24 C:/ST/STM32CubeIDE_1.16.1/STM32CubeIDE/plugins/com.st.stm32cube.ide.mcu.externaltools.gnu-tools-for-stm32.12.3.rel1.win32_1.0.200.202406191623/tools/bin/../lib/gcc/arm-none-eabi/12.3.1/../../../../arm-none-eabi/lib/thumb/v7e-m+fp/hard\libc_nano.a(libc_a-signalr.o)
                0x080065c0                _kill_r
 .text._getpid_r
                0x080065e4        0x4 C:/ST/STM32CubeIDE_1.16.1/STM32CubeIDE/plugins/com.st.stm32cube.ide.mcu.externaltools.gnu-tools-for-stm32.12.3.rel1.win32_1.0.200.202406191623/tools/bin/../lib/gcc/arm-none-eabi/12.3.1/../../../../arm-none-eabi/lib/thumb/v7e-m+fp/hard\libc_nano.a(libc_a-signalr.o)
                0x080065e4                _getpid_r
 .text._sbrk_r  0x080065e8       0x20 C:/ST/STM32CubeIDE_1.16.1/STM32CubeIDE/plugins/com.st.stm32cube.ide.mcu.externaltools.gnu-tools-for-stm32.12.3.rel1.win32_1.0.200.202406191623/tools/bin/../lib/gcc/arm-none-eabi/12.3.1/../../../../arm-none-eabi/lib/thumb/v7e-m+fp/hard\libc_nano.a(libc_a-sbrkr.o)
                0x080065e8                _sbrk_r
 .text.memcpy   0x08006608       0x1c C:/ST/STM32CubeIDE_1.16.1/STM32CubeIDE/plugins/com.st.stm32cube.ide.mcu.externaltools.gnu-tools-for-stm32.12.3.rel1.win32_1.0.200.202406191623/tools/bin/../lib/gcc/arm-none-eabi/12.3.1/../../../../arm-none-eabi/lib/thumb/v7e-m+fp/hard\libc_nano.a(libc_a-memcpy-stub.o)
                0x08006608                memcpy
 .text._calloc_r
                0x08006624       0x28 C:/ST/STM32CubeIDE_1.16.1/STM32CubeIDE/plugins/com.st.stm32cube.ide.mcu.externaltools.gnu-tools-for-stm32.12.3.rel1.win32_1.0.200.202406191623/tools/bin/../lib/gcc/arm-none-eabi/12.3.1/../../../../arm-none-eabi/lib/thumb/v7e-m+fp/hard\libc_nano.a(libc_a-callocr.o)
                0x08006624                _calloc_r
 .text.__ascii_mbtowc
                0x0800664c       0x24 C:/ST/STM32CubeIDE_1.16.1/STM32CubeIDE/plugins/com.st.stm32cube.ide.mcu.externaltools.gnu-tools-for-stm32.12.3.rel1.win32_1.0.200.202406191623/tools/bin/../lib/gcc/arm-none-eabi/12.3.1/../../../../arm-none-eabi/lib/thumb/v7e-m+fp/hard\libc_nano.a(libc_a-mbtowc_r.o)
                0x0800664c                __ascii_mbtowc
 .text.__ascii_wctomb
                0x08006670       0x1a C:/ST/STM32CubeIDE_1.16.1/STM32CubeIDE/plugins/com.st.stm32cube.ide.mcu.externaltools.gnu-tools-for-stm32.12.3.rel1.win32_1.0.200.202406191623/tools/bin/../lib/gcc/arm-none-eabi/12.3.1/../../../../arm-none-eabi/lib/thumb/v7e-m+fp/hard\libc_nano.a(libc_a-wctomb_r.o)
                0x08006670                __ascii_wctomb
 *(.glue_7)
 .glue_7        0x0800668a        0x0 linker stubs
 *(.glue_7t)
 .glue_7t       0x0800668a        0x0 linker stubs
 *(.eh_frame)
 *fill*         0x0800668a        0x2 
 .eh_frame      0x0800668c        0x0 C:/ST/STM32CubeIDE_1.16.1/STM32CubeIDE/plugins/com.st.stm32cube.ide.mcu.externaltools.gnu-tools-for-stm32.12.3.rel1.win32_1.0.200.202406191623/tools/bin/../lib/gcc/arm-none-eabi/12.3.1/thumb/v7e-m+fp/hard/crtbegin.o
 *(.init)
 .init          0x0800668c        0x4 C:/ST/STM32CubeIDE_1.16.1/STM32CubeIDE/plugins/com.st.stm32cube.ide.mcu.externaltools.gnu-tools-for-stm32.12.3.rel1.win32_1.0.200.202406191623/tools/bin/../lib/gcc/arm-none-eabi/12.3.1/thumb/v7e-m+fp/hard/crti.o
                0x0800668c                _init
 .init          0x08006690        0x8 C:/ST/STM32CubeIDE_1.16.1/STM32CubeIDE/plugins/com.st.stm32cube.ide.mcu.externaltools.gnu-tools-for-stm32.12.3.rel1.win32_1.0.200.202406191623/tools/bin/../lib/gcc/arm-none-eabi/12.3.1/thumb/v7e-m+fp/hard/crtn.o
 *(.fini)
 .fini          0x08006698        0x4 C:/ST/STM32CubeIDE_1.16.1/STM32CubeIDE/plugins/com.st.stm32cube.ide.mcu.externaltools.gnu-tools-for-stm32.12.3.rel1.win32_1.0.200.202406191623/tools/bin/../lib/gcc/arm-none-eabi/12.3.1/thumb/v7e-m+fp/hard/crti.o
                0x08006698                _fini
 .fini          0x0800669c        0x8 C:/ST/STM32CubeIDE_1.16.1/STM32CubeIDE/plugins/com.st.stm32cube.ide.mcu.externaltools.gnu-tools-for-stm32.12.3.rel1.win32_1.0.200.202406191623/tools/bin/../lib/gcc/arm-none-eabi/12.3.1/thumb/v7e-m+fp/hard/crtn.o
                0x080066a4                        . = ALIGN (0x4)
                0x080066a4                        _etext = .

.vfp11_veneer   0x080066a4        0x0
 .vfp11_veneer  0x080066a4        0x0 linker stubs

.v4_bx          0x080066a4        0x0
 .v4_bx         0x080066a4        0x0 linker stubs

.iplt           0x080066a4        0x0
 .iplt          0x080066a4        0x0 C:/ST/STM32CubeIDE_1.16.1/STM32CubeIDE/plugins/com.st.stm32cube.ide.mcu.externaltools.gnu-tools-for-stm32.12.3.rel1.win32_1.0.200.202406191623/tools/bin/../lib/gcc/arm-none-eabi/12.3.1/thumb/v7e-m+fp/hard/crtbegin.o

.rodata         0x080066a8      0x5f4
                0x080066a8                        . = ALIGN (0x4)
 *(.rodata)
 .rodata        0x080066a8       0x10 ./core/Src/main.o
 *(.rodata*)
 .rodata.font5x7_data
                0x080066b8      0x1db ./core/Src/fonts.o
 *fill*         0x08006893        0x1 
 .rodata.main.str1.4
                0x08006894        0xf ./core/Src/main.o
 *fill*         0x080068a3        0x1 
 .rodata.AHBPrescTable
                0x080068a4       0x10 ./core/Src/system_stm32g4xx.o
                0x080068a4                AHBPrescTable
 .rodata.BSP_UART_data_ready.str1.4
                0x080068b4       0x36 ./drivers/bsp/stm32g4_uart.o
 *fill*         0x080068ea        0x2 
 .rodata.__func__.5
                0x080068ec        0xe ./drivers/bsp/stm32g4_uart.o
 *fill*         0x080068fa        0x2 
 .rodata.__func__.6
                0x080068fc       0x17 ./drivers/bsp/stm32g4_uart.o
 *fill*         0x08006913        0x1 
 .rodata.__func__.7
                0x08006914       0x14 ./drivers/bsp/stm32g4_uart.o
 .rodata.nvic_IRQ_array
                0x08006928        0x2 ./drivers/bsp/stm32g4_uart.o
 .rodata.__assert_func.str1.1
                0x0800692a       0x3c C:/ST/STM32CubeIDE_1.16.1/STM32CubeIDE/plugins/com.st.stm32cube.ide.mcu.externaltools.gnu-tools-for-stm32.12.3.rel1.win32_1.0.200.202406191623/tools/bin/../lib/gcc/arm-none-eabi/12.3.1/../../../../arm-none-eabi/lib/thumb/v7e-m+fp/hard\libc_nano.a(libc_a-assert.o)
                                 0x3d (size before relaxing)
 .rodata._printf_float.str1.1
                0x08006966       0x12 C:/ST/STM32CubeIDE_1.16.1/STM32CubeIDE/plugins/com.st.stm32cube.ide.mcu.externaltools.gnu-tools-for-stm32.12.3.rel1.win32_1.0.200.202406191623/tools/bin/../lib/gcc/arm-none-eabi/12.3.1/../../../../arm-none-eabi/lib/thumb/v7e-m+fp/hard\libc_nano.a(libc_a-nano-vfprintf_float.o)
 .rodata._printf_i.str1.1
                0x08006978       0x22 C:/ST/STM32CubeIDE_1.16.1/STM32CubeIDE/plugins/com.st.stm32cube.ide.mcu.externaltools.gnu-tools-for-stm32.12.3.rel1.win32_1.0.200.202406191623/tools/bin/../lib/gcc/arm-none-eabi/12.3.1/../../../../arm-none-eabi/lib/thumb/v7e-m+fp/hard\libc_nano.a(libc_a-nano-vfprintf_i.o)
 .rodata._dtoa_r.str1.1
                0x0800699a       0x8d C:/ST/STM32CubeIDE_1.16.1/STM32CubeIDE/plugins/com.st.stm32cube.ide.mcu.externaltools.gnu-tools-for-stm32.12.3.rel1.win32_1.0.200.202406191623/tools/bin/../lib/gcc/arm-none-eabi/12.3.1/../../../../arm-none-eabi/lib/thumb/v7e-m+fp/hard\libc_nano.a(libc_a-dtoa.o)
                                 0x8f (size before relaxing)
 .rodata._Balloc.str1.1
                0x08006a27       0x59 C:/ST/STM32CubeIDE_1.16.1/STM32CubeIDE/plugins/com.st.stm32cube.ide.mcu.externaltools.gnu-tools-for-stm32.12.3.rel1.win32_1.0.200.202406191623/tools/bin/../lib/gcc/arm-none-eabi/12.3.1/../../../../arm-none-eabi/lib/thumb/v7e-m+fp/hard\libc_nano.a(libc_a-mprec.o)
                                 0x70 (size before relaxing)
 .rodata.__multadd.str1.1
                0x08006a80       0x11 C:/ST/STM32CubeIDE_1.16.1/STM32CubeIDE/plugins/com.st.stm32cube.ide.mcu.externaltools.gnu-tools-for-stm32.12.3.rel1.win32_1.0.200.202406191623/tools/bin/../lib/gcc/arm-none-eabi/12.3.1/../../../../arm-none-eabi/lib/thumb/v7e-m+fp/hard\libc_nano.a(libc_a-mprec.o)
 .rodata.p05.0  0x08006a80        0xc C:/ST/STM32CubeIDE_1.16.1/STM32CubeIDE/plugins/com.st.stm32cube.ide.mcu.externaltools.gnu-tools-for-stm32.12.3.rel1.win32_1.0.200.202406191623/tools/bin/../lib/gcc/arm-none-eabi/12.3.1/../../../../arm-none-eabi/lib/thumb/v7e-m+fp/hard\libc_nano.a(libc_a-mprec.o)
 *fill*         0x08006a8c        0x4 
 .rodata.__mprec_bigtens
                0x08006a90       0x28 C:/ST/STM32CubeIDE_1.16.1/STM32CubeIDE/plugins/com.st.stm32cube.ide.mcu.externaltools.gnu-tools-for-stm32.12.3.rel1.win32_1.0.200.202406191623/tools/bin/../lib/gcc/arm-none-eabi/12.3.1/../../../../arm-none-eabi/lib/thumb/v7e-m+fp/hard\libc_nano.a(libc_a-mprec.o)
                0x08006a90                __mprec_bigtens
 .rodata.__mprec_tens
                0x08006ab8       0xc8 C:/ST/STM32CubeIDE_1.16.1/STM32CubeIDE/plugins/com.st.stm32cube.ide.mcu.externaltools.gnu-tools-for-stm32.12.3.rel1.win32_1.0.200.202406191623/tools/bin/../lib/gcc/arm-none-eabi/12.3.1/../../../../arm-none-eabi/lib/thumb/v7e-m+fp/hard\libc_nano.a(libc_a-mprec.o)
                0x08006ab8                __mprec_tens
 .rodata._vfprintf_r.str1.1
                0x08006b80       0x11 C:/ST/STM32CubeIDE_1.16.1/STM32CubeIDE/plugins/com.st.stm32cube.ide.mcu.externaltools.gnu-tools-for-stm32.12.3.rel1.win32_1.0.200.202406191623/tools/bin/../lib/gcc/arm-none-eabi/12.3.1/../../../../arm-none-eabi/lib/thumb/v7e-m+fp/hard\libc_nano.a(libc_a-nano-vfprintf.o)
 .rodata._setlocale_r.str1.1
                0x08006b91        0x8 C:/ST/STM32CubeIDE_1.16.1/STM32CubeIDE/plugins/com.st.stm32cube.ide.mcu.externaltools.gnu-tools-for-stm32.12.3.rel1.win32_1.0.200.202406191623/tools/bin/../lib/gcc/arm-none-eabi/12.3.1/../../../../arm-none-eabi/lib/thumb/v7e-m+fp/hard\libc_nano.a(libc_a-locale.o)
                                  0x9 (size before relaxing)
 .rodata.str1.1
                0x08006b99        0x2 C:/ST/STM32CubeIDE_1.16.1/STM32CubeIDE/plugins/com.st.stm32cube.ide.mcu.externaltools.gnu-tools-for-stm32.12.3.rel1.win32_1.0.200.202406191623/tools/bin/../lib/gcc/arm-none-eabi/12.3.1/../../../../arm-none-eabi/lib/thumb/v7e-m+fp/hard\libc_nano.a(libc_a-locale.o)
 .rodata._ctype_
                0x08006b9b      0x101 C:/ST/STM32CubeIDE_1.16.1/STM32CubeIDE/plugins/com.st.stm32cube.ide.mcu.externaltools.gnu-tools-for-stm32.12.3.rel1.win32_1.0.200.202406191623/tools/bin/../lib/gcc/arm-none-eabi/12.3.1/../../../../arm-none-eabi/lib/thumb/v7e-m+fp/hard\libc_nano.a(libc_a-ctype_.o)
                0x08006b9b                _ctype_
                0x08006c9c                        . = ALIGN (0x4)

.ARM.extab      0x08006c9c        0x0
                0x08006c9c                        . = ALIGN (0x4)
 *(.ARM.extab* .gnu.linkonce.armextab.*)
                0x08006c9c                        . = ALIGN (0x4)

.ARM            0x08006c9c        0x8
                0x08006c9c                        . = ALIGN (0x4)
                0x08006c9c                        __exidx_start = .
 *(.ARM.exidx*)
 .ARM.exidx     0x08006c9c        0x8 C:/ST/STM32CubeIDE_1.16.1/STM32CubeIDE/plugins/com.st.stm32cube.ide.mcu.externaltools.gnu-tools-for-stm32.12.3.rel1.win32_1.0.200.202406191623/tools/bin/../lib/gcc/arm-none-eabi/12.3.1/../../../../arm-none-eabi/lib/thumb/v7e-m+fp/hard\libc_nano.a(libc_a-memchr.o)
 .ARM.exidx     0x08006ca4        0x0 C:/ST/STM32CubeIDE_1.16.1/STM32CubeIDE/plugins/com.st.stm32cube.ide.mcu.externaltools.gnu-tools-for-stm32.12.3.rel1.win32_1.0.200.202406191623/tools/bin/../lib/gcc/arm-none-eabi/12.3.1/../../../../arm-none-eabi/lib/thumb/v7e-m+fp/hard\libc_nano.a(libc_a-strlen.o)
                                  0x8 (size before relaxing)
                0x08006ca4                        __exidx_end = .
                0x08006ca4                        . = ALIGN (0x4)

.rel.dyn        0x08006ca4        0x0
 .rel.iplt      0x08006ca4        0x0 C:/ST/STM32CubeIDE_1.16.1/STM32CubeIDE/plugins/com.st.stm32cube.ide.mcu.externaltools.gnu-tools-for-stm32.12.3.rel1.win32_1.0.200.202406191623/tools/bin/../lib/gcc/arm-none-eabi/12.3.1/thumb/v7e-m+fp/hard/crtbegin.o

.preinit_array  0x08006ca4        0x0
                0x08006ca4                        . = ALIGN (0x4)
                0x08006ca4                        PROVIDE (__preinit_array_start = .)
 *(.preinit_array*)
                0x08006ca4                        PROVIDE (__preinit_array_end = .)
                0x08006ca4                        . = ALIGN (0x4)

.init_array     0x08006ca4        0x4
                0x08006ca4                        . = ALIGN (0x4)
                0x08006ca4                        PROVIDE (__init_array_start = .)
 *(SORT_BY_NAME(.init_array.*))
 *(.init_array*)
 .init_array    0x08006ca4        0x4 C:/ST/STM32CubeIDE_1.16.1/STM32CubeIDE/plugins/com.st.stm32cube.ide.mcu.externaltools.gnu-tools-for-stm32.12.3.rel1.win32_1.0.200.202406191623/tools/bin/../lib/gcc/arm-none-eabi/12.3.1/thumb/v7e-m+fp/hard/crtbegin.o
                0x08006ca8                        PROVIDE (__init_array_end = .)
                0x08006ca8                        . = ALIGN (0x4)

.fini_array     0x08006ca8        0x4
                0x08006ca8                        . = ALIGN (0x4)
                [!provide]                        PROVIDE (__fini_array_start = .)
 *(SORT_BY_NAME(.fini_array.*))
 *(.fini_array*)
 .fini_array    0x08006ca8        0x4 C:/ST/STM32CubeIDE_1.16.1/STM32CubeIDE/plugins/com.st.stm32cube.ide.mcu.externaltools.gnu-tools-for-stm32.12.3.rel1.win32_1.0.200.202406191623/tools/bin/../lib/gcc/arm-none-eabi/12.3.1/thumb/v7e-m+fp/hard/crtbegin.o
                [!provide]                        PROVIDE (__fini_array_end = .)
                0x08006cac                        . = ALIGN (0x4)
                0x08006cac                        _sidata = LOADADDR (.data)

.data           0x20000000      0x1e0 load address 0x08006cac
                0x20000000                        . = ALIGN (0x4)
                0x20000000                        _sdata = .
 *(.data)
 *(.data*)
 .data.Font_5x7
                0x20000000        0x8 ./core/Src/fonts.o
                0x20000000                Font_5x7
 .data.ST7789_Height
                0x20000008        0x2 ./core/Src/st7789v.o
                0x20000008                ST7789_Height
 .data.ST7789_Width
                0x2000000a        0x2 ./core/Src/st7789v.o
                0x2000000a                ST7789_Width
 .data.SystemCoreClock
                0x2000000c        0x4 ./core/Src/system_stm32g4xx.o
                0x2000000c                SystemCoreClock
 .data.uwTickFreq
                0x20000010        0x4 ./drivers/stm32g4xx_hal/Src/stm32g4xx_hal.o
                0x20000010                uwTickFreq
 .data.uwTickPrio
                0x20000014        0x4 ./drivers/stm32g4xx_hal/Src/stm32g4xx_hal.o
                0x20000014                uwTickPrio
 .data.__sglue  0x20000018        0xc C:/ST/STM32CubeIDE_1.16.1/STM32CubeIDE/plugins/com.st.stm32cube.ide.mcu.externaltools.gnu-tools-for-stm32.12.3.rel1.win32_1.0.200.202406191623/tools/bin/../lib/gcc/arm-none-eabi/12.3.1/../../../../arm-none-eabi/lib/thumb/v7e-m+fp/hard\libc_nano.a(libc_a-findfp.o)
                0x20000018                __sglue
 .data._impure_ptr
                0x20000024        0x4 C:/ST/STM32CubeIDE_1.16.1/STM32CubeIDE/plugins/com.st.stm32cube.ide.mcu.externaltools.gnu-tools-for-stm32.12.3.rel1.win32_1.0.200.202406191623/tools/bin/../lib/gcc/arm-none-eabi/12.3.1/../../../../arm-none-eabi/lib/thumb/v7e-m+fp/hard\libc_nano.a(libc_a-impure.o)
                0x20000024                _impure_ptr
 .data._impure_data
                0x20000028       0x4c C:/ST/STM32CubeIDE_1.16.1/STM32CubeIDE/plugins/com.st.stm32cube.ide.mcu.externaltools.gnu-tools-for-stm32.12.3.rel1.win32_1.0.200.202406191623/tools/bin/../lib/gcc/arm-none-eabi/12.3.1/../../../../arm-none-eabi/lib/thumb/v7e-m+fp/hard\libc_nano.a(libc_a-impure.o)
                0x20000028                _impure_data
 .data.__global_locale
                0x20000074      0x16c C:/ST/STM32CubeIDE_1.16.1/STM32CubeIDE/plugins/com.st.stm32cube.ide.mcu.externaltools.gnu-tools-for-stm32.12.3.rel1.win32_1.0.200.202406191623/tools/bin/../lib/gcc/arm-none-eabi/12.3.1/../../../../arm-none-eabi/lib/thumb/v7e-m+fp/hard\libc_nano.a(libc_a-locale.o)
                0x20000074                __global_locale
 *(.RamFunc)
 *(.RamFunc*)
                0x200001e0                        . = ALIGN (0x4)
                0x200001e0                        _edata = .

.igot.plt       0x200001e0        0x0 load address 0x08006e8c
 .igot.plt      0x200001e0        0x0 C:/ST/STM32CubeIDE_1.16.1/STM32CubeIDE/plugins/com.st.stm32cube.ide.mcu.externaltools.gnu-tools-for-stm32.12.3.rel1.win32_1.0.200.202406191623/tools/bin/../lib/gcc/arm-none-eabi/12.3.1/thumb/v7e-m+fp/hard/crtbegin.o
                0x200001e0                        . = ALIGN (0x4)

.bss            0x200001e0      0x690 load address 0x08006e8c
                0x200001e0                        _sbss = .
                0x200001e0                        __bss_start__ = _sbss
 *(.bss)
 .bss           0x200001e0       0x1c C:/ST/STM32CubeIDE_1.16.1/STM32CubeIDE/plugins/com.st.stm32cube.ide.mcu.externaltools.gnu-tools-for-stm32.12.3.rel1.win32_1.0.200.202406191623/tools/bin/../lib/gcc/arm-none-eabi/12.3.1/thumb/v7e-m+fp/hard/crtbegin.o
 *(.bss*)
 .bss.hdma_spi1_rx
                0x200001fc       0x60 ./core/Src/dma.o
                0x200001fc                hdma_spi1_rx
 .bss.hdma_spi1_tx
                0x2000025c       0x60 ./core/Src/dma.o
                0x2000025c                hdma_spi1_tx
 .bss.hspi1     0x200002bc       0x64 ./core/Src/spi.o
                0x200002bc                hspi1
 .bss.__sbrk_heap_end
                0x20000320        0x4 ./core/Src/sysmem.o
 .bss.stdin_usart
                0x20000324        0x1 ./drivers/bsp/stm32g4_sys.o
 .bss.stderr_usart
                0x20000325        0x1 ./drivers/bsp/stm32g4_sys.o
 .bss.stdout_usart
                0x20000326        0x1 ./drivers/bsp/stm32g4_sys.o
 .bss.initialized
                0x20000327        0x1 ./drivers/bsp/stm32g4_systick.o
 .bss.callback_functions
                0x20000328       0x40 ./drivers/bsp/stm32g4_systick.o
 .bss.structure_handles
                0x20000368      0x17c ./drivers/bsp/stm32g4_timer.o
 .bss.uart_initialized
                0x200004e4        0x2 ./drivers/bsp/stm32g4_uart.o
 *fill*         0x200004e6        0x2 
 .bss.buffer_rx_data_ready
                0x200004e8        0x2 ./drivers/bsp/stm32g4_uart.o
 *fill*         0x200004ea        0x2 
 .bss.buffer_rx_read_index
                0x200004ec        0x8 ./drivers/bsp/stm32g4_uart.o
 .bss.buffer_rx_write_index
                0x200004f4        0x2 ./drivers/bsp/stm32g4_uart.o
 *fill*         0x200004f6        0x2 
 .bss.buffer_rx
                0x200004f8      0x100 ./drivers/bsp/stm32g4_uart.o
 .bss.structure_handles
                0x200005f8      0x128 ./drivers/bsp/stm32g4_uart.o
 .bss.uwTick    0x20000720        0x4 ./drivers/stm32g4xx_hal/Src/stm32g4xx_hal.o
                0x20000720                uwTick
 .bss.__sf      0x20000724      0x138 C:/ST/STM32CubeIDE_1.16.1/STM32CubeIDE/plugins/com.st.stm32cube.ide.mcu.externaltools.gnu-tools-for-stm32.12.3.rel1.win32_1.0.200.202406191623/tools/bin/../lib/gcc/arm-none-eabi/12.3.1/../../../../arm-none-eabi/lib/thumb/v7e-m+fp/hard\libc_nano.a(libc_a-findfp.o)
                0x20000724                __sf
 .bss.__stdio_exit_handler
                0x2000085c        0x4 C:/ST/STM32CubeIDE_1.16.1/STM32CubeIDE/plugins/com.st.stm32cube.ide.mcu.externaltools.gnu-tools-for-stm32.12.3.rel1.win32_1.0.200.202406191623/tools/bin/../lib/gcc/arm-none-eabi/12.3.1/../../../../arm-none-eabi/lib/thumb/v7e-m+fp/hard\libc_nano.a(libc_a-findfp.o)
                0x2000085c                __stdio_exit_handler
 .bss.errno     0x20000860        0x4 C:/ST/STM32CubeIDE_1.16.1/STM32CubeIDE/plugins/com.st.stm32cube.ide.mcu.externaltools.gnu-tools-for-stm32.12.3.rel1.win32_1.0.200.202406191623/tools/bin/../lib/gcc/arm-none-eabi/12.3.1/../../../../arm-none-eabi/lib/thumb/v7e-m+fp/hard\libc_nano.a(libc_a-reent.o)
                0x20000860                errno
 .bss.__lock___malloc_recursive_mutex
                0x20000864        0x1 C:/ST/STM32CubeIDE_1.16.1/STM32CubeIDE/plugins/com.st.stm32cube.ide.mcu.externaltools.gnu-tools-for-stm32.12.3.rel1.win32_1.0.200.202406191623/tools/bin/../lib/gcc/arm-none-eabi/12.3.1/../../../../arm-none-eabi/lib/thumb/v7e-m+fp/hard\libc_nano.a(libc_a-lock.o)
                0x20000864                __lock___malloc_recursive_mutex
 .bss.__lock___sfp_recursive_mutex
                0x20000865        0x1 C:/ST/STM32CubeIDE_1.16.1/STM32CubeIDE/plugins/com.st.stm32cube.ide.mcu.externaltools.gnu-tools-for-stm32.12.3.rel1.win32_1.0.200.202406191623/tools/bin/../lib/gcc/arm-none-eabi/12.3.1/../../../../arm-none-eabi/lib/thumb/v7e-m+fp/hard\libc_nano.a(libc_a-lock.o)
                0x20000865                __lock___sfp_recursive_mutex
 *fill*         0x20000866        0x2 
 .bss.__malloc_sbrk_start
                0x20000868        0x4 C:/ST/STM32CubeIDE_1.16.1/STM32CubeIDE/plugins/com.st.stm32cube.ide.mcu.externaltools.gnu-tools-for-stm32.12.3.rel1.win32_1.0.200.202406191623/tools/bin/../lib/gcc/arm-none-eabi/12.3.1/../../../../arm-none-eabi/lib/thumb/v7e-m+fp/hard\libc_nano.a(libc_a-mallocr.o)
                0x20000868                __malloc_sbrk_start
 .bss.__malloc_free_list
                0x2000086c        0x4 C:/ST/STM32CubeIDE_1.16.1/STM32CubeIDE/plugins/com.st.stm32cube.ide.mcu.externaltools.gnu-tools-for-stm32.12.3.rel1.win32_1.0.200.202406191623/tools/bin/../lib/gcc/arm-none-eabi/12.3.1/../../../../arm-none-eabi/lib/thumb/v7e-m+fp/hard\libc_nano.a(libc_a-mallocr.o)
                0x2000086c                __malloc_free_list
 *(COMMON)
                0x20000870                        . = ALIGN (0x4)
                0x20000870                        _ebss = .
                0x20000870                        __bss_end__ = _ebss

._user_heap_stack
                0x20000870      0x600 load address 0x08006e8c
                0x20000870                        . = ALIGN (0x8)
                [!provide]                        PROVIDE (end = .)
                0x20000870                        PROVIDE (_end = .)
                0x20000a70                        . = (. + _Min_Heap_Size)
 *fill*         0x20000870      0x200 
                0x20000e70                        . = (. + _Min_Stack_Size)
 *fill*         0x20000a70      0x400 
                0x20000e70                        . = ALIGN (0x8)

/DISCARD/
 libc.a(*)
 libm.a(*)
 libgcc.a(*)

.ARM.attributes
                0x00000000       0x30
 *(.ARM.attributes)
 .ARM.attributes
                0x00000000       0x22 C:/ST/STM32CubeIDE_1.16.1/STM32CubeIDE/plugins/com.st.stm32cube.ide.mcu.externaltools.gnu-tools-for-stm32.12.3.rel1.win32_1.0.200.202406191623/tools/bin/../lib/gcc/arm-none-eabi/12.3.1/thumb/v7e-m+fp/hard/crti.o
 .ARM.attributes
                0x00000022       0x34 C:/ST/STM32CubeIDE_1.16.1/STM32CubeIDE/plugins/com.st.stm32cube.ide.mcu.externaltools.gnu-tools-for-stm32.12.3.rel1.win32_1.0.200.202406191623/tools/bin/../lib/gcc/arm-none-eabi/12.3.1/thumb/v7e-m+fp/hard/crtbegin.o
 .ARM.attributes
                0x00000056       0x34 ./core/Src/config.o
 .ARM.attributes
                0x0000008a       0x34 ./core/Src/dma.o
 .ARM.attributes
                0x000000be       0x34 ./core/Src/fonts.o
 .ARM.attributes
                0x000000f2       0x34 ./core/Src/main.o
 .ARM.attributes
                0x00000126       0x34 ./core/Src/spi.o
 .ARM.attributes
                0x0000015a       0x34 ./core/Src/st7789v.o
 .ARM.attributes
                0x0000018e       0x34 ./core/Src/stm32g4xx_hal_msp.o
 .ARM.attributes
                0x000001c2       0x34 ./core/Src/stm32g4xx_it.o
 .ARM.attributes
                0x000001f6       0x34 ./core/Src/syscalls.o
 .ARM.attributes
                0x0000022a       0x34 ./core/Src/sysmem.o
 .ARM.attributes
                0x0000025e       0x34 ./core/Src/system_stm32g4xx.o
 .ARM.attributes
                0x00000292       0x34 ./core/Startup/bootloader.o
 .ARM.attributes
                0x000002c6       0x21 ./core/Startup/startup_stm32g431kbtx.o
 .ARM.attributes
                0x000002e7       0x34 ./drivers/bsp/stm32g4_sys.o
 .ARM.attributes
                0x0000031b       0x34 ./drivers/bsp/stm32g4_systick.o
 .ARM.attributes
                0x0000034f       0x34 ./drivers/bsp/stm32g4_timer.o
 .ARM.attributes
                0x00000383       0x34 ./drivers/bsp/stm32g4_uart.o
 .ARM.attributes
                0x000003b7       0x34 ./drivers/stm32g4xx_hal/Src/stm32g4xx_hal.o
 .ARM.attributes
                0x000003eb       0x34 ./drivers/stm32g4xx_hal/Src/stm32g4xx_hal_cortex.o
 .ARM.attributes
                0x0000041f       0x34 ./drivers/stm32g4xx_hal/Src/stm32g4xx_hal_dma.o
 .ARM.attributes
                0x00000453       0x34 ./drivers/stm32g4xx_hal/Src/stm32g4xx_hal_gpio.o
 .ARM.attributes
                0x00000487       0x34 ./drivers/stm32g4xx_hal/Src/stm32g4xx_hal_pwr_ex.o
 .ARM.attributes
                0x000004bb       0x34 ./drivers/stm32g4xx_hal/Src/stm32g4xx_hal_rcc.o
 .ARM.attributes
                0x000004ef       0x34 ./drivers/stm32g4xx_hal/Src/stm32g4xx_hal_spi.o
 .ARM.attributes
                0x00000523       0x34 ./drivers/stm32g4xx_hal/Src/stm32g4xx_hal_uart.o
 .ARM.attributes
                0x00000557       0x34 ./drivers/stm32g4xx_hal/Src/stm32g4xx_hal_uart_ex.o
 .ARM.attributes
                0x0000058b       0x34 C:/ST/STM32CubeIDE_1.16.1/STM32CubeIDE/plugins/com.st.stm32cube.ide.mcu.externaltools.gnu-tools-for-stm32.12.3.rel1.win32_1.0.200.202406191623/tools/bin/../lib/gcc/arm-none-eabi/12.3.1/../../../../arm-none-eabi/lib/thumb/v7e-m+fp/hard\libc_nano.a(libc_a-assert.o)
 .ARM.attributes
                0x000005bf       0x34 C:/ST/STM32CubeIDE_1.16.1/STM32CubeIDE/plugins/com.st.stm32cube.ide.mcu.externaltools.gnu-tools-for-stm32.12.3.rel1.win32_1.0.200.202406191623/tools/bin/../lib/gcc/arm-none-eabi/12.3.1/../../../../arm-none-eabi/lib/thumb/v7e-m+fp/hard\libc_nano.a(libc_a-nano-vfprintf_float.o)
 .ARM.attributes
                0x000005f3       0x34 C:/ST/STM32CubeIDE_1.16.1/STM32CubeIDE/plugins/com.st.stm32cube.ide.mcu.externaltools.gnu-tools-for-stm32.12.3.rel1.win32_1.0.200.202406191623/tools/bin/../lib/gcc/arm-none-eabi/12.3.1/../../../../arm-none-eabi/lib/thumb/v7e-m+fp/hard\libc_nano.a(libc_a-nano-vfprintf_i.o)
 .ARM.attributes
                0x00000627       0x34 C:/ST/STM32CubeIDE_1.16.1/STM32CubeIDE/plugins/com.st.stm32cube.ide.mcu.externaltools.gnu-tools-for-stm32.12.3.rel1.win32_1.0.200.202406191623/tools/bin/../lib/gcc/arm-none-eabi/12.3.1/../../../../arm-none-eabi/lib/thumb/v7e-m+fp/hard\libc_nano.a(libc_a-findfp.o)
 .ARM.attributes
                0x0000065b       0x34 C:/ST/STM32CubeIDE_1.16.1/STM32CubeIDE/plugins/com.st.stm32cube.ide.mcu.externaltools.gnu-tools-for-stm32.12.3.rel1.win32_1.0.200.202406191623/tools/bin/../lib/gcc/arm-none-eabi/12.3.1/../../../../arm-none-eabi/lib/thumb/v7e-m+fp/hard\libc_nano.a(libc_a-fprintf.o)
 .ARM.attributes
                0x0000068f       0x34 C:/ST/STM32CubeIDE_1.16.1/STM32CubeIDE/plugins/com.st.stm32cube.ide.mcu.externaltools.gnu-tools-for-stm32.12.3.rel1.win32_1.0.200.202406191623/tools/bin/../lib/gcc/arm-none-eabi/12.3.1/../../../../arm-none-eabi/lib/thumb/v7e-m+fp/hard\libc_nano.a(libc_a-fwalk.o)
 .ARM.attributes
                0x000006c3       0x34 C:/ST/STM32CubeIDE_1.16.1/STM32CubeIDE/plugins/com.st.stm32cube.ide.mcu.externaltools.gnu-tools-for-stm32.12.3.rel1.win32_1.0.200.202406191623/tools/bin/../lib/gcc/arm-none-eabi/12.3.1/../../../../arm-none-eabi/lib/thumb/v7e-m+fp/hard\libc_nano.a(libc_a-stdio.o)
 .ARM.attributes
                0x000006f7       0x34 C:/ST/STM32CubeIDE_1.16.1/STM32CubeIDE/plugins/com.st.stm32cube.ide.mcu.externaltools.gnu-tools-for-stm32.12.3.rel1.win32_1.0.200.202406191623/tools/bin/../lib/gcc/arm-none-eabi/12.3.1/../../../../arm-none-eabi/lib/thumb/v7e-m+fp/hard\libc_nano.a(libc_a-memset.o)
 .ARM.attributes
                0x0000072b       0x34 C:/ST/STM32CubeIDE_1.16.1/STM32CubeIDE/plugins/com.st.stm32cube.ide.mcu.externaltools.gnu-tools-for-stm32.12.3.rel1.win32_1.0.200.202406191623/tools/bin/../lib/gcc/arm-none-eabi/12.3.1/../../../../arm-none-eabi/lib/thumb/v7e-m+fp/hard\libc_nano.a(libc_a-localeconv.o)
 .ARM.attributes
                0x0000075f       0x34 C:/ST/STM32CubeIDE_1.16.1/STM32CubeIDE/plugins/com.st.stm32cube.ide.mcu.externaltools.gnu-tools-for-stm32.12.3.rel1.win32_1.0.200.202406191623/tools/bin/../lib/gcc/arm-none-eabi/12.3.1/../../../../arm-none-eabi/lib/thumb/v7e-m+fp/hard\libc_nano.a(libc_a-closer.o)
 .ARM.attributes
                0x00000793       0x34 C:/ST/STM32CubeIDE_1.16.1/STM32CubeIDE/plugins/com.st.stm32cube.ide.mcu.externaltools.gnu-tools-for-stm32.12.3.rel1.win32_1.0.200.202406191623/tools/bin/../lib/gcc/arm-none-eabi/12.3.1/../../../../arm-none-eabi/lib/thumb/v7e-m+fp/hard\libc_nano.a(libc_a-reent.o)
 .ARM.attributes
                0x000007c7       0x34 C:/ST/STM32CubeIDE_1.16.1/STM32CubeIDE/plugins/com.st.stm32cube.ide.mcu.externaltools.gnu-tools-for-stm32.12.3.rel1.win32_1.0.200.202406191623/tools/bin/../lib/gcc/arm-none-eabi/12.3.1/../../../../arm-none-eabi/lib/thumb/v7e-m+fp/hard\libc_nano.a(libc_a-impure.o)
 .ARM.attributes
                0x000007fb       0x34 C:/ST/STM32CubeIDE_1.16.1/STM32CubeIDE/plugins/com.st.stm32cube.ide.mcu.externaltools.gnu-tools-for-stm32.12.3.rel1.win32_1.0.200.202406191623/tools/bin/../lib/gcc/arm-none-eabi/12.3.1/../../../../arm-none-eabi/lib/thumb/v7e-m+fp/hard\libc_nano.a(libc_a-lseekr.o)
 .ARM.attributes
                0x0000082f       0x34 C:/ST/STM32CubeIDE_1.16.1/STM32CubeIDE/plugins/com.st.stm32cube.ide.mcu.externaltools.gnu-tools-for-stm32.12.3.rel1.win32_1.0.200.202406191623/tools/bin/../lib/gcc/arm-none-eabi/12.3.1/../../../../arm-none-eabi/lib/thumb/v7e-m+fp/hard\libc_nano.a(libc_a-readr.o)
 .ARM.attributes
                0x00000863       0x34 C:/ST/STM32CubeIDE_1.16.1/STM32CubeIDE/plugins/com.st.stm32cube.ide.mcu.externaltools.gnu-tools-for-stm32.12.3.rel1.win32_1.0.200.202406191623/tools/bin/../lib/gcc/arm-none-eabi/12.3.1/../../../../arm-none-eabi/lib/thumb/v7e-m+fp/hard\libc_nano.a(libc_a-writer.o)
 .ARM.attributes
                0x00000897       0x34 C:/ST/STM32CubeIDE_1.16.1/STM32CubeIDE/plugins/com.st.stm32cube.ide.mcu.externaltools.gnu-tools-for-stm32.12.3.rel1.win32_1.0.200.202406191623/tools/bin/../lib/gcc/arm-none-eabi/12.3.1/../../../../arm-none-eabi/lib/thumb/v7e-m+fp/hard\libc_nano.a(libc_a-errno.o)
 .ARM.attributes
                0x000008cb       0x34 C:/ST/STM32CubeIDE_1.16.1/STM32CubeIDE/plugins/com.st.stm32cube.ide.mcu.externaltools.gnu-tools-for-stm32.12.3.rel1.win32_1.0.200.202406191623/tools/bin/../lib/gcc/arm-none-eabi/12.3.1/../../../../arm-none-eabi/lib/thumb/v7e-m+fp/hard\libc_nano.a(libc_a-init.o)
 .ARM.attributes
                0x000008ff       0x34 C:/ST/STM32CubeIDE_1.16.1/STM32CubeIDE/plugins/com.st.stm32cube.ide.mcu.externaltools.gnu-tools-for-stm32.12.3.rel1.win32_1.0.200.202406191623/tools/bin/../lib/gcc/arm-none-eabi/12.3.1/../../../../arm-none-eabi/lib/thumb/v7e-m+fp/hard\libc_nano.a(libc_a-lock.o)
 .ARM.attributes
                0x00000933       0x1c C:/ST/STM32CubeIDE_1.16.1/STM32CubeIDE/plugins/com.st.stm32cube.ide.mcu.externaltools.gnu-tools-for-stm32.12.3.rel1.win32_1.0.200.202406191623/tools/bin/../lib/gcc/arm-none-eabi/12.3.1/../../../../arm-none-eabi/lib/thumb/v7e-m+fp/hard\libc_nano.a(libc_a-memchr.o)
 .ARM.attributes
                0x0000094f       0x17 C:/ST/STM32CubeIDE_1.16.1/STM32CubeIDE/plugins/com.st.stm32cube.ide.mcu.externaltools.gnu-tools-for-stm32.12.3.rel1.win32_1.0.200.202406191623/tools/bin/../lib/gcc/arm-none-eabi/12.3.1/../../../../arm-none-eabi/lib/thumb/v7e-m+fp/hard\libc_nano.a(libc_a-strlen.o)
 .ARM.attributes
                0x00000966       0x34 C:/ST/STM32CubeIDE_1.16.1/STM32CubeIDE/plugins/com.st.stm32cube.ide.mcu.externaltools.gnu-tools-for-stm32.12.3.rel1.win32_1.0.200.202406191623/tools/bin/../lib/gcc/arm-none-eabi/12.3.1/../../../../arm-none-eabi/lib/thumb/v7e-m+fp/hard\libc_nano.a(libc_a-abort.o)
 .ARM.attributes
                0x0000099a       0x34 C:/ST/STM32CubeIDE_1.16.1/STM32CubeIDE/plugins/com.st.stm32cube.ide.mcu.externaltools.gnu-tools-for-stm32.12.3.rel1.win32_1.0.200.202406191623/tools/bin/../lib/gcc/arm-none-eabi/12.3.1/../../../../arm-none-eabi/lib/thumb/v7e-m+fp/hard\libc_nano.a(libc_a-dtoa.o)
 .ARM.attributes
                0x000009ce       0x34 C:/ST/STM32CubeIDE_1.16.1/STM32CubeIDE/plugins/com.st.stm32cube.ide.mcu.externaltools.gnu-tools-for-stm32.12.3.rel1.win32_1.0.200.202406191623/tools/bin/../lib/gcc/arm-none-eabi/12.3.1/../../../../arm-none-eabi/lib/thumb/v7e-m+fp/hard\libc_nano.a(libc_a-freer.o)
 .ARM.attributes
                0x00000a02       0x34 C:/ST/STM32CubeIDE_1.16.1/STM32CubeIDE/plugins/com.st.stm32cube.ide.mcu.externaltools.gnu-tools-for-stm32.12.3.rel1.win32_1.0.200.202406191623/tools/bin/../lib/gcc/arm-none-eabi/12.3.1/../../../../arm-none-eabi/lib/thumb/v7e-m+fp/hard\libc_nano.a(libc_a-malloc.o)
 .ARM.attributes
                0x00000a36       0x34 C:/ST/STM32CubeIDE_1.16.1/STM32CubeIDE/plugins/com.st.stm32cube.ide.mcu.externaltools.gnu-tools-for-stm32.12.3.rel1.win32_1.0.200.202406191623/tools/bin/../lib/gcc/arm-none-eabi/12.3.1/../../../../arm-none-eabi/lib/thumb/v7e-m+fp/hard\libc_nano.a(libc_a-mallocr.o)
 .ARM.attributes
                0x00000a6a       0x34 C:/ST/STM32CubeIDE_1.16.1/STM32CubeIDE/plugins/com.st.stm32cube.ide.mcu.externaltools.gnu-tools-for-stm32.12.3.rel1.win32_1.0.200.202406191623/tools/bin/../lib/gcc/arm-none-eabi/12.3.1/../../../../arm-none-eabi/lib/thumb/v7e-m+fp/hard\libc_nano.a(libc_a-mlock.o)
 .ARM.attributes
                0x00000a9e       0x34 C:/ST/STM32CubeIDE_1.16.1/STM32CubeIDE/plugins/com.st.stm32cube.ide.mcu.externaltools.gnu-tools-for-stm32.12.3.rel1.win32_1.0.200.202406191623/tools/bin/../lib/gcc/arm-none-eabi/12.3.1/../../../../arm-none-eabi/lib/thumb/v7e-m+fp/hard\libc_nano.a(libc_a-mprec.o)
 .ARM.attributes
                0x00000ad2       0x34 C:/ST/STM32CubeIDE_1.16.1/STM32CubeIDE/plugins/com.st.stm32cube.ide.mcu.externaltools.gnu-tools-for-stm32.12.3.rel1.win32_1.0.200.202406191623/tools/bin/../lib/gcc/arm-none-eabi/12.3.1/../../../../arm-none-eabi/lib/thumb/v7e-m+fp/hard\libc_nano.a(libc_a-nano-vfprintf.o)
 .ARM.attributes
                0x00000b06       0x34 C:/ST/STM32CubeIDE_1.16.1/STM32CubeIDE/plugins/com.st.stm32cube.ide.mcu.externaltools.gnu-tools-for-stm32.12.3.rel1.win32_1.0.200.202406191623/tools/bin/../lib/gcc/arm-none-eabi/12.3.1/../../../../arm-none-eabi/lib/thumb/v7e-m+fp/hard\libc_nano.a(libc_a-fflush.o)
 .ARM.attributes
                0x00000b3a       0x34 C:/ST/STM32CubeIDE_1.16.1/STM32CubeIDE/plugins/com.st.stm32cube.ide.mcu.externaltools.gnu-tools-for-stm32.12.3.rel1.win32_1.0.200.202406191623/tools/bin/../lib/gcc/arm-none-eabi/12.3.1/../../../../arm-none-eabi/lib/thumb/v7e-m+fp/hard\libc_nano.a(libc_a-makebuf.o)
 .ARM.attributes
                0x00000b6e       0x34 C:/ST/STM32CubeIDE_1.16.1/STM32CubeIDE/plugins/com.st.stm32cube.ide.mcu.externaltools.gnu-tools-for-stm32.12.3.rel1.win32_1.0.200.202406191623/tools/bin/../lib/gcc/arm-none-eabi/12.3.1/../../../../arm-none-eabi/lib/thumb/v7e-m+fp/hard\libc_nano.a(libc_a-wbuf.o)
 .ARM.attributes
                0x00000ba2       0x34 C:/ST/STM32CubeIDE_1.16.1/STM32CubeIDE/plugins/com.st.stm32cube.ide.mcu.externaltools.gnu-tools-for-stm32.12.3.rel1.win32_1.0.200.202406191623/tools/bin/../lib/gcc/arm-none-eabi/12.3.1/../../../../arm-none-eabi/lib/thumb/v7e-m+fp/hard\libc_nano.a(libc_a-wsetup.o)
 .ARM.attributes
                0x00000bd6       0x34 C:/ST/STM32CubeIDE_1.16.1/STM32CubeIDE/plugins/com.st.stm32cube.ide.mcu.externaltools.gnu-tools-for-stm32.12.3.rel1.win32_1.0.200.202406191623/tools/bin/../lib/gcc/arm-none-eabi/12.3.1/../../../../arm-none-eabi/lib/thumb/v7e-m+fp/hard\libc_nano.a(libc_a-signal.o)
 .ARM.attributes
                0x00000c0a       0x34 C:/ST/STM32CubeIDE_1.16.1/STM32CubeIDE/plugins/com.st.stm32cube.ide.mcu.externaltools.gnu-tools-for-stm32.12.3.rel1.win32_1.0.200.202406191623/tools/bin/../lib/gcc/arm-none-eabi/12.3.1/../../../../arm-none-eabi/lib/thumb/v7e-m+fp/hard\libc_nano.a(libc_a-locale.o)
 .ARM.attributes
                0x00000c3e       0x34 C:/ST/STM32CubeIDE_1.16.1/STM32CubeIDE/plugins/com.st.stm32cube.ide.mcu.externaltools.gnu-tools-for-stm32.12.3.rel1.win32_1.0.200.202406191623/tools/bin/../lib/gcc/arm-none-eabi/12.3.1/../../../../arm-none-eabi/lib/thumb/v7e-m+fp/hard\libc_nano.a(libc_a-fstatr.o)
 .ARM.attributes
                0x00000c72       0x34 C:/ST/STM32CubeIDE_1.16.1/STM32CubeIDE/plugins/com.st.stm32cube.ide.mcu.externaltools.gnu-tools-for-stm32.12.3.rel1.win32_1.0.200.202406191623/tools/bin/../lib/gcc/arm-none-eabi/12.3.1/../../../../arm-none-eabi/lib/thumb/v7e-m+fp/hard\libc_nano.a(libc_a-isattyr.o)
 .ARM.attributes
                0x00000ca6       0x34 C:/ST/STM32CubeIDE_1.16.1/STM32CubeIDE/plugins/com.st.stm32cube.ide.mcu.externaltools.gnu-tools-for-stm32.12.3.rel1.win32_1.0.200.202406191623/tools/bin/../lib/gcc/arm-none-eabi/12.3.1/../../../../arm-none-eabi/lib/thumb/v7e-m+fp/hard\libc_nano.a(libc_a-signalr.o)
 .ARM.attributes
                0x00000cda       0x34 C:/ST/STM32CubeIDE_1.16.1/STM32CubeIDE/plugins/com.st.stm32cube.ide.mcu.externaltools.gnu-tools-for-stm32.12.3.rel1.win32_1.0.200.202406191623/tools/bin/../lib/gcc/arm-none-eabi/12.3.1/../../../../arm-none-eabi/lib/thumb/v7e-m+fp/hard\libc_nano.a(libc_a-sbrkr.o)
 .ARM.attributes
                0x00000d0e       0x34 C:/ST/STM32CubeIDE_1.16.1/STM32CubeIDE/plugins/com.st.stm32cube.ide.mcu.externaltools.gnu-tools-for-stm32.12.3.rel1.win32_1.0.200.202406191623/tools/bin/../lib/gcc/arm-none-eabi/12.3.1/../../../../arm-none-eabi/lib/thumb/v7e-m+fp/hard\libc_nano.a(libc_a-memcpy-stub.o)
 .ARM.attributes
                0x00000d42       0x34 C:/ST/STM32CubeIDE_1.16.1/STM32CubeIDE/plugins/com.st.stm32cube.ide.mcu.externaltools.gnu-tools-for-stm32.12.3.rel1.win32_1.0.200.202406191623/tools/bin/../lib/gcc/arm-none-eabi/12.3.1/../../../../arm-none-eabi/lib/thumb/v7e-m+fp/hard\libc_nano.a(libc_a-callocr.o)
 .ARM.attributes
                0x00000d76       0x34 C:/ST/STM32CubeIDE_1.16.1/STM32CubeIDE/plugins/com.st.stm32cube.ide.mcu.externaltools.gnu-tools-for-stm32.12.3.rel1.win32_1.0.200.202406191623/tools/bin/../lib/gcc/arm-none-eabi/12.3.1/../../../../arm-none-eabi/lib/thumb/v7e-m+fp/hard\libc_nano.a(libc_a-mbtowc_r.o)
 .ARM.attributes
                0x00000daa       0x34 C:/ST/STM32CubeIDE_1.16.1/STM32CubeIDE/plugins/com.st.stm32cube.ide.mcu.externaltools.gnu-tools-for-stm32.12.3.rel1.win32_1.0.200.202406191623/tools/bin/../lib/gcc/arm-none-eabi/12.3.1/../../../../arm-none-eabi/lib/thumb/v7e-m+fp/hard\libc_nano.a(libc_a-wctomb_r.o)
 .ARM.attributes
                0x00000dde       0x34 C:/ST/STM32CubeIDE_1.16.1/STM32CubeIDE/plugins/com.st.stm32cube.ide.mcu.externaltools.gnu-tools-for-stm32.12.3.rel1.win32_1.0.200.202406191623/tools/bin/../lib/gcc/arm-none-eabi/12.3.1/../../../../arm-none-eabi/lib/thumb/v7e-m+fp/hard\libc_nano.a(libc_a-ctype_.o)
 .ARM.attributes
                0x00000e12       0x22 C:/ST/STM32CubeIDE_1.16.1/STM32CubeIDE/plugins/com.st.stm32cube.ide.mcu.externaltools.gnu-tools-for-stm32.12.3.rel1.win32_1.0.200.202406191623/tools/bin/../lib/gcc/arm-none-eabi/12.3.1/thumb/v7e-m+fp/hard\libgcc.a(_arm_addsubdf3.o)
 .ARM.attributes